******************************************************************************
                  MSP430 Linker PC v18.1.1                     
******************************************************************************
>> Linked Sat May 26 13:33:25 2018

OUTPUT FILE NAME:   <ss_ADCS_SENSORPROC.out>
ENTRY POINT SYMBOL: "_c_int00_noargs_mpu"  address: 000048c2


MEMORY CONFIGURATION

         name            origin    length      used     unused   attr    fill
----------------------  --------  ---------  --------  --------  ----  --------
  TINYRAM               0000000a   00000016  00000000  00000016  RWIX
  BSL                   00001000   00000800  00000000  00000800  RWIX
  INFOD                 00001800   00000080  00000000  00000080  RWIX
  INFOC                 00001880   00000080  00000000  00000080  RWIX
  INFOB                 00001900   00000080  00000000  00000080  RWIX
  INFOA                 00001980   00000080  00000000  00000080  RWIX
  RAM                   00001c00   00002000  0000133c  00000cc4  RWIX
  FRAM                  00004000   0000bf80  000012eb  0000ac95  RWIX
  JTAGSIGNATURE         0000ff80   00000004  00000004  00000000  RWIX  ffff 
  BSLSIGNATURE          0000ff84   00000004  00000004  00000000  RWIX  ffff 
  IPESIGNATURE          0000ff88   00000008  00000008  00000000  RWIX  ffff 
  INT00                 0000ff90   00000002  00000000  00000002  RWIX
  INT01                 0000ff92   00000002  00000000  00000002  RWIX
  INT02                 0000ff94   00000002  00000000  00000002  RWIX
  INT03                 0000ff96   00000002  00000000  00000002  RWIX
  INT04                 0000ff98   00000002  00000000  00000002  RWIX
  INT05                 0000ff9a   00000002  00000000  00000002  RWIX
  INT06                 0000ff9c   00000002  00000000  00000002  RWIX
  INT07                 0000ff9e   00000002  00000000  00000002  RWIX
  INT08                 0000ffa0   00000002  00000000  00000002  RWIX
  INT09                 0000ffa2   00000002  00000000  00000002  RWIX
  INT10                 0000ffa4   00000002  00000000  00000002  RWIX
  INT11                 0000ffa6   00000002  00000000  00000002  RWIX
  INT12                 0000ffa8   00000002  00000000  00000002  RWIX
  INT13                 0000ffaa   00000002  00000000  00000002  RWIX
  INT14                 0000ffac   00000002  00000000  00000002  RWIX
  INT15                 0000ffae   00000002  00000000  00000002  RWIX
  INT16                 0000ffb0   00000002  00000000  00000002  RWIX
  INT17                 0000ffb2   00000002  00000000  00000002  RWIX
  INT18                 0000ffb4   00000002  00000002  00000000  RWIX
  INT19                 0000ffb6   00000002  00000002  00000000  RWIX
  INT20                 0000ffb8   00000002  00000002  00000000  RWIX
  INT21                 0000ffba   00000002  00000002  00000000  RWIX
  INT22                 0000ffbc   00000002  00000002  00000000  RWIX
  INT23                 0000ffbe   00000002  00000002  00000000  RWIX
  INT24                 0000ffc0   00000002  00000002  00000000  RWIX
  INT25                 0000ffc2   00000002  00000002  00000000  RWIX
  INT26                 0000ffc4   00000002  00000002  00000000  RWIX
  INT27                 0000ffc6   00000002  00000002  00000000  RWIX
  INT28                 0000ffc8   00000002  00000002  00000000  RWIX
  INT29                 0000ffca   00000002  00000002  00000000  RWIX
  INT30                 0000ffcc   00000002  00000002  00000000  RWIX
  INT31                 0000ffce   00000002  00000002  00000000  RWIX
  INT32                 0000ffd0   00000002  00000002  00000000  RWIX
  INT33                 0000ffd2   00000002  00000002  00000000  RWIX
  INT34                 0000ffd4   00000002  00000002  00000000  RWIX
  INT35                 0000ffd6   00000002  00000002  00000000  RWIX
  INT36                 0000ffd8   00000002  00000002  00000000  RWIX
  INT37                 0000ffda   00000002  00000002  00000000  RWIX
  INT38                 0000ffdc   00000002  00000002  00000000  RWIX
  INT39                 0000ffde   00000002  00000002  00000000  RWIX
  INT40                 0000ffe0   00000002  00000002  00000000  RWIX
  INT41                 0000ffe2   00000002  00000002  00000000  RWIX
  INT42                 0000ffe4   00000002  00000002  00000000  RWIX
  INT43                 0000ffe6   00000002  00000002  00000000  RWIX
  INT44                 0000ffe8   00000002  00000002  00000000  RWIX
  INT45                 0000ffea   00000002  00000002  00000000  RWIX
  INT46                 0000ffec   00000002  00000002  00000000  RWIX
  INT47                 0000ffee   00000002  00000002  00000000  RWIX
  INT48                 0000fff0   00000002  00000002  00000000  RWIX
  INT49                 0000fff2   00000002  00000002  00000000  RWIX
  INT50                 0000fff4   00000002  00000002  00000000  RWIX
  INT51                 0000fff6   00000002  00000002  00000000  RWIX
  INT52                 0000fff8   00000002  00000002  00000000  RWIX
  INT53                 0000fffa   00000002  00000002  00000000  RWIX
  INT54                 0000fffc   00000002  00000002  00000000  RWIX
  RESET                 0000fffe   00000002  00000002  00000000  RWIX
  FRAM2                 00010000   00034000  0000980e  0002a7f2  RWIX


SECTION ALLOCATION MAP

 output                                  attributes/
section   page    origin      length       input sections
--------  ----  ----------  ----------   ----------------
.TI.noinit 
*          0    00004000    00000000     UNINITIALIZED

.TI.persistent 
*          0    00004000    0000000a     
                  00004000    00000005     MET.obj (.TI.persistent:recentTime)
                  00004005    00000001     --HOLE-- [fill = 0]
                  00004006    00000004     bsp.obj (.TI.persistent)

.binit     0    00004000    00000000     

.cio       0    0000400a    00000000     UNINITIALIZED

.sysmem    0    0000400c    000000a0     
                  0000400c    00000006     rts430x_lc_rd_eabi.lib : memory.c.obj (.sysmem) [fill = 0]
                  00004012    0000009a     --HOLE-- [fill = 0]

.ipestruct 
*          0    00004400    00000000     UNINITIALIZED

.ipe       0    00004400    00000000     UNINITIALIZED

.ipe_const 
*          0    00004400    00000000     UNINITIALIZED

.ipe:_isr 
*          0    00004400    00000000     UNINITIALIZED

.cinit     0    00005224    000000c8     
                  00005224    000000a6     (.cinit..data.load) [load image, compression = lzss]
                  000052ca    0000000c     (__TI_handler_table)
                  000052d6    00000006     (.cinit..bss.load) [load image, compression = zero_init]
                  000052dc    00000010     (__TI_cinit_table)

.init_array 
*          0    00004000    00000000     UNINITIALIZED

.text:_isr 
*          0    00004400    00000520     
                  00004400    0000023e     can.obj (.text:_isr:ReceivedMsg)
                  0000463e    000000bc     rw.obj (.text:_isr:Timer4_A0_ISR)
                  000046fa    000000b6     analogsensor.obj (.text:_isr:ADC12ISR)
                  000047b0    0000007e     timer.obj (.text:_isr:Timer0_A1_ISR)
                  0000482e    0000004c     MET.obj (.text:_isr:RTC_ISR)
                  0000487a    00000024     uart.obj (.text:_isr:USCI_A0_ISR)
                  0000489e    00000024     uart.obj (.text:_isr:USCI_A1_ISR)
                  000048c2    00000020     rts430x_lc_rd_eabi.lib : boot.c.obj (.text:_isr:_c_int00_noargs_mpu)
                  000048e2    0000001e     rw.obj (.text:_isr:Timer4_A1_ISR)
                  00004900    0000000c     i2c.obj (.text:_isr:USCI_B1_ISR)
                  0000490c    0000000c     i2c.obj (.text:_isr:USCI_B2_ISR)
                  00004918    00000008     rts430x_lc_rd_eabi.lib : isr_trap.asm.obj (.text:_isr:__TI_ISR_TRAP)

.bss       0    00001c00    00000e34     UNINITIALIZED
                  00001c00    000004e8     uart.obj (.bss:buses)
                  000020e8    00000190     debugtools.obj (.bss:debugWriteOutputBuff)
                  00002278    000000f0     debugtools.obj (.bss:registeredDebugEntities)
                  00002368    000000b0     analogsensor.obj (.bss:asensors)
                  00002418    00000090     (.common:busregs)
                  000024a8    0000007c     magnetometer.obj (.bss:mags)
                  00002524    00000060     timer.obj (.bss:polling)
                  00002584    0000004a     (.common:rtDW)
                  000025ce    00000040     debugtools.obj (.bss:debugConsoleInputBuff)
                  0000260e    0000003c     (.common:rtU)
                  0000264a    00000032     adcs_sensorproc_main.obj (.bss:mseg)
                  0000267c    00000032     bsp.obj (.bss:mseg)
                  000026ae    00000030     (.common:rtY)
                  000026de    00000026     imu.obj (.bss:i2cBuff)
                  00002704    00000026     magnetometer.obj (.bss:i2cBuff)
                  0000272a    00000020     i2c.obj (.bss:devices)
                  0000274a    0000001e     (.common:mockData2)
                  00002768    0000001c     timer.obj (.bss:callback)
                  00002784    00000014     imu_io.obj (.bss:rc_imuValid)
                  00002798    00000014     imu_io.obj (.bss:rc_imupx)
                  000027ac    00000014     imu_io.obj (.bss:rc_imupy)
                  000027c0    00000014     imu_io.obj (.bss:rc_imupz)
                  000027d4    00000014     imu_io.obj (.bss:rc_imux)
                  000027e8    00000014     imu_io.obj (.bss:rc_imuy)
                  000027fc    00000014     imu_io.obj (.bss:rc_imuz)
                  00002810    00000014     mag_io.obj (.bss:rc_mag1x)
                  00002824    00000014     mag_io.obj (.bss:rc_mag1y)
                  00002838    00000014     mag_io.obj (.bss:rc_mag1z)
                  0000284c    00000014     mag_io.obj (.bss:rc_mag2x)
                  00002860    00000014     mag_io.obj (.bss:rc_mag2y)
                  00002874    00000014     mag_io.obj (.bss:rc_mag2z)
                  00002888    00000014     mag_io.obj (.bss:rc_magValid)
                  0000289c    00000014     mag_io.obj (.bss:rc_magpx)
                  000028b0    00000014     mag_io.obj (.bss:rc_magpy)
                  000028c4    00000014     mag_io.obj (.bss:rc_magpz)
                  000028d8    00000014     sunsensor_io.obj (.bss:rc_sunValid)
                  000028ec    00000014     sunsensor_io.obj (.bss:rc_suna)
                  00002900    00000014     sunsensor_io.obj (.bss:rc_sunb)
                  00002914    00000014     sunsensor_io.obj (.bss:rc_sunx)
                  00002928    00000014     sunsensor_io.obj (.bss:rc_suny)
                  0000293c    00000014     sunsensor_io.obj (.bss:rc_sunz)
                  00002950    00000014     adcs_sensorproc_main.obj (.bss:rc_temp)
                  00002964    00000014     systeminfo.obj (.bss:sc_info)
                  00002978    00000012     sun_sensor.obj (.bss:i2cBuff)
                  0000298a    0000000c     bsp.obj (.bss)
                  00002996    0000000c     adcs_sensorproc_main.obj (.bss:hseg)
                  000029a2    0000000a     analogsensor.obj (.bss)
                  000029ac    0000000a     sun_sensor.obj (.bss:angleData)
                  000029b6    0000000a     mag_io.obj (.bss)
                  000029c0    00000009     debugtools.obj (.bss)
                  000029c9    00000001     imu.obj (.bss)
                  000029ca    00000008     debugtools.obj (.bss:debug_status)
                  000029d2    00000008     (.common:rtInf)
                  000029da    00000008     (.common:rtM_)
                  000029e2    00000008     (.common:rtMinusInf)
                  000029ea    00000008     (.common:rtNaN)
                  000029f2    00000007     rollcall.obj (.bss)
                  000029f9    00000001     sun_sensor.obj (.bss)
                  000029fa    00000006     i2c.obj (.bss:buses)
                  00002a00    00000006     (.common:idata)
                  00002a06    00000004     debugtools.obj (.bss:cmd_header)
                  00002a0a    00000004     imu_io.obj (.bss)
                  00002a0e    00000004     sunsensor_io.obj (.bss)
                  00002a12    00000004     (.common:CANPacketReceived)
                  00002a16    00000004     (.common:ReceiveCallback0)
                  00002a1a    00000004     (.common:ReceiveCallback1)
                  00002a1e    00000004     (.common:rtInfF)
                  00002a22    00000004     (.common:rtMinusInfF)
                  00002a26    00000004     (.common:rtNaNF)
                  00002a2a    00000004     (.common:spiCallback)
                  00002a2e    00000002     uart.obj (.bss:statusSent$1)
                  00002a30    00000001     (.common:confirmed)
                  00002a31    00000001     (.common:error_bus_not_initialized)
                  00002a32    00000001     (.common:isDist)
                  00002a33    00000001     (.common:spiWriteInProgress)

.data      0    00002a34    00000100     UNINITIALIZED
                  00002a34    00000040     systeminfo.obj (.data:SubsystemModulePaths)
                  00002a74    0000002c     debugtools.obj (.data:DebugEntityFriendlyNames)
                  00002aa0    00000016     analogsensor.obj (.data:ADCIn_ADC12MCTL)
                  00002ab6    00000016     analogsensor.obj (.data:ADCMEMnum_ADC12CSTART)
                  00002acc    00000016     rw.obj (.data)
                  00002ae2    0000000c     rw.obj (.data:avg_window)
                  00002aee    0000000b     debugtools.obj (.data:DebugEntityPathChars)
                  00002af9    00000001     i2c.obj (.data)
                  00002afa    00000008     analogsensor.obj (.data:RefV_ADC12MCTL_Set)
                  00002b02    00000008     analogsensor.obj (.data:RefV_REFCTL0_SetAndOn)
                  00002b0a    00000008     timer.obj (.data)
                  00002b12    00000006     adcs_sensorproc_main.obj (.data:taskCounter$4)
                  00002b18    00000004     adcs_sensorproc_main.obj (.data)
                  00002b1c    00000004     debugtools.obj (.data)
                  00002b20    00000004     rollcall.obj (.data)
                  00002b24    00000003     adcs_sensorproc_main.obj (.data:OverrunFlags$2)
                  00002b27    00000003     analogsensor.obj (.data)
                  00002b2a    00000003     adcs_sensorproc_main.obj (.data:eventFlags$3)
                  00002b2d    00000001     imu.obj (.data)
                  00002b2e    00000002     rts430x_lc_rd_eabi.lib : errno.c.obj (.data)
                  00002b30    00000001     mag_io.obj (.data)
                  00002b31    00000001     magnetometer.obj (.data)
                  00002b32    00000001     sun_sensor.obj (.data)
                  00002b33    00000001     uart.obj (.data)

.stack     0    000037f8    00000408     UNINITIALIZED
                  000037f8    00000004     rts430x_lc_rd_eabi.lib : boot.c.obj (.stack)
                  000037fc    00000404     --HOLE--

$fill000   0    0000ff80    00000004     
                  0000ff80    00000004     --HOLE-- [fill = ffff]

$fill001   0    0000ff84    00000004     
                  0000ff84    00000004     --HOLE-- [fill = ffff]

$fill002   0    0000ff88    00000008     
                  0000ff88    00000008     --HOLE-- [fill = ffff]

LEA        0    0000ffb4    00000002     
                  0000ffb4    00000002     rts430x_lc_rd_eabi.lib : int18.asm.obj (.int18)

PORT8      0    0000ffb6    00000002     
                  0000ffb6    00000002     rts430x_lc_rd_eabi.lib : int19.asm.obj (.int19)

PORT7      0    0000ffb8    00000002     
                  0000ffb8    00000002     rts430x_lc_rd_eabi.lib : int20.asm.obj (.int20)

EUSCI_B3   0    0000ffba    00000002     
                  0000ffba    00000002     rts430x_lc_rd_eabi.lib : int21.asm.obj (.int21)

EUSCI_B2   0    0000ffbc    00000002     
                  0000ffbc    00000002     i2c.obj (.int22)

EUSCI_B1   0    0000ffbe    00000002     
                  0000ffbe    00000002     i2c.obj (.int23)

EUSCI_A3   0    0000ffc0    00000002     
                  0000ffc0    00000002     rts430x_lc_rd_eabi.lib : int24.asm.obj (.int24)

EUSCI_A2   0    0000ffc2    00000002     
                  0000ffc2    00000002     rts430x_lc_rd_eabi.lib : int25.asm.obj (.int25)

PORT6      0    0000ffc4    00000002     
                  0000ffc4    00000002     rts430x_lc_rd_eabi.lib : int26.asm.obj (.int26)

PORT5      0    0000ffc6    00000002     
                  0000ffc6    00000002     can.obj (.int27)

TIMER4_A1 
*          0    0000ffc8    00000002     
                  0000ffc8    00000002     rw.obj (.int28)

TIMER4_A0 
*          0    0000ffca    00000002     
                  0000ffca    00000002     rw.obj (.int29)

AES256     0    0000ffcc    00000002     
                  0000ffcc    00000002     rts430x_lc_rd_eabi.lib : int30.asm.obj (.int30)

RTC_C      0    0000ffce    00000002     
                  0000ffce    00000002     MET.obj (.int31)

PORT4      0    0000ffd0    00000002     
                  0000ffd0    00000002     rts430x_lc_rd_eabi.lib : int32.asm.obj (.int32)

PORT3      0    0000ffd2    00000002     
                  0000ffd2    00000002     rts430x_lc_rd_eabi.lib : int33.asm.obj (.int33)

TIMER3_A1 
*          0    0000ffd4    00000002     
                  0000ffd4    00000002     rts430x_lc_rd_eabi.lib : int34.asm.obj (.int34)

TIMER3_A0 
*          0    0000ffd6    00000002     
                  0000ffd6    00000002     rts430x_lc_rd_eabi.lib : int35.asm.obj (.int35)

PORT2      0    0000ffd8    00000002     
                  0000ffd8    00000002     rts430x_lc_rd_eabi.lib : int36.asm.obj (.int36)

TIMER2_A1 
*          0    0000ffda    00000002     
                  0000ffda    00000002     rts430x_lc_rd_eabi.lib : int37.asm.obj (.int37)

TIMER2_A0 
*          0    0000ffdc    00000002     
                  0000ffdc    00000002     rts430x_lc_rd_eabi.lib : int38.asm.obj (.int38)

PORT1      0    0000ffde    00000002     
                  0000ffde    00000002     rts430x_lc_rd_eabi.lib : int39.asm.obj (.int39)

TIMER1_A1 
*          0    0000ffe0    00000002     
                  0000ffe0    00000002     rts430x_lc_rd_eabi.lib : int40.asm.obj (.int40)

TIMER1_A0 
*          0    0000ffe2    00000002     
                  0000ffe2    00000002     rts430x_lc_rd_eabi.lib : int41.asm.obj (.int41)

DMA        0    0000ffe4    00000002     
                  0000ffe4    00000002     rts430x_lc_rd_eabi.lib : int42.asm.obj (.int42)

EUSCI_A1   0    0000ffe6    00000002     
                  0000ffe6    00000002     uart.obj (.int43)

TIMER0_A1 
*          0    0000ffe8    00000002     
                  0000ffe8    00000002     timer.obj (.int44)

TIMER0_A0 
*          0    0000ffea    00000002     
                  0000ffea    00000002     rts430x_lc_rd_eabi.lib : int45.asm.obj (.int45)

ADC12_B    0    0000ffec    00000002     
                  0000ffec    00000002     analogsensor.obj (.int46)

EUSCI_B0   0    0000ffee    00000002     
                  0000ffee    00000002     rts430x_lc_rd_eabi.lib : int47.asm.obj (.int47)

EUSCI_A0   0    0000fff0    00000002     
                  0000fff0    00000002     uart.obj (.int48)

WDT        0    0000fff2    00000002     
                  0000fff2    00000002     rts430x_lc_rd_eabi.lib : int49.asm.obj (.int49)

TIMER0_B1 
*          0    0000fff4    00000002     
                  0000fff4    00000002     rts430x_lc_rd_eabi.lib : int50.asm.obj (.int50)

TIMER0_B0 
*          0    0000fff6    00000002     
                  0000fff6    00000002     rts430x_lc_rd_eabi.lib : int51.asm.obj (.int51)

COMP_E     0    0000fff8    00000002     
                  0000fff8    00000002     rts430x_lc_rd_eabi.lib : int52.asm.obj (.int52)

UNMI       0    0000fffa    00000002     
                  0000fffa    00000002     rts430x_lc_rd_eabi.lib : int53.asm.obj (.int53)

SYSNMI     0    0000fffc    00000002     
                  0000fffc    00000002     rts430x_lc_rd_eabi.lib : int54.asm.obj (.int54)

.reset     0    0000fffe    00000002     
                  0000fffe    00000002     rts430x_lc_rd_eabi.lib : boot.c.obj (.reset)

.const     0    00004920    00000903     
                  00004920    000003ac     debugtools.obj (.const:.string)
                  00004ccc    00000108     rts430x_lc_rd_eabi.lib : k_rem_pio2.c.obj (.const:ipio2)
                  00004dd4    000000f0     bsp.obj (.const:.string)
                  00004ec4    000000c4     systeminfo.obj (.const:.string)
                  00004f88    000000a4     uart.obj (.const:.string)
                  0000502c    00000080     rts430x_lc_rd_eabi.lib : k_tan.c.obj (.const:xxx)
                  000050ac    00000048     MSP_SP_data.obj (.const:rtConstP)
                  000050f4    00000044     adcs_sensorproc_main.obj (.const:rollcallFunctions)
                  00005138    00000040     rts430x_lc_rd_eabi.lib : k_rem_pio2.c.obj (.const:PIo2)
                  00005178    0000003c     adcs_sensorproc_main.obj (.const:sensorInterfaces)
                  000051b4    00000026     sun_sensor.obj (.const:.string)
                  000051da    00000014     rts430x_lc_rd_eabi.lib : _printfi_min.c.obj (.const:.string)
                  000051ee    0000000e     canwrap.obj (.const:$P$T0$1)
                  000051fc    0000000e     canwrap.obj (.const:$P$T1$2)
                  0000520a    00000008     adcs_sensorproc_main.obj (.const:.string)
                  00005212    00000008     rts430x_lc_rd_eabi.lib : k_rem_pio2.c.obj (.const:init_jk)
                  0000521a    00000004     MSP_SP.obj (.const)
                  0000521e    00000003     can.obj (.const:.string:$P$T1$2)
                  00005221    00000001     --HOLE-- [fill = 0]
                  00005222    00000001     can.obj (.const:.string:$P$T0$1)

.text      0    00010000    0000980e     
                  00010000    00000db6     rts430x_lc_rd_eabi.lib : k_rem_pio2.c.obj (.text:__kernel_rem_pio2)
                  00010db6    000008a8                            : s_tan.c.obj (.text:tan)
                  0001165e    00000508                            : k_tan.c.obj (.text:__kernel_tan)
                  00011b66    00000466                            : frcdivd.c.obj (.text:__TI_frcdivd)
                  00011fcc    0000039c     MSP_SP.obj (.text:MSP_SP_step1)
                  00012368    0000038c     MSP_SP.obj (.text:MSP_SP_step2)
                  000126f4    000002e0     rts430x_lc_rd_eabi.lib : addd.c.obj (.text:__mspabi_addd)
                  000129d4    000002de                            : e_sqrt.c.obj (.text:sqrt)
                  00012cb2    00000280                            : frcmpyd.c.obj (.text:__TI_frcmpyd)
                  00012f32    00000266                            : mpyd.c.obj (.text:__mspabi_mpyd)
                  00013198    00000248                            : frcaddd.c.obj (.text:__TI_frcaddd)
                  000133e0    0000022c     MSP_SP.obj (.text:MSP_SP_step0)
                  0001360c    00000222     rts430x_lc_rd_eabi.lib : divd.c.obj (.text:__mspabi_divd)
                  0001382e    0000020e     magnetometer.obj (.text:magReadXYZData)
                  00013a3c    000001c4     rts430x_lc_rd_eabi.lib : s_floor.c.obj (.text:floor)
                  00013c00    00000192     agglib.obj (.text:aggVec_push)
                  00013d92    0000018a     canwrap.obj (.text:canWrapInitWithFilter)
                  00013f1c    00000168     sunsensor_io.obj (.text:sunsensorioSendBackchannel)
                  00014084    00000160     uart.obj (.text:uartReportStatus)
                  000141e4    0000015a     rts430x_lc_rd_eabi.lib : s_scalbn.c.obj (.text:scalbn)
                  0001433e    00000132                            : _printfi_min.c.obj (.text:_setfield)
                  00014470    00000132                            : fs_add.asm.obj (.text)
                  000145a2    00000120     bsp.obj (.text:bspInit)
                  000146c2    0000011a     imu_io.obj (.text:imuioSendBackchannel)
                  000147dc    0000010e     i2c.obj (.text:i2cCoreRead)
                  000148ea    00000104     debugtools.obj (.text:debugInvokeActionHandlers)
                  000149ee    000000fc     debugtools.obj (.text:debugReadCallback)
                  00014aea    000000fa     uart.obj (.text:uartInit)
                  00014be4    000000f8     i2c.obj (.text:i2cCoreWrite)
                  00014cdc    000000ee     canwrap.obj (.text:encoderc_adcs_sp_15)
                  00014dca    000000de     uart.obj (.text:uartTransmit)
                  00014ea8    000000dc     rts430x_lc_rd_eabi.lib : _printfi_min.c.obj (.text:__TI_printfi_minimal)
                  00014f84    000000dc                            : s_floorf.c.obj (.text:floorf)
                  00015060    000000dc     timer.obj (.text:initializeTimer)
                  0001513c    000000da     rts430x_lc_rd_eabi.lib : _printfi_min.c.obj (.text:_pproc_diouxp)
                  00015216    000000da     analogsensor.obj (.text:configSequence)
                  000152f0    000000d8     rts430x_lc_rd_eabi.lib : cmpd.c.obj (.text:__mspabi_cmpd)
                  000153c8    000000d4     can.obj (.text:canSend)
                  0001549c    000000d4     i2c.obj (.text:populateBusRegisters)
                  00015570    000000d4     adcs_sensorproc_main.obj (.text:rt_OneStep)
                  00015644    000000ce     timer.obj (.text:timerCallbackInitializer)
                  00015712    000000ca     sunsensor_io.obj (.text:sunsensorioSendCAN)
                  000157dc    000000c8     mag_io.obj (.text:magioSendBackchannelVector)
                  000158a4    000000c0     can.obj (.text:canInit)
                  00015964    000000c0     canwrap.obj (.text:encoderc_adcs_sp_14)
                  00015a24    000000c0     canwrap.obj (.text:encodesensorproc_imu)
                  00015ae4    000000c0     canwrap.obj (.text:encodesensorproc_mag)
                  00015ba4    000000bc     analogsensor.obj (.text:configChannel)
                  00015c60    000000b8     rts430x_lc_rd_eabi.lib : fs_mpy.asm.obj (.text)
                  00015d18    000000b4     canwrap.obj (.text:encoderc_adcs_sp_1)
                  00015dcc    000000b2     rts430x_lc_rd_eabi.lib : renormd.c.obj (.text:__TI_renormd)
                  00015e7e    000000b2     canwrap.obj (.text:encoderc_adcs_sp_10)
                  00015f30    000000b2     canwrap.obj (.text:encoderc_adcs_sp_13)
                  00015fe2    000000b2     canwrap.obj (.text:encoderc_adcs_sp_4)
                  00016094    000000b2     canwrap.obj (.text:encoderc_adcs_sp_6)
                  00016146    000000b2     canwrap.obj (.text:encoderc_adcs_sp_7)
                  000161f8    000000b2     canwrap.obj (.text:encoderc_adcs_sp_8)
                  000162aa    000000b0     debugtools.obj (.text:bcbinPopulateMeta)
                  0001635a    000000ae     canwrap.obj (.text:encoderc_adcs_sp_11)
                  00016408    000000ae     canwrap.obj (.text:encoderc_adcs_sp_12)
                  000164b6    000000ae     canwrap.obj (.text:encoderc_adcs_sp_3)
                  00016564    000000ae     canwrap.obj (.text:encoderc_adcs_sp_9)
                  00016612    000000ae     canwrap.obj (.text:encodesensorproc_sun)
                  000166c0    000000ac     spi.obj (.text:spiTransceive)
                  0001676c    000000aa     canwrap.obj (.text:encoderc_adcs_sp_16)
                  00016816    000000aa     canwrap.obj (.text:encoderc_adcs_sp_2)
                  000168c0    000000aa     canwrap.obj (.text:encoderc_adcs_sp_5)
                  0001696a    000000a6     imu_io.obj (.text:imuioSendCAN)
                  00016a10    000000a6     mag_io.obj (.text:magioSendCAN)
                  00016ab6    000000a6     rts430x_lc_rd_eabi.lib : s_roundf.c.obj (.text:roundf)
                  00016b5c    000000a6     timer.obj (.text:startCallback)
                  00016c02    0000009e     rts430x_lc_rd_eabi.lib : fltlid.c.obj (.text:__mspabi_fltlid)
                  00016ca0    0000009e     canwrap.obj (.text:canSendPacket)
                  00016d3e    0000009c     i2c.obj (.text:i2cInit)
                  00016dda    0000009a     adcs_sensorproc_main.obj (.text:main)
                  00016e74    00000094     imu_io.obj (.text:imuioUpdate)
                  00016f08    00000090     rts430x_lc_rd_eabi.lib : fs_div.asm.obj (.text)
                  00016f98    0000008c                            : cvtdf.c.obj (.text:__mspabi_cvtdf)
                  00017024    0000008c     rollcall.obj (.text:rollcallUpdate)
                  000170b0    00000084     debugtools.obj (.text:processCommand)
                  00017134    00000080     rts430x_lc_rd_eabi.lib : fltuld.c.obj (.text:__mspabi_fltuld)
                  000171b4    00000080     imu.obj (.text:imuInit)
                  00017234    0000007c     can.obj (.text:setTheFilter)
                  000172b0    0000007a     sunsensor_io.obj (.text:sunsensorioUpdate)
                  0001732a    00000078     bsp.obj (.text:infoReport)
                  000173a2    00000078     analogsensor.obj (.text:initializeVoltageRef)
                  0001741a    00000076     rts430x_lc_rd_eabi.lib : copy_decompress_lzss.c.obj (.text:decompress:lzss:__TI_decompress_lzss)
                  00017490    00000074     spi.obj (.text:spiInit)
                  00017504    00000072     debugtools.obj (.text:coreCallSimpleHandlers)
                  00017576    00000072     canwrap.obj (.text:encoderc_adcs_sp_17)
                  000175e8    00000070     mag_io.obj (.text:update2)
                  00017658    0000006e     uart.obj (.text:handleUCTXIFG)
                  000176c6    00000068     rts430x_lc_rd_eabi.lib : fixdul.c.obj (.text:__mspabi_fixdul)
                  0001772e    00000068     analogsensor.obj (.text:coreActivateChannel)
                  00017796    00000068     rts430x_lc_rd_eabi.lib : fs_toi.asm.obj (.text)
                  000177fe    00000066                            : cvtfd.c.obj (.text:__mspabi_cvtfd)
                  00017864    00000066                            : fixdli.c.obj (.text:__mspabi_fixdli)
                  000178ca    00000062     MET.obj (.text:METInit)
                  0001792c    00000062     MSP_SP.obj (.text:rt_InitInfAndNaN)
                  0001798e    00000062     mag_io.obj (.text:update1)
                  000179f0    00000060     debugtools.obj (.text:actionCallback)
                  00017a50    0000005e     adcs_sensorproc_main.obj (.text:sendHealthSegment)
                  00017aae    0000005c     mag_io.obj (.text:magioInit)
                  00017b0a    0000005a     canwrap.obj (.text:decodemtq_ack)
                  00017b64    0000005a     MSP_SP.obj (.text:rtIsInf)
                  00017bbe    00000058     imu_io.obj (.text:imuioRcPopulate3)
                  00017c16    00000058     rts430x_lc_rd_eabi.lib : div32u.asm.obj (.text)
                  00017c6e    00000056     can.obj (.text:canTxCheck)
                  00017cc4    00000056     rts430x_lc_rd_eabi.lib : vsnprintf.c.obj (.text:vsnprintf)
                  00017d1a    00000054                            : autoinit.c.obj (.text:__TI_auto_init_nobinit_nopinit_hold_wdt:__TI_auto_init_nobinit_nopinit_hold_wdt)
                  00017d6e    00000052     adcs_sensorproc_main.obj (.text:rcPopulate1)
                  00017dc0    00000052     debugtools.obj (.text:reportStatusCallback)
                  00017e12    00000050     adcs_sensorproc_main.obj (.text:canRxCallback)
                  00017e62    00000050     mag_io.obj (.text:isValidRange)
                  00017eb2    00000050     mag_io.obj (.text:magioRcPopulate12)
                  00017f02    00000050     mag_io.obj (.text:magioRcPopulate9)
                  00017f52    0000004e     mag_io.obj (.text:sendBackchannel)
                  00017fa0    0000004c     imu.obj (.text:imuReadGyroAccelData)
                  00017fec    0000004c     rts430x_lc_rd_eabi.lib : fs_toul.asm.obj (.text)
                  00018038    0000004c     mag_io.obj (.text:setOutput)
                  00018084    0000004c     adcs_sensorproc_main.obj (.text:step)
                  000180d0    0000004c     canwrap.obj (.text:wrapCB0)
                  0001811c    0000004c     canwrap.obj (.text:wrapCB1)
                  00018168    0000004a     uart.obj (.text:handleUCRXIFG)
                  000181b2    0000004a     rts430x_lc_rd_eabi.lib : fs_cmp.asm.obj (.text)
                  000181fc    00000048                            : _printfi_min.c.obj (.text:_pproc_str)
                  00018244    00000048     imu_io.obj (.text:imuioRcPopulate15)
                  0001828c    00000048     imu_io.obj (.text:imuioRcPopulate16)
                  000182d4    00000048     imu_io.obj (.text:imuioRcPopulate2)
                  0001831c    00000048     magnetometer.obj (.text:magInit)
                  00018364    00000048     mag_io.obj (.text:magioRcPopulate10)
                  000183ac    00000048     mag_io.obj (.text:magioRcPopulate11)
                  000183f4    00000048     mag_io.obj (.text:magioRcPopulate7)
                  0001843c    00000048     mag_io.obj (.text:magioRcPopulate8)
                  00018484    00000048     sun_sensor.obj (.text:sunSensorReadAngle)
                  000184cc    00000048     sunsensor_io.obj (.text:sunsensorioRcPopulate14)
                  00018514    00000048     sunsensor_io.obj (.text:sunsensorioRcPopulate5)
                  0001855c    00000046     debugtools.obj (.text:debugInit)
                  000185a2    00000044     debugtools.obj (.text:debugRegisterEntity)
                  000185e6    00000042     imu_io.obj (.text:imuioInit)
                  00018628    00000040     rts430x_lc_rd_eabi.lib : div32s.asm.obj (.text)
                  00018668    0000003e                            : asr32.asm.obj (.text:l_asr_const)
                  000186a6    0000003e                            : lsl32.asm.obj (.text:l_lsl_const)
                  000186e4    0000003e                            : lsr32.asm.obj (.text:l_lsr_const)
                  00018722    0000003c     analogsensor.obj (.text:asensorInit)
                  0001875e    0000003c     debugtools.obj (.text:debugInvokeActionHandler)
                  0001879a    0000003c     debugtools.obj (.text:debugTraceF)
                  000187d6    0000003a     rts430x_lc_rd_eabi.lib : lsl64.c.obj (.text:__mspabi_sllll)
                  00018810    0000003a     rollcall.obj (.text:populateAll)
                  0001884a    0000003a     can.obj (.text:readRegister)
                  00018884    00000038     debugtools.obj (.text:displayPrompt)
                  000188bc    00000038     mag_io.obj (.text:isValid)
                  000188f4    00000038     sunsensor_io.obj (.text:sunsensorioInit)
                  0001892c    00000036     rts430x_lc_rd_eabi.lib : vsnprintf.c.obj (.text:_outs)
                  00018962    00000036                            : fs_itof.asm.obj (.text)
                  00018998    00000034     sunsensor_io.obj (.text:sunsensorioRcPopulate13)
                  000189cc    00000034     sunsensor_io.obj (.text:sunsensorioRcPopulate4)
                  00018a00    00000032     rts430x_lc_rd_eabi.lib : subd.c.obj (.text:__mspabi_subd)
                  00018a32    00000032     debugtools.obj (.text:debugPrintF)
                  00018a64    00000032     imu.obj (.text:imuConvertRPSToRaw)
                  00018a96    00000032     magnetometer.obj (.text:magConvertTeslasToRaw)
                  00018ac8    00000032     rts430x_lc_rd_eabi.lib : fs_ultof.asm.obj (.text)
                  00018afa    00000032                            : strncpy.c.obj (.text:strncpy)
                  00018b2c    00000030     sun_sensor.obj (.text:checkSize)
                  00018b5c    00000030     imu_io.obj (.text:imuioRcPopulate17)
                  00018b8c    00000030     sun_sensor.obj (.text:sunSensorInit)
                  00018bbc    00000030     sunsensor_io.obj (.text:sunsensorioRcPopulate6)
                  00018bec    0000002e     rts430x_lc_rd_eabi.lib : negd.c.obj (.text:__mspabi_negd)
                  00018c1a    0000002e     agglib.obj (.text:aggVec_max)
                  00018c48    0000002e     agglib.obj (.text:aggVec_min)
                  00018c76    0000002e     agglib.obj (.text:aggVec_sum)
                  00018ca4    0000002e     rts430x_lc_rd_eabi.lib : s_copysign.c.obj (.text:copysign)
                  00018cd2    0000002e     canwrap.obj (.text:reverseArray)
                  00018d00    0000002c     MSPMPU_INIT_LIB_CCS_msp430_large_code_restricted_data.lib : mpu_init.o (.text:__mpu_init)
                  00018d2c    0000002c     magnetometer.obj (.text:normalOperationConfig)
                  00018d58    0000002c     rts430x_lc_rd_eabi.lib : div16s.asm.obj (.text)
                  00018d84    0000002a     can.obj (.text:bitModify)
                  00018dae    0000002a     imu.obj (.text:imuConvertRawToRPS)
                  00018dd8    0000002a     magnetometer.obj (.text:magConvertRawToTeslas)
                  00018e02    0000002a     sunsensor_io.obj (.text:rawToShort)
                  00018e2c    0000002a     can.obj (.text:readStatus)
                  00018e56    00000028     rts430x_lc_rd_eabi.lib : fixdi.c.obj (.text:__mspabi_fixdi)
                  00018e7e    00000028     agglib.obj (.text:aggVec_as_reset)
                  00018ea6    00000028     agglib.obj (.text:aggVec_max_reset)
                  00018ece    00000028     agglib.obj (.text:aggVec_min_reset)
                  00018ef6    00000028     mag_io.obj (.text:magioRcPopulate6)
                  00018f1e    00000026     analogsensor.obj (.text:asensorReadSingleSensorRaw)
                  00018f44    00000026     adcs_sensorproc_main.obj (.text:initSensorInterfaces)
                  00018f6a    00000026     mag_io.obj (.text:magioHandleCAN)
                  00018f90    00000026     can.obj (.text:requestToSend)
                  00018fb6    00000026     adcs_sensorproc_main.obj (.text:sendSensorBackchannel)
                  00018fdc    00000026     adcs_sensorproc_main.obj (.text:sendSensorCAN)
                  00019002    00000026     can.obj (.text:setRegister)
                  00019028    00000026     uart.obj (.text:uartRegisterRxCallback)
                  0001904e    00000026     adcs_sensorproc_main.obj (.text:updateSensorInterfaces)
                  00019074    00000024     bsp.obj (.text:bspI2CInit)
                  00019098    00000024     bsp.obj (.text:bspUARTInit)
                  000190bc    00000024     rts430x_lc_rd_eabi.lib : copy_zero_init.c.obj (.text:decompress:ZI:__TI_zero_init)
                  000190e0    00000024     adcs_sensorproc_main.obj (.text:rcPopulate13)
                  00019104    00000024     adcs_sensorproc_main.obj (.text:rcPopulate14)
                  00019128    00000024     adcs_sensorproc_main.obj (.text:rcPopulate4)
                  0001914c    00000024     adcs_sensorproc_main.obj (.text:rcPopulate6)
                  00019170    00000024     rts430x_lc_rd_eabi.lib : fs_utof.asm.obj (.text)
                  00019194    00000024                            : mult32_f5hw.asm.obj (.text)
                  000191b8    00000022     agglib.obj (.text:aggVec_avg_i_i)
                  000191da    00000020     rts430x_lc_rd_eabi.lib : vsnprintf.c.obj (.text:_outc)
                  000191fa    0000001e     systeminfo.obj (.text:coreStartup)
                  00019218    0000001e     debugtools.obj (.text:debugInvokeInfoHandlers)
                  00019236    0000001e     debugtools.obj (.text:debugInvokeStatusHandlers)
                  00019254    0000001e     debugtools.obj (.text:debugSetMode)
                  00019272    0000001e     analogsensor.obj (.text:enableSingleSampleMode)
                  00019290    0000001e     rts430x_lc_rd_eabi.lib : memccpy.c.obj (.text:memccpy)
                  000192ae    0000001e     adcs_sensorproc_main.obj (.text:rcPopulate10)
                  000192cc    0000001e     adcs_sensorproc_main.obj (.text:rcPopulate11)
                  000192ea    0000001e     adcs_sensorproc_main.obj (.text:rcPopulate12)
                  00019308    0000001e     adcs_sensorproc_main.obj (.text:rcPopulate15)
                  00019326    0000001e     adcs_sensorproc_main.obj (.text:rcPopulate16)
                  00019344    0000001e     adcs_sensorproc_main.obj (.text:rcPopulate17)
                  00019362    0000001e     adcs_sensorproc_main.obj (.text:rcPopulate2)
                  00019380    0000001e     adcs_sensorproc_main.obj (.text:rcPopulate3)
                  0001939e    0000001e     adcs_sensorproc_main.obj (.text:rcPopulate5)
                  000193bc    0000001e     adcs_sensorproc_main.obj (.text:rcPopulate7)
                  000193da    0000001e     adcs_sensorproc_main.obj (.text:rcPopulate8)
                  000193f8    0000001e     adcs_sensorproc_main.obj (.text:rcPopulate9)
                  00019416    0000001e     uart.obj (.text:uartSetEchoOff)
                  00019434    0000001e     uart.obj (.text:uartSetEchoOn)
                  00019452    0000001c     analogsensor.obj (.text:enableMultiSampleMode)
                  0001946e    0000001c     imu_io.obj (.text:imuioRcPopulate4)
                  0001948a    0000001c     sunsensor_io.obj (.text:isValid)
                  000194a6    0000001c     mag_io.obj (.text:magioRcPopulate13)
                  000194c2    0000001c     mag_io.obj (.text:magioRcPopulate14)
                  000194de    0000001a     adcs_sensorproc_main.obj (.text:sendMetaSegment)
                  000194f8    00000018     agglib.obj (.text:aggVec_push_i)
                  00019510    00000018     uart.obj (.text:disableUARTInterrupts)
                  00019528    00000018     uart.obj (.text:enableUARTInterrupts)
                  00019540    00000018     rts430x_lc_rd_eabi.lib : mult16_f5hw.asm.obj (.text)
                  00019558    00000016     agglib.obj (.text:aggVec_max_i)
                  0001956e    00000016     agglib.obj (.text:aggVec_min_i)
                  00019584    00000016     agglib.obj (.text:aggVec_sum_i)
                  0001959a    00000016     canwrap.obj (.text:canWrapInit)
                  000195b0    00000016     rts430x_lc_rd_eabi.lib : memset.c.obj (.text:memset)
                  000195c6    00000016                            : div16u.asm.obj (.text)
                  000195dc    00000014     MSP_SP.obj (.text:MSP_SP_initialize)
                  000195f0    00000014     rts430x_lc_rd_eabi.lib : memcpy.c.obj (.text:memcpy)
                  00019604    00000012     bsp.obj (.text:bspGetChipID)
                  00019616    00000012     rts430x_lc_rd_eabi.lib : copy_decompress_none.c.obj (.text:decompress:none:__TI_decompress_none)
                  00019628    00000012     analogsensor.obj (.text:initializeTempSensor)
                  0001963a    00000010     debugtools.obj (.text:bcbinPopulateHeader)
                  0001964a    00000010     systeminfo.obj (.text:getSubsystemModulePath)
                  0001965a    00000010     rts430x_lc_rd_eabi.lib : asr32.asm.obj (.text:l_asr)
                  0001966a    00000010                            : lsl32.asm.obj (.text:l_lsl)
                  0001967a    00000010                            : lsr32.asm.obj (.text:l_lsr)
                  0001968a    0000000e     debugtools.obj (.text:bcbinSendPacket)
                  00019698    0000000e     rollcall.obj (.text:hasPacketBuffer)
                  000196a6    0000000e     mag_io.obj (.text:magioSendBackchannel1)
                  000196b4    0000000e     mag_io.obj (.text:magioSendBackchannel2)
                  000196c2    0000000e     rollcall.obj (.text:rollcallInit)
                  000196d0    0000000e     MSP_SP.obj (.text:rtGetInf)
                  000196de    0000000e     MSP_SP.obj (.text:rtGetMinusInf)
                  000196ec    0000000e     MSP_SP.obj (.text:rtGetNaN)
                  000196fa    0000000e     rts430x_lc_rd_eabi.lib : strlen.c.obj (.text:strlen)
                  00019708    0000000c                            : fltid.c.obj (.text:__mspabi_fltid)
                  00019714    0000000a     agglib.obj (.text:aggVec_init_i)
                  0001971e    0000000a     agglib.obj (.text:aggVec_mm_reset)
                  00019728    0000000a     agglib.obj (.text:aggVec_reset)
                  00019732    0000000a     bsp.obj (.text:bspGetResetCount)
                  0001973c    0000000a     debugtools.obj (.text:debugInvokeStatusHandler)
                  00019746    0000000a     mag_io.obj (.text:magioSendBackchannel)
                  00019750    0000000a     mag_io.obj (.text:magioUpdate)
                  0001975a    0000000a     debugtools.obj (.text:normalizeTraceLevel)
                  00019764    0000000a     rts430x_lc_rd_eabi.lib : fs_neg.asm.obj (.text)
                  0001976e    0000000a                            : lsl16.asm.obj (.text)
                  00019778    00000008     analogsensor.obj (.text:asensorReadIntTempRawC)
                  00019780    00000008     can.obj (.text:disableCanInterrupt)
                  00019788    00000008     can.obj (.text:enableCanInterrupt)
                  00019790    00000008     i2c.obj (.text:i2cMasterRead)
                  00019798    00000008     i2c.obj (.text:i2cMasterWrite)
                  000197a0    00000008     rollcall.obj (.text:rollcallStart)
                  000197a8    00000008     MSP_SP.obj (.text:rtGetInfF)
                  000197b0    00000008     MSP_SP.obj (.text:rtGetMinusInfF)
                  000197b8    00000008     MSP_SP.obj (.text:rtGetNaNF)
                  000197c0    00000006     rts430x_lc_rd_eabi.lib : exit.c.obj (.text:abort)
                  000197c6    00000006     bsp.obj (.text:bspGetHWSWMatchState)
                  000197cc    00000006     bsp.obj (.text:bspGetModule)
                  000197d2    00000006     debugtools.obj (.text:debugGetCommMatchState)
                  000197d8    00000006     bsp.obj (.text:enforceHWSWLock)
                  000197de    00000006     rollcall.obj (.text:rollcallQueueLength)
                  000197e4    00000006     canwrap.obj (.text:setCANPacketRxCallback)
                  000197ea    00000006     can.obj (.text:setReceiveCallback0)
                  000197f0    00000006     can.obj (.text:setReceiveCallback1)
                  000197f6    00000006     adcs_sensorproc_main.obj (.text:triggerStep)
                  000197fc    00000004     rts430x_lc_rd_eabi.lib : pre_init.c.obj (.text:_system_pre_init)
                  00019800    00000004     adcs_sensorproc_main.obj (.text:handlePPTFiringNotification)
                  00019804    00000004     timer.obj (.text:no_op_func)
                  00019808    00000002     can.obj (.text:DummyCallback)
                  0001980a    00000002     rts430x_lc_rd_eabi.lib : startup.c.obj (.text:_system_post_cinit)
                  0001980c    00000002     spi.obj (.text:dummyFn)

MODULE SUMMARY

       Module                       code    ro data   rw data
       ------                       ----    -------   -------
    .\
       mag_io.obj                   1588    0         241    
       adcs_sensorproc_main.obj     1390    136       116    
       sunsensor_io.obj             1106    0         124    
       imu_io.obj                   1042    0         144    
    +--+----------------------------+-------+---------+---------+
       Total:                       5126    136       625    
                                                             
    .\autocode\
       MSP_SP.obj                   2662    4         226    
       MSP_SP_data.obj              0       72        0      
    +--+----------------------------+-------+---------+---------+
       Total:                       2662    76        226    
                                                             
    .\dsbase\actuators\
       rw.obj                       218     4         34     
    +--+----------------------------+-------+---------+---------+
       Total:                       218     4         34     
                                                             
    .\dsbase\bsp\
       bsp.obj                      526     240       66     
    +--+----------------------------+-------+---------+---------+
       Total:                       526     240       66     
                                                             
    .\dsbase\core\
       debugtools.obj               1622    940       784    
       uart.obj                     1226    168       1259   
       can.obj                      1436    6         0      
       i2c.obj                      926     4         183    
       timer.obj                    722     2         132    
       agglib.obj                   814     0         0      
       spi.obj                      290     0         0      
       MET.obj                      174     2         7      
    +--+----------------------------+-------+---------+---------+
       Total:                       7210    1122      2365   
                                                             
    .\dsbase\interfaces\
       canwrap.obj                  4424    28        0      
       systeminfo.obj               46      196       84     
       rollcall.obj                 240     0         11     
    +--+----------------------------+-------+---------+---------+
       Total:                       4710    224       95     
                                                             
    .\dsbase\sensors\
       analogsensor.obj             994     2         249    
       magnetometer.obj             734     0         163    
       imu.obj                      296     0         46     
       sun_sensor.obj               168     38        30     
    +--+----------------------------+-------+---------+---------+
       Total:                       2192    40        488    
                                                             
    C:\ti\ccsv8\ccs_base\msp430\lib\FR59xx\MSPMPU_INIT_LIB_CCS_msp430_large_code_restricted_data.lib
       mpu_init.o                   44      0         0      
    +--+----------------------------+-------+---------+---------+
       Total:                       44      0         0      
                                                             
    C:\ti\ccsv8\tools\compiler\ti-cgt-msp430_18.1.1.LTS\lib\rts430x_lc_rd_eabi.lib
       k_rem_pio2.c.obj             3510    336       0      
       s_tan.c.obj                  2216    0         0      
       k_tan.c.obj                  1288    128       0      
       frcdivd.c.obj                1126    0         0      
       _printfi_min.c.obj           816     20        0      
       addd.c.obj                   736     0         0      
       e_sqrt.c.obj                 734     0         0      
       frcmpyd.c.obj                640     0         0      
       mpyd.c.obj                   614     0         0      
       frcaddd.c.obj                584     0         0      
       divd.c.obj                   546     0         0      
       s_floor.c.obj                452     0         0      
       s_scalbn.c.obj               346     0         0      
       fs_add.asm.obj               306     0         0      
       s_floorf.c.obj               220     0         0      
       cmpd.c.obj                   216     0         0      
       fs_mpy.asm.obj               184     0         0      
       renormd.c.obj                178     0         0      
       vsnprintf.c.obj              172     0         0      
       s_roundf.c.obj               166     0         0      
       fltlid.c.obj                 158     0         0      
       fs_div.asm.obj               144     0         0      
       cvtdf.c.obj                  140     0         0      
       fltuld.c.obj                 128     0         0      
       copy_decompress_lzss.c.obj   118     0         0      
       fixdul.c.obj                 104     0         0      
       fs_toi.asm.obj               104     0         0      
       cvtfd.c.obj                  102     0         0      
       fixdli.c.obj                 102     0         0      
       div32u.asm.obj               88      0         0      
       autoinit.c.obj               84      0         0      
       asr32.asm.obj                78      0         0      
       lsl32.asm.obj                78      0         0      
       lsr32.asm.obj                78      0         0      
       fs_toul.asm.obj              76      0         0      
       fs_cmp.asm.obj               74      0         0      
       div32s.asm.obj               64      0         0      
       lsl64.c.obj                  58      0         0      
       fs_itof.asm.obj              54      0         0      
       fs_ultof.asm.obj             50      0         0      
       strncpy.c.obj                50      0         0      
       subd.c.obj                   50      0         0      
       negd.c.obj                   46      0         0      
       s_copysign.c.obj             46      0         0      
       div16s.asm.obj               44      0         0      
       fixdi.c.obj                  40      0         0      
       copy_zero_init.c.obj         36      0         0      
       fs_utof.asm.obj              36      0         0      
       mult32_f5hw.asm.obj          36      0         0      
       boot.c.obj                   32      2         0      
       memccpy.c.obj                30      0         0      
       mult16_f5hw.asm.obj          24      0         0      
       div16u.asm.obj               22      0         0      
       memset.c.obj                 22      0         0      
       memcpy.c.obj                 20      0         0      
       copy_decompress_none.c.obj   18      0         0      
       strlen.c.obj                 14      0         0      
       fltid.c.obj                  12      0         0      
       fs_neg.asm.obj               10      0         0      
       lsl16.asm.obj                10      0         0      
       isr_trap.asm.obj             8       0         0      
       exit.c.obj                   6       0         0      
       pre_init.c.obj               4       0         0      
       errno.c.obj                  0       0         2      
       int18.asm.obj                0       2         0      
       int19.asm.obj                0       2         0      
       int20.asm.obj                0       2         0      
       int21.asm.obj                0       2         0      
       int24.asm.obj                0       2         0      
       int25.asm.obj                0       2         0      
       int26.asm.obj                0       2         0      
       int30.asm.obj                0       2         0      
       int32.asm.obj                0       2         0      
       int33.asm.obj                0       2         0      
       int34.asm.obj                0       2         0      
       int35.asm.obj                0       2         0      
       int36.asm.obj                0       2         0      
       int37.asm.obj                0       2         0      
       int38.asm.obj                0       2         0      
       int39.asm.obj                0       2         0      
       int40.asm.obj                0       2         0      
       int41.asm.obj                0       2         0      
       int42.asm.obj                0       2         0      
       int45.asm.obj                0       2         0      
       int47.asm.obj                0       2         0      
       int49.asm.obj                0       2         0      
       int50.asm.obj                0       2         0      
       int51.asm.obj                0       2         0      
       int52.asm.obj                0       2         0      
       int53.asm.obj                0       2         0      
       int54.asm.obj                0       2         0      
       startup.c.obj                2       0         0      
    +--+----------------------------+-------+---------+---------+
       Total:                       17550   540       2      
                                                             
       Heap:                        0       0         160    
       Stack:                       0       0         1032   
       Linker Generated:            0       200       0      
    +--+----------------------------+-------+---------+---------+
       Grand Total:                 40238   2582      5093   


LINKER GENERATED COPY TABLES

__TI_cinit_table @ 000052dc records: 2, size/record: 8, table size: 16
	.data: load addr=00005224, load size=000000a6 bytes, run addr=00002a34, run size=00000100 bytes, compression=lzss
	.bss: load addr=000052d6, load size=00000006 bytes, run addr=00001c00, run size=00000e34 bytes, compression=zero_init


LINKER GENERATED HANDLER TABLE

__TI_handler_table @ 000052ca records: 3, size/record: 4, table size: 12
	index: 0, handler: __TI_zero_init
	index: 1, handler: __TI_decompress_lzss
	index: 2, handler: __TI_decompress_none


GLOBAL SYMBOLS: SORTED ALPHABETICALLY BY Name 

address   name                                   
-------   ----                                   
00000800  ADC12CTL0                              
00000801  ADC12CTL0_H                            
00000800  ADC12CTL0_L                            
00000802  ADC12CTL1                              
00000803  ADC12CTL1_H                            
00000802  ADC12CTL1_L                            
00000804  ADC12CTL2                              
00000805  ADC12CTL2_H                            
00000804  ADC12CTL2_L                            
00000806  ADC12CTL3                              
00000807  ADC12CTL3_H                            
00000806  ADC12CTL3_L                            
0000080a  ADC12HI                                
0000080b  ADC12HI_H                              
0000080a  ADC12HI_L                              
00000812  ADC12IER0                              
00000813  ADC12IER0_H                            
00000812  ADC12IER0_L                            
00000814  ADC12IER1                              
00000815  ADC12IER1_H                            
00000814  ADC12IER1_L                            
00000816  ADC12IER2                              
00000817  ADC12IER2_H                            
00000816  ADC12IER2_L                            
0000080c  ADC12IFGR0                             
0000080d  ADC12IFGR0_H                           
0000080c  ADC12IFGR0_L                           
0000080e  ADC12IFGR1                             
0000080f  ADC12IFGR1_H                           
0000080e  ADC12IFGR1_L                           
00000810  ADC12IFGR2                             
00000811  ADC12IFGR2_H                           
00000810  ADC12IFGR2_L                           
000046fa  ADC12ISR                               
00000818  ADC12IV                                
00000819  ADC12IV_H                              
00000818  ADC12IV_L                              
00000808  ADC12LO                                
00000809  ADC12LO_H                              
00000808  ADC12LO_L                              
00000820  ADC12MCTL0                             
00000821  ADC12MCTL0_H                           
00000820  ADC12MCTL0_L                           
00000822  ADC12MCTL1                             
00000834  ADC12MCTL10                            
00000835  ADC12MCTL10_H                          
00000834  ADC12MCTL10_L                          
00000836  ADC12MCTL11                            
00000837  ADC12MCTL11_H                          
00000836  ADC12MCTL11_L                          
00000838  ADC12MCTL12                            
00000839  ADC12MCTL12_H                          
00000838  ADC12MCTL12_L                          
0000083a  ADC12MCTL13                            
0000083b  ADC12MCTL13_H                          
0000083a  ADC12MCTL13_L                          
0000083c  ADC12MCTL14                            
0000083d  ADC12MCTL14_H                          
0000083c  ADC12MCTL14_L                          
0000083e  ADC12MCTL15                            
0000083f  ADC12MCTL15_H                          
0000083e  ADC12MCTL15_L                          
00000840  ADC12MCTL16                            
00000841  ADC12MCTL16_H                          
00000840  ADC12MCTL16_L                          
00000842  ADC12MCTL17                            
00000843  ADC12MCTL17_H                          
00000842  ADC12MCTL17_L                          
00000844  ADC12MCTL18                            
00000845  ADC12MCTL18_H                          
00000844  ADC12MCTL18_L                          
00000846  ADC12MCTL19                            
00000847  ADC12MCTL19_H                          
00000846  ADC12MCTL19_L                          
00000823  ADC12MCTL1_H                           
00000822  ADC12MCTL1_L                           
00000824  ADC12MCTL2                             
00000848  ADC12MCTL20                            
00000849  ADC12MCTL20_H                          
00000848  ADC12MCTL20_L                          
0000084a  ADC12MCTL21                            
0000084b  ADC12MCTL21_H                          
0000084a  ADC12MCTL21_L                          
0000084c  ADC12MCTL22                            
0000084d  ADC12MCTL22_H                          
0000084c  ADC12MCTL22_L                          
0000084e  ADC12MCTL23                            
0000084f  ADC12MCTL23_H                          
0000084e  ADC12MCTL23_L                          
00000850  ADC12MCTL24                            
00000851  ADC12MCTL24_H                          
00000850  ADC12MCTL24_L                          
00000852  ADC12MCTL25                            
00000853  ADC12MCTL25_H                          
00000852  ADC12MCTL25_L                          
00000854  ADC12MCTL26                            
00000855  ADC12MCTL26_H                          
00000854  ADC12MCTL26_L                          
00000856  ADC12MCTL27                            
00000857  ADC12MCTL27_H                          
00000856  ADC12MCTL27_L                          
00000858  ADC12MCTL28                            
00000859  ADC12MCTL28_H                          
00000858  ADC12MCTL28_L                          
0000085a  ADC12MCTL29                            
0000085b  ADC12MCTL29_H                          
0000085a  ADC12MCTL29_L                          
00000825  ADC12MCTL2_H                           
00000824  ADC12MCTL2_L                           
00000826  ADC12MCTL3                             
0000085c  ADC12MCTL30                            
0000085d  ADC12MCTL30_H                          
0000085c  ADC12MCTL30_L                          
0000085e  ADC12MCTL31                            
0000085f  ADC12MCTL31_H                          
0000085e  ADC12MCTL31_L                          
00000827  ADC12MCTL3_H                           
00000826  ADC12MCTL3_L                           
00000828  ADC12MCTL4                             
00000829  ADC12MCTL4_H                           
00000828  ADC12MCTL4_L                           
0000082a  ADC12MCTL5                             
0000082b  ADC12MCTL5_H                           
0000082a  ADC12MCTL5_L                           
0000082c  ADC12MCTL6                             
0000082d  ADC12MCTL6_H                           
0000082c  ADC12MCTL6_L                           
0000082e  ADC12MCTL7                             
0000082f  ADC12MCTL7_H                           
0000082e  ADC12MCTL7_L                           
00000830  ADC12MCTL8                             
00000831  ADC12MCTL8_H                           
00000830  ADC12MCTL8_L                           
00000832  ADC12MCTL9                             
00000833  ADC12MCTL9_H                           
00000832  ADC12MCTL9_L                           
00000860  ADC12MEM0                              
00000861  ADC12MEM0_H                            
00000860  ADC12MEM0_L                            
00000862  ADC12MEM1                              
00000874  ADC12MEM10                             
00000875  ADC12MEM10_H                           
00000874  ADC12MEM10_L                           
00000876  ADC12MEM11                             
00000877  ADC12MEM11_H                           
00000876  ADC12MEM11_L                           
00000878  ADC12MEM12                             
00000879  ADC12MEM12_H                           
00000878  ADC12MEM12_L                           
0000087a  ADC12MEM13                             
0000087b  ADC12MEM13_H                           
0000087a  ADC12MEM13_L                           
0000087c  ADC12MEM14                             
0000087d  ADC12MEM14_H                           
0000087c  ADC12MEM14_L                           
0000087e  ADC12MEM15                             
0000087f  ADC12MEM15_H                           
0000087e  ADC12MEM15_L                           
00000880  ADC12MEM16                             
00000881  ADC12MEM16_H                           
00000880  ADC12MEM16_L                           
00000882  ADC12MEM17                             
00000883  ADC12MEM17_H                           
00000882  ADC12MEM17_L                           
00000884  ADC12MEM18                             
00000885  ADC12MEM18_H                           
00000884  ADC12MEM18_L                           
00000886  ADC12MEM19                             
00000887  ADC12MEM19_H                           
00000886  ADC12MEM19_L                           
00000863  ADC12MEM1_H                            
00000862  ADC12MEM1_L                            
00000864  ADC12MEM2                              
00000888  ADC12MEM20                             
00000889  ADC12MEM20_H                           
00000888  ADC12MEM20_L                           
0000088a  ADC12MEM21                             
0000088b  ADC12MEM21_H                           
0000088a  ADC12MEM21_L                           
0000088c  ADC12MEM22                             
0000088d  ADC12MEM22_H                           
0000088c  ADC12MEM22_L                           
0000088e  ADC12MEM23                             
0000088f  ADC12MEM23_H                           
0000088e  ADC12MEM23_L                           
00000890  ADC12MEM24                             
00000891  ADC12MEM24_H                           
00000890  ADC12MEM24_L                           
00000892  ADC12MEM25                             
00000893  ADC12MEM25_H                           
00000892  ADC12MEM25_L                           
00000894  ADC12MEM26                             
00000895  ADC12MEM26_H                           
00000894  ADC12MEM26_L                           
00000896  ADC12MEM27                             
00000897  ADC12MEM27_H                           
00000896  ADC12MEM27_L                           
00000898  ADC12MEM28                             
00000899  ADC12MEM28_H                           
00000898  ADC12MEM28_L                           
0000089a  ADC12MEM29                             
0000089b  ADC12MEM29_H                           
0000089a  ADC12MEM29_L                           
00000865  ADC12MEM2_H                            
00000864  ADC12MEM2_L                            
00000866  ADC12MEM3                              
0000089c  ADC12MEM30                             
0000089d  ADC12MEM30_H                           
0000089c  ADC12MEM30_L                           
0000089e  ADC12MEM31                             
0000089f  ADC12MEM31_H                           
0000089e  ADC12MEM31_L                           
00000867  ADC12MEM3_H                            
00000866  ADC12MEM3_L                            
00000868  ADC12MEM4                              
00000869  ADC12MEM4_H                            
00000868  ADC12MEM4_L                            
0000086a  ADC12MEM5                              
0000086b  ADC12MEM5_H                            
0000086a  ADC12MEM5_L                            
0000086c  ADC12MEM6                              
0000086d  ADC12MEM6_H                            
0000086c  ADC12MEM6_L                            
0000086e  ADC12MEM7                              
0000086f  ADC12MEM7_H                            
0000086e  ADC12MEM7_L                            
00000870  ADC12MEM8                              
00000871  ADC12MEM8_H                            
00000870  ADC12MEM8_L                            
00000872  ADC12MEM9                              
00000873  ADC12MEM9_H                            
00000872  ADC12MEM9_L                            
000009c0  AESACTL0                               
000009c1  AESACTL0_H                             
000009c0  AESACTL0_L                             
000009c2  AESACTL1                               
000009c3  AESACTL1_H                             
000009c2  AESACTL1_L                             
000009c8  AESADIN                                
000009c9  AESADIN_H                              
000009c8  AESADIN_L                              
000009ca  AESADOUT                               
000009cb  AESADOUT_H                             
000009ca  AESADOUT_L                             
000009c6  AESAKEY                                
000009c7  AESAKEY_H                              
000009c6  AESAKEY_L                              
000009c4  AESASTAT                               
000009c5  AESASTAT_H                             
000009c4  AESASTAT_L                             
000009cc  AESAXDIN                               
000009cd  AESAXDIN_H                             
000009cc  AESAXDIN_L                             
000009ce  AESAXIN                                
000009cf  AESAXIN_H                              
000009ce  AESAXIN_L                              
000004be  BCD2BIN                                
000004bf  BCD2BIN_H                              
000004be  BCD2BIN_L                              
000004bc  BIN2BCD                                
000004bd  BIN2BCD_H                              
000004bc  BIN2BCD_L                              
000197c0  C$$EXIT                                
00002a12  CANPacketReceived                      
0000043e  CAPTIO0CTL                             
0000043f  CAPTIO0CTL_H                           
0000043e  CAPTIO0CTL_L                           
0000047e  CAPTIO1CTL                             
0000047f  CAPTIO1CTL_H                           
0000047e  CAPTIO1CTL_L                           
000008c0  CECTL0                                 
000008c1  CECTL0_H                               
000008c0  CECTL0_L                               
000008c2  CECTL1                                 
000008c3  CECTL1_H                               
000008c2  CECTL1_L                               
000008c4  CECTL2                                 
000008c5  CECTL2_H                               
000008c4  CECTL2_L                               
000008c6  CECTL3                                 
000008c7  CECTL3_H                               
000008c6  CECTL3_L                               
000008cc  CEINT                                  
000008cd  CEINT_H                                
000008cc  CEINT_L                                
000008ce  CEIV                                   
000008cf  CEIV_H                                 
000008ce  CEIV_L                                 
00000996  CRC16DIRBW0                            
00000997  CRC16DIRBW0_H                          
00000996  CRC16DIRBW0_L                          
00000990  CRC16DIW0                              
00000991  CRC16DIW0_H                            
00000990  CRC16DIW0_L                            
00000998  CRC16INIRESW0                          
00000999  CRC16INIRESW0_H                        
00000998  CRC16INIRESW0_L                        
0000099e  CRC16RESRW0                            
0000099f  CRC16RESRW0_H                          
0000099e  CRC16RESRW0_L                          
00000986  CRC32DIRBW0                            
00000987  CRC32DIRBW0_H                          
00000986  CRC32DIRBW0_L                          
00000984  CRC32DIRBW1                            
00000985  CRC32DIRBW1_H                          
00000984  CRC32DIRBW1_L                          
00000980  CRC32DIW0                              
00000981  CRC32DIW0_H                            
00000980  CRC32DIW0_L                            
00000982  CRC32DIW1                              
00000983  CRC32DIW1_H                            
00000982  CRC32DIW1_L                            
00000988  CRC32INIRESW0                          
00000989  CRC32INIRESW0_H                        
00000988  CRC32INIRESW0_L                        
0000098a  CRC32INIRESW1                          
0000098b  CRC32INIRESW1_H                        
0000098a  CRC32INIRESW1_L                        
0000098e  CRC32RESRW0                            
0000098f  CRC32RESRW0_H                          
0000098e  CRC32RESRW0_L                          
0000098c  CRC32RESRW1                            
0000098d  CRC32RESRW1_H                          
0000098c  CRC32RESRW1_L                          
00000150  CRCDI                                  
00000152  CRCDIRB                                
00000153  CRCDIRB_H                              
00000152  CRCDIRB_L                              
00000151  CRCDI_H                                
00000150  CRCDI_L                                
00000154  CRCINIRES                              
00000155  CRCINIRES_H                            
00000154  CRCINIRES_L                            
00000156  CRCRESR                                
00000157  CRCRESR_H                              
00000156  CRCRESR_L                              
00000160  CSCTL0                                 
00000161  CSCTL0_H                               
00000160  CSCTL0_L                               
00000162  CSCTL1                                 
00000163  CSCTL1_H                               
00000162  CSCTL1_L                               
00000164  CSCTL2                                 
00000165  CSCTL2_H                               
00000164  CSCTL2_L                               
00000166  CSCTL3                                 
00000167  CSCTL3_H                               
00000166  CSCTL3_L                               
00000168  CSCTL4                                 
00000169  CSCTL4_H                               
00000168  CSCTL4_L                               
0000016a  CSCTL5                                 
0000016b  CSCTL5_H                               
0000016a  CSCTL5_L                               
0000016c  CSCTL6                                 
0000016d  CSCTL6_H                               
0000016c  CSCTL6_L                               
00000510  DMA0CTL                                
00000511  DMA0CTL_H                              
00000510  DMA0CTL_L                              
00000516  DMA0DA                                 
00000518  DMA0DAH                                
00000516  DMA0DAL                                
00000512  DMA0SA                                 
00000514  DMA0SAH                                
00000512  DMA0SAL                                
0000051a  DMA0SZ                                 
0000051b  DMA0SZ_H                               
0000051a  DMA0SZ_L                               
00000520  DMA1CTL                                
00000521  DMA1CTL_H                              
00000520  DMA1CTL_L                              
00000526  DMA1DA                                 
00000528  DMA1DAH                                
00000526  DMA1DAL                                
00000522  DMA1SA                                 
00000524  DMA1SAH                                
00000522  DMA1SAL                                
0000052a  DMA1SZ                                 
0000052b  DMA1SZ_H                               
0000052a  DMA1SZ_L                               
00000530  DMA2CTL                                
00000531  DMA2CTL_H                              
00000530  DMA2CTL_L                              
00000536  DMA2DA                                 
00000538  DMA2DAH                                
00000536  DMA2DAL                                
00000532  DMA2SA                                 
00000534  DMA2SAH                                
00000532  DMA2SAL                                
0000053a  DMA2SZ                                 
0000053b  DMA2SZ_H                               
0000053a  DMA2SZ_L                               
00000540  DMA3CTL                                
00000541  DMA3CTL_H                              
00000540  DMA3CTL_L                              
00000546  DMA3DA                                 
00000548  DMA3DAH                                
00000546  DMA3DAL                                
00000542  DMA3SA                                 
00000544  DMA3SAH                                
00000542  DMA3SAL                                
0000054a  DMA3SZ                                 
0000054b  DMA3SZ_H                               
0000054a  DMA3SZ_L                               
00000550  DMA4CTL                                
00000551  DMA4CTL_H                              
00000550  DMA4CTL_L                              
00000556  DMA4DA                                 
00000558  DMA4DAH                                
00000556  DMA4DAL                                
00000552  DMA4SA                                 
00000554  DMA4SAH                                
00000552  DMA4SAL                                
0000055a  DMA4SZ                                 
0000055b  DMA4SZ_H                               
0000055a  DMA4SZ_L                               
00000560  DMA5CTL                                
00000561  DMA5CTL_H                              
00000560  DMA5CTL_L                              
00000566  DMA5DA                                 
00000568  DMA5DAH                                
00000566  DMA5DAL                                
00000562  DMA5SA                                 
00000564  DMA5SAH                                
00000562  DMA5SAL                                
0000056a  DMA5SZ                                 
0000056b  DMA5SZ_H                               
0000056a  DMA5SZ_L                               
00000500  DMACTL0                                
00000501  DMACTL0_H                              
00000500  DMACTL0_L                              
00000502  DMACTL1                                
00000503  DMACTL1_H                              
00000502  DMACTL1_L                              
00000504  DMACTL2                                
00000505  DMACTL2_H                              
00000504  DMACTL2_L                              
00000508  DMACTL4                                
00000509  DMACTL4_H                              
[...]
00000afe  LEAIVH                                 
00001513  mpu_sam_value                          
00002418  busregs                                
00002584  rtDW                                   
0000260e  rtU                                    
000026ae  rtY                                    
0000274a  mockData2                              
000029d2  rtInf                                  
000029da  rtM_                                   
000029e2  rtMinusInf                             
000029ea  rtNaN                                  
00002a00  idata                                  
00002a12  CANPacketReceived                      
00002a16  ReceiveCallback0                       
00002a1a  ReceiveCallback1                       
00002a1e  rtInfF                                 
00002a22  rtMinusInfF                            
00002a26  rtNaNF                                 
00002a2a  spiCallback                            
00002a30  confirmed                              
00002a31  error_bus_not_initialized              
00002a32  isDist                                 
00002a33  spiWriteInProgress                     
00002ae0  window_index                           
00002ae1  initialTAIFG                           
00002ae2  avg_window                             
00002b2e  errno                                  
000037f8  _stack                                 
00003c00  __STACK_END                            
00004000  fram_rw_start                          
00004000  recentTime                             
00004006  local_reset_count                      
0000400c  _sys_memory                            
00004400  ReceivedMsg                            
00004400  fram_ipe_end                           
00004400  fram_ipe_start                         
00004400  fram_rx_start                          
0000463e  Timer4_A0_ISR                          
000046fa  ADC12ISR                               
000047b0  Timer0_A1_ISR                          
0000482e  RTC_ISR                                
0000487a  USCI_A0_ISR                            
0000489e  USCI_A1_ISR                            
000048c2  _c_int00_noargs_mpu                    
000048e2  Timer4_A1_ISR                          
00004900  USCI_B1_ISR                            
0000490c  USCI_B2_ISR                            
00004918  __TI_ISR_TRAP                          
000050ac  rtConstP                               
0000521a  rtM                                    
000052ca  __TI_Handler_Table_Base                
000052d6  __TI_Handler_Table_Limit               
000052dc  __TI_CINIT_Base                        
000052ec  __TI_CINIT_Limit                       
0000a501  mpu_ctl0_value                         
0000ffb4  __TI_int18                             
0000ffb6  __TI_int19                             
0000ffb8  __TI_int20                             
0000ffba  __TI_int21                             
0000ffbc  __TI_int22                             
0000ffbe  __TI_int23                             
0000ffc0  __TI_int24                             
0000ffc2  __TI_int25                             
0000ffc4  __TI_int26                             
0000ffc6  __TI_int27                             
0000ffc8  __TI_int28                             
0000ffca  __TI_int29                             
0000ffcc  __TI_int30                             
0000ffce  __TI_int31                             
0000ffd0  __TI_int32                             
0000ffd2  __TI_int33                             
0000ffd4  __TI_int34                             
0000ffd6  __TI_int35                             
0000ffd8  __TI_int36                             
0000ffda  __TI_int37                             
0000ffdc  __TI_int38                             
0000ffde  __TI_int39                             
0000ffe0  __TI_int40                             
0000ffe2  __TI_int41                             
0000ffe4  __TI_int42                             
0000ffe6  __TI_int43                             
0000ffe8  __TI_int44                             
0000ffea  __TI_int45                             
0000ffec  __TI_int46                             
0000ffee  __TI_int47                             
0000fff0  __TI_int48                             
0000fff2  __TI_int49                             
0000fff4  __TI_int50                             
0000fff6  __TI_int51                             
0000fff8  __TI_int52                             
0000fffa  __TI_int53                             
0000fffc  __TI_int54                             
0000fffe  _reset_vector                          
00010000  __kernel_rem_pio2                      
00010db6  tan                                    
00010db6  tanl                                   
0001165e  __kernel_tan                           
00011b66  __TI_frcdivd                           
00011fcc  MSP_SP_step1                           
00012368  MSP_SP_step2                           
000126f4  __mspabi_addd                          
000129d4  sqrt                                   
000129d4  sqrtl                                  
00012cb2  __TI_frcmpyd                           
00012f32  __mspabi_mpyd                          
00013198  __TI_frcaddd                           
000133e0  MSP_SP_step0                           
0001360c  __mspabi_divd                          
0001382e  magReadXYZData                         
00013a3c  floor                                  
00013a3c  floorl                                 
00013c00  aggVec_push                            
00013d92  canWrapInitWithFilter                  
00013f1c  sunsensorioSendBackchannel             
00014084  uartReportStatus                       
000141e4  ldexp                                  
000141e4  ldexpl                                 
000141e4  scalbn                                 
000141e4  scalbnl                                
00014470  __mspabi_subf                          
00014476  __mspabi_addf                          
000145a2  bspInit                                
000146c2  imuioSendBackchannel                   
000148ea  debugInvokeActionHandlers              
000149ee  debugReadCallback                      
00014aea  uartInit                               
00014cdc  encoderc_adcs_sp_15                    
00014dca  uartTransmit                           
00014ea8  __TI_printfi_minimal                   
00014f84  floorf                                 
00015060  initializeTimer                        
00015216  configSequence                         
000152f0  __mspabi_cmpd                          
000153c8  canSend                                
00015644  timerCallbackInitializer               
00015712  sunsensorioSendCAN                     
000157dc  magioSendBackchannelVector             
000158a4  canInit                                
00015964  encoderc_adcs_sp_14                    
00015a24  encodesensorproc_imu                   
00015ae4  encodesensorproc_mag                   
00015ba4  configChannel                          
00015c60  __mspabi_mpyf                          
00015d18  encoderc_adcs_sp_1                     
00015dcc  __TI_renormd                           
00015e7e  encoderc_adcs_sp_10                    
00015f30  encoderc_adcs_sp_13                    
00015fe2  encoderc_adcs_sp_4                     
00016094  encoderc_adcs_sp_6                     
00016146  encoderc_adcs_sp_7                     
000161f8  encoderc_adcs_sp_8                     
000162aa  bcbinPopulateMeta                      
0001635a  encoderc_adcs_sp_11                    
00016408  encoderc_adcs_sp_12                    
000164b6  encoderc_adcs_sp_3                     
00016564  encoderc_adcs_sp_9                     
00016612  encodesensorproc_sun                   
000166c0  spiTransceive                          
0001676c  encoderc_adcs_sp_16                    
00016816  encoderc_adcs_sp_2                     
000168c0  encoderc_adcs_sp_5                     
0001696a  imuioSendCAN                           
00016a10  magioSendCAN                           
00016ab6  roundf                                 
00016b5c  startCallback                          
00016c02  __mspabi_fltlid                        
00016ca0  canSendPacket                          
00016d3e  i2cInit                                
00016dda  main                                   
00016e74  imuioUpdate                            
00016f08  __mspabi_divf                          
00016f98  __mspabi_cvtdf                         
00017024  rollcallUpdate                         
000170b0  processCommand                         
00017134  __mspabi_fltuld                        
000171b4  imuInit                                
00017234  setMaskOrFilter                        
00017234  setTheFilter                           
000172b0  sunsensorioUpdate                      
0001732a  infoReport                             
0001741a  __TI_decompress_lzss                   
00017490  spiInit                                
00017504  coreCallSimpleHandlers                 
00017576  encoderc_adcs_sp_17                    
00017658  handleUCTXIFG                          
000176c6  __mspabi_fixdul                        
00017796  __mspabi_fixfi                         
000177fe  __mspabi_cvtfd                         
00017864  __mspabi_fixdli                        
000178ca  METInit                                
0001792c  rt_InitInfAndNaN                       
000179f0  actionCallback                         
00017a50  sendHealthSegment                      
00017aae  magioInit                              
00017b0a  decodemtq_ack                          
00017b64  rtIsInf                                
00017bbe  imuioRcPopulate3                       
00017c16  __mspabi_divul                         
00017c16  __mspabi_remul                         
00017c6e  canTxCheck                             
00017cc4  vsnprintf                              
00017d1a  __TI_auto_init_nobinit_nopinit_hold_wdt
00017dc0  reportStatusCallback                   
00017e12  canRxCallback                          
00017eb2  magioRcPopulate12                      
00017f02  magioRcPopulate9                       
00017fa0  imuReadGyroAccelData                   
00017fec  __mspabi_fixful                        
000180d0  wrapCB0                                
0001811c  wrapCB1                                
00018168  handleUCRXIFG                          
000181b2  __mspabi_cmpf                          
00018244  imuioRcPopulate15                      
0001828c  imuioRcPopulate16                      
000182d4  imuioRcPopulate2                       
0001831c  magInit                                
00018364  magioRcPopulate10                      
000183ac  magioRcPopulate11                      
000183f4  magioRcPopulate7                       
0001843c  magioRcPopulate8                       
00018484  sunSensorReadAngle                     
000184cc  sunsensorioRcPopulate14                
00018514  sunsensorioRcPopulate5                 
0001855c  debugInit                              
000185a2  debugRegisterEntity                    
000185e6  imuioInit                              
00018628  __mspabi_divli                         
00018628  __mspabi_remli                         
00018668  __mspabi_sral_15                       
0001866c  __mspabi_sral_14                       
00018670  __mspabi_sral_13                       
00018674  __mspabi_sral_12                       
00018678  __mspabi_sral_11                       
0001867c  __mspabi_sral_10                       
00018680  __mspabi_sral_9                        
00018684  __mspabi_sral_8                        
00018688  __mspabi_sral_7                        
0001868c  __mspabi_sral_6                        
00018690  __mspabi_sral_5                        
00018694  __mspabi_sral_4                        
00018698  __mspabi_sral_3                        
0001869c  __mspabi_sral_2                        
000186a0  __mspabi_sral_1                        
000186a6  __mspabi_slll_15                       
000186aa  __mspabi_slll_14                       
000186ae  __mspabi_slll_13                       
000186b2  __mspabi_slll_12                       
000186b6  __mspabi_slll_11                       
000186ba  __mspabi_slll_10                       
000186be  __mspabi_slll_9                        
000186c2  __mspabi_slll_8                        
000186c6  __mspabi_slll_7                        
000186ca  __mspabi_slll_6                        
000186ce  __mspabi_slll_5                        
000186d2  __mspabi_slll_4                        
000186d6  __mspabi_slll_3                        
000186da  __mspabi_slll_2                        
000186de  __mspabi_slll_1                        
000186e4  __mspabi_srll_15                       
000186e8  __mspabi_srll_14                       
000186ec  __mspabi_srll_13                       
000186f0  __mspabi_srll_12                       
000186f4  __mspabi_srll_11                       
000186f8  __mspabi_srll_10                       
000186fc  __mspabi_srll_9                        
00018700  __mspabi_srll_8                        
00018704  __mspabi_srll_7                        
00018708  __mspabi_srll_6                        
0001870c  __mspabi_srll_5                        
00018710  __mspabi_srll_4                        
00018714  __mspabi_srll_3                        
00018718  __mspabi_srll_2                        
0001871c  __mspabi_srll_1                        
00018722  asensorInit                            
0001875e  debugInvokeActionHandler               
0001879a  debugTraceF                            
000187d6  __mspabi_sllll                         
0001884a  readRegister                           
00018884  displayPrompt                          
000188f4  sunsensorioInit                        
00018962  __mspabi_fltif                         
00018998  sunsensorioRcPopulate13                
000189cc  sunsensorioRcPopulate4                 
00018a00  __mspabi_subd                          
00018a32  debugPrintF                            
00018a64  imuConvertRPSToRaw                     
00018a96  magConvertTeslasToRaw                  
00018ac8  __mspabi_fltulf                        
00018afa  strncpy                                
00018b5c  imuioRcPopulate17                      
00018b8c  sunSensorInit                          
00018bbc  sunsensorioRcPopulate6                 
00018bec  __mspabi_negd                          
00018c1a  aggVec_max                             
00018c48  aggVec_min                             
00018c76  aggVec_sum                             
00018ca4  copysign                               
00018ca4  copysignl                              
00018cd2  reverseArray                           
00018d00  __mpu_init                             
00018d2c  normalOperationConfig                  
00018d58  __mspabi_divi                          
00018d58  __mspabi_remi                          
00018d84  bitModify                              
00018dae  imuConvertRawToRPS                     
00018dd8  magConvertRawToTeslas                  
00018e2c  readStatus                             
00018e56  __mspabi_fixdi                         
00018e7e  aggVec_as_reset                        
00018ea6  aggVec_max_reset                       
00018ece  aggVec_min_reset                       
00018ef6  magioRcPopulate6                       
00018f1e  asensorReadSingleSensorRaw             
00018f6a  magioHandleCAN                         
00018f90  requestToSend                          
00019002  setRegister                            
00019028  uartRegisterRxCallback                 
00019074  bspI2CInit                             
00019098  bspUARTInit                            
000190bc  __TI_zero_init                         
00019170  __mspabi_fltuf                         
00019194  __mspabi_mpyl_f5hw                     
000191b8  aggVec_avg_i_i                         
000191fa  coreStartup                            
00019218  debugInvokeInfoHandlers                
00019236  debugInvokeStatusHandlers              
00019254  debugSetMode                           
00019290  memccpy                                
00019416  uartSetEchoOff                         
00019434  uartSetEchoOn                          
0001946e  imuioRcPopulate4                       
000194a6  magioRcPopulate13                      
000194c2  magioRcPopulate14                      
000194de  sendMetaSegment                        
000194f8  aggVec_push_i                          
00019510  disableUARTInterrupts                  
00019528  enableUARTInterrupts                   
00019540  __mspabi_mpyi_f5hw                     
00019558  aggVec_max_i                           
0001956e  aggVec_min_i                           
00019584  aggVec_sum_i                           
0001959a  canWrapInit                            
000195b0  memset                                 
000195c6  __mspabi_divu                          
000195c6  __mspabi_remu                          
000195dc  MSP_SP_initialize                      
000195f0  memcpy                                 
00019604  bspGetChipID                           
00019616  __TI_decompress_none                   
0001963a  bcbinPopulateHeader                    
0001964a  getSubsystemModulePath                 
0001965a  __mspabi_sral                          
0001966a  __mspabi_slll                          
0001967a  __mspabi_srll                          
0001968a  bcbinSendPacket                        
000196c2  rollcallInit                           
000196d0  rtGetInf                               
000196de  rtGetMinusInf                          
000196ec  rtGetNaN                               
000196fa  strlen                                 
00019708  __mspabi_fltid                         
00019714  aggVec_init_i                          
0001971e  aggVec_mm_reset                        
00019728  aggVec_reset                           
00019732  bspGetResetCount                       
0001973c  debugInvokeStatusHandler               
00019746  magioSendBackchannel                   
00019750  magioUpdate                            
0001975a  normalizeTraceLevel                    
00019764  __mspabi_negf                          
0001976e  __mspabi_slli                          
00019778  asensorReadIntTempRawC                 
00019780  disableCanInterrupt                    
00019788  enableCanInterrupt                     
00019790  i2cMasterRead                          
00019798  i2cMasterWrite                         
000197a0  rollcallStart                          
000197a8  rtGetInfF                              
000197b0  rtGetMinusInfF                         
000197b8  rtGetNaNF                              
000197c0  C$$EXIT                                
000197c0  abort                                  
000197c6  bspGetHWSWMatchState                   
000197cc  bspGetModule                           
000197d2  debugGetCommMatchState                 
000197de  rollcallQueueLength                    
000197e4  setCANPacketRxCallback                 
000197ea  setReceiveCallback0                    
000197f0  setReceiveCallback1                    
000197fc  _system_pre_init                       
00019800  handlePPTFiringNotification            
00019804  no_op_func                             
00019808  DummyCallback                          
0001980a  _system_post_cinit                     
0001980c  dummyFn                                
ffffffff  __TI_pprof_out_hndl                    
ffffffff  __TI_prof_data_size                    
ffffffff  __TI_prof_data_start                   
ffffffff  __c_args__                             

[1902 symbols]
