<?xml version="1.0"?>
<link_info>
   <banner>MSP430 Linker PC v17.6.0.STS</banner>
   <copyright>Copyright (c) 2003-2017 Texas Instruments Incorporated</copyright>
   <link_time>0x59c84c07</link_time>
   <link_errors>0x0</link_errors>
   <output_file>demo_eeorientationblinky.out</output_file>
   <entry_point>
      <name>_c_int00_noargs_noexit_mpu</name>
      <address>0x4346</address>
   </entry_point>
   <input_file_list>
      <input_file id="fl-2">
         <path>.\</path>
         <kind>object</kind>
         <file>SUBSYSTEMNAME_main.obj</file>
         <name>SUBSYSTEMNAME_main.obj</name>
      </input_file>
      <input_file id="fl-3">
         <path>.\dsbase\actuators\</path>
         <kind>object</kind>
         <file>rw.obj</file>
         <name>rw.obj</name>
      </input_file>
      <input_file id="fl-4">
         <path>.\dsbase\bsp\</path>
         <kind>object</kind>
         <file>bsp.obj</file>
         <name>bsp.obj</name>
      </input_file>
      <input_file id="fl-5">
         <path>.\dsbase\config\</path>
         <kind>object</kind>
         <file>config_bus_uart.obj</file>
         <name>config_bus_uart.obj</name>
      </input_file>
      <input_file id="fl-6">
         <path>.\dsbase\core\</path>
         <kind>object</kind>
         <file>analogread.obj</file>
         <name>analogread.obj</name>
      </input_file>
      <input_file id="fl-7">
         <path>.\dsbase\core\</path>
         <kind>object</kind>
         <file>can.obj</file>
         <name>can.obj</name>
      </input_file>
      <input_file id="fl-8">
         <path>.\dsbase\core\</path>
         <kind>object</kind>
         <file>debugtools.obj</file>
         <name>debugtools.obj</name>
      </input_file>
      <input_file id="fl-9">
         <path>.\dsbase\core\</path>
         <kind>object</kind>
         <file>i2c.obj</file>
         <name>i2c.obj</name>
      </input_file>
      <input_file id="fl-a">
         <path>.\dsbase\core\</path>
         <kind>object</kind>
         <file>spi.obj</file>
         <name>spi.obj</name>
      </input_file>
      <input_file id="fl-b">
         <path>.\dsbase\core\</path>
         <kind>object</kind>
         <file>timers.obj</file>
         <name>timers.obj</name>
      </input_file>
      <input_file id="fl-c">
         <path>.\dsbase\core\</path>
         <kind>object</kind>
         <file>uart.obj</file>
         <name>uart.obj</name>
      </input_file>
      <input_file id="fl-d">
         <path>.\dsbase\interfaces\</path>
         <kind>object</kind>
         <file>canwrap.obj</file>
         <name>canwrap.obj</name>
      </input_file>
      <input_file id="fl-e">
         <path>.\dsbase\interfaces\</path>
         <kind>object</kind>
         <file>systeminfo.obj</file>
         <name>systeminfo.obj</name>
      </input_file>
      <input_file id="fl-f">
         <path>.\dsbase\sensors\</path>
         <kind>object</kind>
         <file>imu.obj</file>
         <name>imu.obj</name>
      </input_file>
      <input_file id="fl-10">
         <path>.\dsbase\sensors\</path>
         <kind>object</kind>
         <file>magnetometer.obj</file>
         <name>magnetometer.obj</name>
      </input_file>
      <input_file id="fl-18">
         <kind>object</kind>
         <file>&lt;internal&gt;</file>
         <name>&lt;internal&gt;</name>
      </input_file>
      <input_file id="fl-38">
         <path>C:\ti\ccsv7\tools\compiler\ti-cgt-msp430_17.6.0.STS\lib\</path>
         <kind>archive</kind>
         <file>rts430x_lc_rd_eabi.lib</file>
         <name>copy_decompress_lzss.obj</name>
      </input_file>
      <input_file id="fl-39">
         <path>C:\ti\ccsv7\tools\compiler\ti-cgt-msp430_17.6.0.STS\lib\</path>
         <kind>archive</kind>
         <file>rts430x_lc_rd_eabi.lib</file>
         <name>copy_decompress_none.obj</name>
      </input_file>
      <input_file id="fl-3a">
         <path>C:\ti\ccsv7\tools\compiler\ti-cgt-msp430_17.6.0.STS\lib\</path>
         <kind>archive</kind>
         <file>rts430x_lc_rd_eabi.lib</file>
         <name>int18.obj</name>
      </input_file>
      <input_file id="fl-3b">
         <path>C:\ti\ccsv7\tools\compiler\ti-cgt-msp430_17.6.0.STS\lib\</path>
         <kind>archive</kind>
         <file>rts430x_lc_rd_eabi.lib</file>
         <name>isr_trap.obj</name>
      </input_file>
      <input_file id="fl-3c">
         <path>C:\ti\ccsv7\tools\compiler\ti-cgt-msp430_17.6.0.STS\lib\</path>
         <kind>archive</kind>
         <file>rts430x_lc_rd_eabi.lib</file>
         <name>int19.obj</name>
      </input_file>
      <input_file id="fl-3d">
         <path>C:\ti\ccsv7\tools\compiler\ti-cgt-msp430_17.6.0.STS\lib\</path>
         <kind>archive</kind>
         <file>rts430x_lc_rd_eabi.lib</file>
         <name>int20.obj</name>
      </input_file>
      <input_file id="fl-3e">
         <path>C:\ti\ccsv7\tools\compiler\ti-cgt-msp430_17.6.0.STS\lib\</path>
         <kind>archive</kind>
         <file>rts430x_lc_rd_eabi.lib</file>
         <name>int21.obj</name>
      </input_file>
      <input_file id="fl-3f">
         <path>C:\ti\ccsv7\tools\compiler\ti-cgt-msp430_17.6.0.STS\lib\</path>
         <kind>archive</kind>
         <file>rts430x_lc_rd_eabi.lib</file>
         <name>int23.obj</name>
      </input_file>
      <input_file id="fl-40">
         <path>C:\ti\ccsv7\tools\compiler\ti-cgt-msp430_17.6.0.STS\lib\</path>
         <kind>archive</kind>
         <file>rts430x_lc_rd_eabi.lib</file>
         <name>int24.obj</name>
      </input_file>
      <input_file id="fl-41">
         <path>C:\ti\ccsv7\tools\compiler\ti-cgt-msp430_17.6.0.STS\lib\</path>
         <kind>archive</kind>
         <file>rts430x_lc_rd_eabi.lib</file>
         <name>int25.obj</name>
      </input_file>
      <input_file id="fl-42">
         <path>C:\ti\ccsv7\tools\compiler\ti-cgt-msp430_17.6.0.STS\lib\</path>
         <kind>archive</kind>
         <file>rts430x_lc_rd_eabi.lib</file>
         <name>int26.obj</name>
      </input_file>
      <input_file id="fl-43">
         <path>C:\ti\ccsv7\tools\compiler\ti-cgt-msp430_17.6.0.STS\lib\</path>
         <kind>archive</kind>
         <file>rts430x_lc_rd_eabi.lib</file>
         <name>int30.obj</name>
      </input_file>
      <input_file id="fl-44">
         <path>C:\ti\ccsv7\tools\compiler\ti-cgt-msp430_17.6.0.STS\lib\</path>
         <kind>archive</kind>
         <file>rts430x_lc_rd_eabi.lib</file>
         <name>int31.obj</name>
      </input_file>
      <input_file id="fl-45">
         <path>C:\ti\ccsv7\tools\compiler\ti-cgt-msp430_17.6.0.STS\lib\</path>
         <kind>archive</kind>
         <file>rts430x_lc_rd_eabi.lib</file>
         <name>int32.obj</name>
      </input_file>
      <input_file id="fl-46">
         <path>C:\ti\ccsv7\tools\compiler\ti-cgt-msp430_17.6.0.STS\lib\</path>
         <kind>archive</kind>
         <file>rts430x_lc_rd_eabi.lib</file>
         <name>int33.obj</name>
      </input_file>
      <input_file id="fl-47">
         <path>C:\ti\ccsv7\tools\compiler\ti-cgt-msp430_17.6.0.STS\lib\</path>
         <kind>archive</kind>
         <file>rts430x_lc_rd_eabi.lib</file>
         <name>int34.obj</name>
      </input_file>
      <input_file id="fl-48">
         <path>C:\ti\ccsv7\tools\compiler\ti-cgt-msp430_17.6.0.STS\lib\</path>
         <kind>archive</kind>
         <file>rts430x_lc_rd_eabi.lib</file>
         <name>int35.obj</name>
      </input_file>
      <input_file id="fl-49">
         <path>C:\ti\ccsv7\tools\compiler\ti-cgt-msp430_17.6.0.STS\lib\</path>
         <kind>archive</kind>
         <file>rts430x_lc_rd_eabi.lib</file>
         <name>int36.obj</name>
      </input_file>
      <input_file id="fl-4a">
         <path>C:\ti\ccsv7\tools\compiler\ti-cgt-msp430_17.6.0.STS\lib\</path>
         <kind>archive</kind>
         <file>rts430x_lc_rd_eabi.lib</file>
         <name>int37.obj</name>
      </input_file>
      <input_file id="fl-4b">
         <path>C:\ti\ccsv7\tools\compiler\ti-cgt-msp430_17.6.0.STS\lib\</path>
         <kind>archive</kind>
         <file>rts430x_lc_rd_eabi.lib</file>
         <name>int38.obj</name>
      </input_file>
      <input_file id="fl-4c">
         <path>C:\ti\ccsv7\tools\compiler\ti-cgt-msp430_17.6.0.STS\lib\</path>
         <kind>archive</kind>
         <file>rts430x_lc_rd_eabi.lib</file>
         <name>int39.obj</name>
      </input_file>
      <input_file id="fl-4d">
         <path>C:\ti\ccsv7\tools\compiler\ti-cgt-msp430_17.6.0.STS\lib\</path>
         <kind>archive</kind>
         <file>rts430x_lc_rd_eabi.lib</file>
         <name>int40.obj</name>
      </input_file>
      <input_file id="fl-4e">
         <path>C:\ti\ccsv7\tools\compiler\ti-cgt-msp430_17.6.0.STS\lib\</path>
         <kind>archive</kind>
         <file>rts430x_lc_rd_eabi.lib</file>
         <name>int41.obj</name>
      </input_file>
      <input_file id="fl-4f">
         <path>C:\ti\ccsv7\tools\compiler\ti-cgt-msp430_17.6.0.STS\lib\</path>
         <kind>archive</kind>
         <file>rts430x_lc_rd_eabi.lib</file>
         <name>int42.obj</name>
      </input_file>
      <input_file id="fl-50">
         <path>C:\ti\ccsv7\tools\compiler\ti-cgt-msp430_17.6.0.STS\lib\</path>
         <kind>archive</kind>
         <file>rts430x_lc_rd_eabi.lib</file>
         <name>int44.obj</name>
      </input_file>
      <input_file id="fl-51">
         <path>C:\ti\ccsv7\tools\compiler\ti-cgt-msp430_17.6.0.STS\lib\</path>
         <kind>archive</kind>
         <file>rts430x_lc_rd_eabi.lib</file>
         <name>int45.obj</name>
      </input_file>
      <input_file id="fl-52">
         <path>C:\ti\ccsv7\tools\compiler\ti-cgt-msp430_17.6.0.STS\lib\</path>
         <kind>archive</kind>
         <file>rts430x_lc_rd_eabi.lib</file>
         <name>int47.obj</name>
      </input_file>
      <input_file id="fl-53">
         <path>C:\ti\ccsv7\tools\compiler\ti-cgt-msp430_17.6.0.STS\lib\</path>
         <kind>archive</kind>
         <file>rts430x_lc_rd_eabi.lib</file>
         <name>int49.obj</name>
      </input_file>
      <input_file id="fl-54">
         <path>C:\ti\ccsv7\tools\compiler\ti-cgt-msp430_17.6.0.STS\lib\</path>
         <kind>archive</kind>
         <file>rts430x_lc_rd_eabi.lib</file>
         <name>int50.obj</name>
      </input_file>
      <input_file id="fl-55">
         <path>C:\ti\ccsv7\tools\compiler\ti-cgt-msp430_17.6.0.STS\lib\</path>
         <kind>archive</kind>
         <file>rts430x_lc_rd_eabi.lib</file>
         <name>int51.obj</name>
      </input_file>
      <input_file id="fl-56">
         <path>C:\ti\ccsv7\tools\compiler\ti-cgt-msp430_17.6.0.STS\lib\</path>
         <kind>archive</kind>
         <file>rts430x_lc_rd_eabi.lib</file>
         <name>int52.obj</name>
      </input_file>
      <input_file id="fl-57">
         <path>C:\ti\ccsv7\tools\compiler\ti-cgt-msp430_17.6.0.STS\lib\</path>
         <kind>archive</kind>
         <file>rts430x_lc_rd_eabi.lib</file>
         <name>int53.obj</name>
      </input_file>
      <input_file id="fl-58">
         <path>C:\ti\ccsv7\tools\compiler\ti-cgt-msp430_17.6.0.STS\lib\</path>
         <kind>archive</kind>
         <file>rts430x_lc_rd_eabi.lib</file>
         <name>int54.obj</name>
      </input_file>
      <input_file id="fl-59">
         <path>C:\ti\ccsv7\tools\compiler\ti-cgt-msp430_17.6.0.STS\lib\</path>
         <kind>archive</kind>
         <file>rts430x_lc_rd_eabi.lib</file>
         <name>copy_zero_init.obj</name>
      </input_file>
      <input_file id="fl-5a">
         <path>C:\ti\ccsv7\tools\compiler\ti-cgt-msp430_17.6.0.STS\lib\</path>
         <kind>archive</kind>
         <file>rts430x_lc_rd_eabi.lib</file>
         <name>addd.obj</name>
      </input_file>
      <input_file id="fl-5b">
         <path>C:\ti\ccsv7\tools\compiler\ti-cgt-msp430_17.6.0.STS\lib\</path>
         <kind>archive</kind>
         <file>rts430x_lc_rd_eabi.lib</file>
         <name>frcaddd.obj</name>
      </input_file>
      <input_file id="fl-5c">
         <path>C:\ti\ccsv7\tools\compiler\ti-cgt-msp430_17.6.0.STS\lib\</path>
         <kind>archive</kind>
         <file>rts430x_lc_rd_eabi.lib</file>
         <name>renormd.obj</name>
      </input_file>
      <input_file id="fl-5d">
         <path>C:\ti\ccsv7\tools\compiler\ti-cgt-msp430_17.6.0.STS\lib\</path>
         <kind>archive</kind>
         <file>rts430x_lc_rd_eabi.lib</file>
         <name>cmpd.obj</name>
      </input_file>
      <input_file id="fl-5e">
         <path>C:\ti\ccsv7\tools\compiler\ti-cgt-msp430_17.6.0.STS\lib\</path>
         <kind>archive</kind>
         <file>rts430x_lc_rd_eabi.lib</file>
         <name>cvtdf.obj</name>
      </input_file>
      <input_file id="fl-5f">
         <path>C:\ti\ccsv7\tools\compiler\ti-cgt-msp430_17.6.0.STS\lib\</path>
         <kind>archive</kind>
         <file>rts430x_lc_rd_eabi.lib</file>
         <name>cvtfd.obj</name>
      </input_file>
      <input_file id="fl-60">
         <path>C:\ti\ccsv7\tools\compiler\ti-cgt-msp430_17.6.0.STS\lib\</path>
         <kind>archive</kind>
         <file>rts430x_lc_rd_eabi.lib</file>
         <name>divd.obj</name>
      </input_file>
      <input_file id="fl-61">
         <path>C:\ti\ccsv7\tools\compiler\ti-cgt-msp430_17.6.0.STS\lib\</path>
         <kind>archive</kind>
         <file>rts430x_lc_rd_eabi.lib</file>
         <name>frcdivd.obj</name>
      </input_file>
      <input_file id="fl-62">
         <path>C:\ti\ccsv7\tools\compiler\ti-cgt-msp430_17.6.0.STS\lib\</path>
         <kind>archive</kind>
         <file>rts430x_lc_rd_eabi.lib</file>
         <name>fs_div.obj</name>
      </input_file>
      <input_file id="fl-63">
         <path>C:\ti\ccsv7\tools\compiler\ti-cgt-msp430_17.6.0.STS\lib\</path>
         <kind>archive</kind>
         <file>rts430x_lc_rd_eabi.lib</file>
         <name>fs_toul.obj</name>
      </input_file>
      <input_file id="fl-64">
         <path>C:\ti\ccsv7\tools\compiler\ti-cgt-msp430_17.6.0.STS\lib\</path>
         <kind>archive</kind>
         <file>rts430x_lc_rd_eabi.lib</file>
         <name>fltid.obj</name>
      </input_file>
      <input_file id="fl-65">
         <path>C:\ti\ccsv7\tools\compiler\ti-cgt-msp430_17.6.0.STS\lib\</path>
         <kind>archive</kind>
         <file>rts430x_lc_rd_eabi.lib</file>
         <name>fltlid.obj</name>
      </input_file>
      <input_file id="fl-66">
         <path>C:\ti\ccsv7\tools\compiler\ti-cgt-msp430_17.6.0.STS\lib\</path>
         <kind>archive</kind>
         <file>rts430x_lc_rd_eabi.lib</file>
         <name>fltud.obj</name>
      </input_file>
      <input_file id="fl-67">
         <path>C:\ti\ccsv7\tools\compiler\ti-cgt-msp430_17.6.0.STS\lib\</path>
         <kind>archive</kind>
         <file>rts430x_lc_rd_eabi.lib</file>
         <name>fltuld.obj</name>
      </input_file>
      <input_file id="fl-68">
         <path>C:\ti\ccsv7\tools\compiler\ti-cgt-msp430_17.6.0.STS\lib\</path>
         <kind>archive</kind>
         <file>rts430x_lc_rd_eabi.lib</file>
         <name>fs_ultof.obj</name>
      </input_file>
      <input_file id="fl-69">
         <path>C:\ti\ccsv7\tools\compiler\ti-cgt-msp430_17.6.0.STS\lib\</path>
         <kind>archive</kind>
         <file>rts430x_lc_rd_eabi.lib</file>
         <name>mpyd.obj</name>
      </input_file>
      <input_file id="fl-6a">
         <path>C:\ti\ccsv7\tools\compiler\ti-cgt-msp430_17.6.0.STS\lib\</path>
         <kind>archive</kind>
         <file>rts430x_lc_rd_eabi.lib</file>
         <name>frcmpyd.obj</name>
      </input_file>
      <input_file id="fl-6b">
         <path>C:\ti\ccsv7\tools\compiler\ti-cgt-msp430_17.6.0.STS\lib\</path>
         <kind>archive</kind>
         <file>rts430x_lc_rd_eabi.lib</file>
         <name>mult16.obj</name>
      </input_file>
      <input_file id="fl-6c">
         <path>C:\ti\ccsv7\tools\compiler\ti-cgt-msp430_17.6.0.STS\lib\</path>
         <kind>archive</kind>
         <file>rts430x_lc_rd_eabi.lib</file>
         <name>mult16_f5hw.obj</name>
      </input_file>
      <input_file id="fl-6d">
         <path>C:\ti\ccsv7\tools\compiler\ti-cgt-msp430_17.6.0.STS\lib\</path>
         <kind>archive</kind>
         <file>rts430x_lc_rd_eabi.lib</file>
         <name>mult32.obj</name>
      </input_file>
      <input_file id="fl-6e">
         <path>C:\ti\ccsv7\tools\compiler\ti-cgt-msp430_17.6.0.STS\lib\</path>
         <kind>archive</kind>
         <file>rts430x_lc_rd_eabi.lib</file>
         <name>mult32_f5hw.obj</name>
      </input_file>
      <input_file id="fl-6f">
         <path>C:\ti\ccsv7\tools\compiler\ti-cgt-msp430_17.6.0.STS\lib\</path>
         <kind>archive</kind>
         <file>rts430x_lc_rd_eabi.lib</file>
         <name>mult64_f5hw.obj</name>
      </input_file>
      <input_file id="fl-70">
         <path>C:\ti\ccsv7\tools\compiler\ti-cgt-msp430_17.6.0.STS\lib\</path>
         <kind>archive</kind>
         <file>rts430x_lc_rd_eabi.lib</file>
         <name>mult1632_f5hw.obj</name>
      </input_file>
      <input_file id="fl-71">
         <path>C:\ti\ccsv7\tools\compiler\ti-cgt-msp430_17.6.0.STS\lib\</path>
         <kind>archive</kind>
         <file>rts430x_lc_rd_eabi.lib</file>
         <name>mult3264_f5hw.obj</name>
      </input_file>
      <input_file id="fl-72">
         <path>C:\ti\ccsv7\tools\compiler\ti-cgt-msp430_17.6.0.STS\lib\</path>
         <kind>archive</kind>
         <file>rts430x_lc_rd_eabi.lib</file>
         <name>lsl16.obj</name>
      </input_file>
      <input_file id="fl-73">
         <path>C:\ti\ccsv7\tools\compiler\ti-cgt-msp430_17.6.0.STS\lib\</path>
         <kind>archive</kind>
         <file>rts430x_lc_rd_eabi.lib</file>
         <name>lsl32.obj</name>
      </input_file>
      <input_file id="fl-74">
         <path>C:\ti\ccsv7\tools\compiler\ti-cgt-msp430_17.6.0.STS\lib\</path>
         <kind>archive</kind>
         <file>rts430x_lc_rd_eabi.lib</file>
         <name>asr32.obj</name>
      </input_file>
      <input_file id="fl-75">
         <path>C:\ti\ccsv7\tools\compiler\ti-cgt-msp430_17.6.0.STS\lib\</path>
         <kind>archive</kind>
         <file>rts430x_lc_rd_eabi.lib</file>
         <name>lsr32.obj</name>
      </input_file>
      <input_file id="fl-76">
         <path>C:\ti\ccsv7\tools\compiler\ti-cgt-msp430_17.6.0.STS\lib\</path>
         <kind>archive</kind>
         <file>rts430x_lc_rd_eabi.lib</file>
         <name>lsr64.obj</name>
      </input_file>
      <input_file id="fl-77">
         <path>C:\ti\ccsv7\tools\compiler\ti-cgt-msp430_17.6.0.STS\lib\</path>
         <kind>archive</kind>
         <file>rts430x_lc_rd_eabi.lib</file>
         <name>subd.obj</name>
      </input_file>
      <input_file id="fl-78">
         <path>C:\ti\ccsv7\tools\compiler\ti-cgt-msp430_17.6.0.STS\lib\</path>
         <kind>archive</kind>
         <file>rts430x_lc_rd_eabi.lib</file>
         <name>boot.obj</name>
      </input_file>
      <input_file id="fl-79">
         <path>C:\ti\ccsv7\tools\compiler\ti-cgt-msp430_17.6.0.STS\lib\</path>
         <kind>archive</kind>
         <file>rts430x_lc_rd_eabi.lib</file>
         <name>args_main.obj</name>
      </input_file>
      <input_file id="fl-7a">
         <path>C:\ti\ccsv7\tools\compiler\ti-cgt-msp430_17.6.0.STS\lib\</path>
         <kind>archive</kind>
         <file>rts430x_lc_rd_eabi.lib</file>
         <name>autoinit_wdt.obj</name>
      </input_file>
      <input_file id="fl-7b">
         <path>C:\ti\ccsv7\tools\compiler\ti-cgt-msp430_17.6.0.STS\lib\</path>
         <kind>archive</kind>
         <file>rts430x_lc_rd_eabi.lib</file>
         <name>boot_special.obj</name>
      </input_file>
      <input_file id="fl-7c">
         <path>C:\ti\ccsv7\ccs_base\msp430\lib\FR59xx\</path>
         <kind>archive</kind>
         <file>MSPMPU_INIT_LIB_CCS_msp430_large_code_restricted_data.lib</file>
         <name>mpu_init.o</name>
      </input_file>
      <input_file id="fl-7d">
         <path>C:\ti\ccsv7\tools\compiler\ti-cgt-msp430_17.6.0.STS\lib\</path>
         <kind>archive</kind>
         <file>rts430x_lc_rd_eabi.lib</file>
         <name>startup.obj</name>
      </input_file>
      <input_file id="fl-7e">
         <path>C:\ti\ccsv7\tools\compiler\ti-cgt-msp430_17.6.0.STS\lib\</path>
         <kind>archive</kind>
         <file>rts430x_lc_rd_eabi.lib</file>
         <name>pre_init.obj</name>
      </input_file>
      <input_file id="fl-7f">
         <path>C:\ti\ccsv7\tools\compiler\ti-cgt-msp430_17.6.0.STS\lib\</path>
         <kind>archive</kind>
         <file>rts430x_lc_rd_eabi.lib</file>
         <name>exit.obj</name>
      </input_file>
      <input_file id="fl-80">
         <path>C:\ti\ccsv7\tools\compiler\ti-cgt-msp430_17.6.0.STS\lib\</path>
         <kind>archive</kind>
         <file>rts430x_lc_rd_eabi.lib</file>
         <name>exit_gvars.obj</name>
      </input_file>
      <input_file id="fl-81">
         <path>C:\ti\ccsv7\tools\compiler\ti-cgt-msp430_17.6.0.STS\lib\</path>
         <kind>archive</kind>
         <file>rts430x_lc_rd_eabi.lib</file>
         <name>_lock.obj</name>
      </input_file>
      <input_file id="fl-82">
         <path>C:\ti\ccsv7\tools\compiler\ti-cgt-msp430_17.6.0.STS\lib\</path>
         <kind>archive</kind>
         <file>rts430x_lc_rd_eabi.lib</file>
         <name>atoi.obj</name>
      </input_file>
      <input_file id="fl-83">
         <path>C:\ti\ccsv7\tools\compiler\ti-cgt-msp430_17.6.0.STS\lib\</path>
         <kind>archive</kind>
         <file>rts430x_lc_rd_eabi.lib</file>
         <name>ctype.obj</name>
      </input_file>
      <input_file id="fl-84">
         <path>C:\ti\ccsv7\tools\compiler\ti-cgt-msp430_17.6.0.STS\lib\</path>
         <kind>archive</kind>
         <file>rts430x_lc_rd_eabi.lib</file>
         <name>cpy_tbl.obj</name>
      </input_file>
      <input_file id="fl-85">
         <path>C:\ti\ccsv7\tools\compiler\ti-cgt-msp430_17.6.0.STS\lib\</path>
         <kind>archive</kind>
         <file>rts430x_lc_rd_eabi.lib</file>
         <name>memcpy.obj</name>
      </input_file>
      <input_file id="fl-86">
         <path>C:\ti\ccsv7\tools\compiler\ti-cgt-msp430_17.6.0.STS\lib\</path>
         <kind>archive</kind>
         <file>rts430x_lc_rd_eabi.lib</file>
         <name>memset.obj</name>
      </input_file>
      <input_file id="fl-87">
         <path>C:\ti\ccsv7\tools\compiler\ti-cgt-msp430_17.6.0.STS\lib\</path>
         <kind>archive</kind>
         <file>rts430x_lc_rd_eabi.lib</file>
         <name>strlen.obj</name>
      </input_file>
      <input_file id="fl-88">
         <path>C:\ti\ccsv7\tools\compiler\ti-cgt-msp430_17.6.0.STS\lib\</path>
         <kind>archive</kind>
         <file>rts430x_lc_rd_eabi.lib</file>
         <name>vsnprintf.obj</name>
      </input_file>
      <input_file id="fl-89">
         <path>C:\ti\ccsv7\tools\compiler\ti-cgt-msp430_17.6.0.STS\lib\</path>
         <kind>archive</kind>
         <file>rts430x_lc_rd_eabi.lib</file>
         <name>_printfi_min.obj</name>
      </input_file>
      <input_file id="fl-8a">
         <path>C:\ti\ccsv7\tools\compiler\ti-cgt-msp430_17.6.0.STS\lib\</path>
         <kind>archive</kind>
         <file>rts430x_lc_rd_eabi.lib</file>
         <name>div16u.obj</name>
      </input_file>
      <input_file id="fl-8b">
         <path>C:\ti\ccsv7\tools\compiler\ti-cgt-msp430_17.6.0.STS\lib\</path>
         <kind>archive</kind>
         <file>rts430x_lc_rd_eabi.lib</file>
         <name>memccpy.obj</name>
      </input_file>
   </input_file_list>
   <object_component_list>
      <object_component id="oc-a93">
         <name>.cinit..data.load</name>
         <load_address>0x48b6</load_address>
         <run_address>0x48b6</run_address>
         <size>0x37</size>
      </object_component>
      <object_component id="oc-a90">
         <name>__TI_handler_table</name>
         <load_address>0x48ee</load_address>
         <run_address>0x48ee</run_address>
         <size>0xc</size>
      </object_component>
      <object_component id="oc-a92">
         <name>.cinit..bss.load</name>
         <load_address>0x48fa</load_address>
         <run_address>0x48fa</run_address>
         <size>0x6</size>
      </object_component>
      <object_component id="oc-a91">
         <name>__TI_cinit_table</name>
         <load_address>0x4900</load_address>
         <run_address>0x4900</run_address>
         <size>0x10</size>
      </object_component>
      <object_component id="oc-a27">
         <name>.binit</name>
         <load_address>0x4000</load_address>
         <run_address>0x4000</run_address>
         <size>0x0</size>
      </object_component>
      <object_component id="oc-702">
         <name>.text:_isr:ReceivedMsg</name>
         <load_address>0x4000</load_address>
         <run_address>0x4000</run_address>
         <size>0x224</size>
         <input_file_ref idref="fl-7"/>
      </object_component>
      <object_component id="oc-70e">
         <name>.text:_isr:Timer4_A0_ISR</name>
         <load_address>0x4224</load_address>
         <run_address>0x4224</run_address>
         <size>0xbc</size>
         <input_file_ref idref="fl-3"/>
      </object_component>
      <object_component id="oc-720">
         <name>.text:_isr:USCI_A0_ISR</name>
         <load_address>0x42e0</load_address>
         <run_address>0x42e0</run_address>
         <size>0x24</size>
         <input_file_ref idref="fl-c"/>
      </object_component>
      <object_component id="oc-714">
         <name>.text:_isr:USCI_A1_ISR</name>
         <load_address>0x4304</load_address>
         <run_address>0x4304</run_address>
         <size>0x24</size>
         <input_file_ref idref="fl-c"/>
      </object_component>
      <object_component id="oc-708">
         <name>.text:_isr:Timer4_A1_ISR</name>
         <load_address>0x4328</load_address>
         <run_address>0x4328</run_address>
         <size>0x1e</size>
         <input_file_ref idref="fl-3"/>
      </object_component>
      <object_component id="oc-d9">
         <name>.text:_isr:_c_int00_noargs_noexit_mpu</name>
         <load_address>0x4346</load_address>
         <run_address>0x4346</run_address>
         <size>0x1e</size>
         <input_file_ref idref="fl-7b"/>
      </object_component>
      <object_component id="oc-71a">
         <name>.text:_isr:ADC12_ISR</name>
         <load_address>0x4364</load_address>
         <run_address>0x4364</run_address>
         <size>0x14</size>
         <input_file_ref idref="fl-6"/>
      </object_component>
      <object_component id="oc-6fc">
         <name>.text:_isr:USCI_B2_ISR</name>
         <load_address>0x4378</load_address>
         <run_address>0x4378</run_address>
         <size>0xc</size>
         <input_file_ref idref="fl-9"/>
      </object_component>
      <object_component id="oc-6f7">
         <name>.text:_isr:__TI_ISR_TRAP</name>
         <load_address>0x4384</load_address>
         <run_address>0x4384</run_address>
         <size>0x8</size>
         <input_file_ref idref="fl-3b"/>
      </object_component>
      <object_component id="oc-975">
         <name>.const:.string</name>
         <load_address>0x438c</load_address>
         <run_address>0x438c</run_address>
         <size>0x31c</size>
         <input_file_ref idref="fl-8"/>
      </object_component>
      <object_component id="oc-90e">
         <name>.const:.string</name>
         <load_address>0x46a8</load_address>
         <run_address>0x46a8</run_address>
         <size>0xf0</size>
         <input_file_ref idref="fl-e"/>
      </object_component>
      <object_component id="oc-9b3">
         <name>.const:.string</name>
         <load_address>0x4798</load_address>
         <run_address>0x4798</run_address>
         <size>0xa4</size>
         <input_file_ref idref="fl-c"/>
      </object_component>
      <object_component id="oc-8aa">
         <name>.const:.string</name>
         <load_address>0x483c</load_address>
         <run_address>0x483c</run_address>
         <size>0x62</size>
         <input_file_ref idref="fl-4"/>
      </object_component>
      <object_component id="oc-a03">
         <name>.const:.string</name>
         <load_address>0x489e</load_address>
         <run_address>0x489e</run_address>
         <size>0x14</size>
         <input_file_ref idref="fl-89"/>
      </object_component>
      <object_component id="oc-816">
         <name>.const:.string:$P$T1$2</name>
         <load_address>0x48b2</load_address>
         <run_address>0x48b2</run_address>
         <size>0x3</size>
         <input_file_ref idref="fl-7"/>
      </object_component>
      <object_component id="oc-83b">
         <name>.text:__TI_frcdivd</name>
         <load_address>0x10000</load_address>
         <run_address>0x10000</run_address>
         <size>0x466</size>
         <input_file_ref idref="fl-61"/>
      </object_component>
      <object_component id="oc-7be">
         <name>.text:__mspabi_divd</name>
         <load_address>0x10466</load_address>
         <run_address>0x10466</run_address>
         <size>0x222</size>
         <input_file_ref idref="fl-60"/>
      </object_component>
      <object_component id="oc-9dd">
         <name>.text:_setfield</name>
         <load_address>0x10688</load_address>
         <run_address>0x10688</run_address>
         <size>0x132</size>
         <input_file_ref idref="fl-89"/>
      </object_component>
      <object_component id="oc-9c3">
         <name>.text:cmdAction</name>
         <load_address>0x107ba</load_address>
         <run_address>0x107ba</run_address>
         <size>0x104</size>
         <input_file_ref idref="fl-8"/>
      </object_component>
      <object_component id="oc-92e">
         <name>.text:uartTransmit</name>
         <load_address>0x108be</load_address>
         <run_address>0x108be</run_address>
         <size>0xe2</size>
         <input_file_ref idref="fl-c"/>
      </object_component>
      <object_component id="oc-a04">
         <name>.text:_pproc_diouxp</name>
         <load_address>0x109a0</load_address>
         <run_address>0x109a0</run_address>
         <size>0xdc</size>
         <input_file_ref idref="fl-89"/>
      </object_component>
      <object_component id="oc-99d">
         <name>.text:__TI_printfi_minimal</name>
         <load_address>0x10a7c</load_address>
         <run_address>0x10a7c</run_address>
         <size>0xce</size>
         <input_file_ref idref="fl-89"/>
      </object_component>
      <object_component id="oc-94b">
         <name>.text:uartReportStatus</name>
         <load_address>0x10b4a</load_address>
         <run_address>0x10b4a</run_address>
         <size>0xb6</size>
         <input_file_ref idref="fl-c"/>
      </object_component>
      <object_component id="oc-8e6">
         <name>.text:uartInit</name>
         <load_address>0x10c00</load_address>
         <run_address>0x10c00</run_address>
         <size>0xb0</size>
         <input_file_ref idref="fl-c"/>
      </object_component>
      <object_component id="oc-7ae">
         <name>.text</name>
         <load_address>0x10cb0</load_address>
         <run_address>0x10cb0</run_address>
         <size>0x90</size>
         <input_file_ref idref="fl-62"/>
      </object_component>
      <object_component id="oc-7c4">
         <name>.text:__mspabi_cvtdf</name>
         <load_address>0x10d40</load_address>
         <run_address>0x10d40</run_address>
         <size>0x8c</size>
         <input_file_ref idref="fl-5e"/>
      </object_component>
      <object_component id="oc-785">
         <name>.text:spiTransceive</name>
         <load_address>0x10dcc</load_address>
         <run_address>0x10dcc</run_address>
         <size>0x8c</size>
         <input_file_ref idref="fl-a"/>
      </object_component>
      <object_component id="oc-733">
         <name>.text:_auto_init_hold_wdt</name>
         <load_address>0x10e58</load_address>
         <run_address>0x10e58</run_address>
         <size>0x82</size>
         <input_file_ref idref="fl-7a"/>
      </object_component>
      <object_component id="oc-7b8">
         <name>.text:__mspabi_fltuld</name>
         <load_address>0x10eda</load_address>
         <run_address>0x10eda</run_address>
         <size>0x80</size>
         <input_file_ref idref="fl-67"/>
      </object_component>
      <object_component id="oc-84">
         <name>.text:decompress:lzss:__TI_decompress_lzss</name>
         <load_address>0x10f5a</load_address>
         <run_address>0x10f5a</run_address>
         <size>0x78</size>
         <input_file_ref idref="fl-38"/>
      </object_component>
      <object_component id="oc-89e">
         <name>.text:infoReport</name>
         <load_address>0x10fd2</load_address>
         <run_address>0x10fd2</run_address>
         <size>0x78</size>
         <input_file_ref idref="fl-e"/>
      </object_component>
      <object_component id="oc-809">
         <name>.text:bspInit</name>
         <load_address>0x1104a</load_address>
         <run_address>0x1104a</run_address>
         <size>0x74</size>
         <input_file_ref idref="fl-4"/>
      </object_component>
      <object_component id="oc-7ce">
         <name>.text:handleUCTXIFG</name>
         <load_address>0x110be</load_address>
         <run_address>0x110be</run_address>
         <size>0x6c</size>
         <input_file_ref idref="fl-c"/>
      </object_component>
      <object_component id="oc-7e2">
         <name>.text:copy_in</name>
         <load_address>0x1112a</load_address>
         <run_address>0x1112a</run_address>
         <size>0x66</size>
         <input_file_ref idref="fl-84"/>
      </object_component>
      <object_component id="oc-9f2">
         <name>.text:coreCallSimpleHandlers</name>
         <load_address>0x11190</load_address>
         <run_address>0x11190</run_address>
         <size>0x5e</size>
         <input_file_ref idref="fl-8"/>
      </object_component>
      <object_component id="oc-95c">
         <name>.text:processCommand</name>
         <load_address>0x111ee</load_address>
         <run_address>0x111ee</run_address>
         <size>0x5e</size>
         <input_file_ref idref="fl-8"/>
      </object_component>
      <object_component id="oc-928">
         <name>.text:vsnprintf</name>
         <load_address>0x1124c</load_address>
         <run_address>0x1124c</run_address>
         <size>0x56</size>
         <input_file_ref idref="fl-88"/>
      </object_component>
      <object_component id="oc-901">
         <name>.text:reportStatusCallback</name>
         <load_address>0x112a2</load_address>
         <run_address>0x112a2</run_address>
         <size>0x52</size>
         <input_file_ref idref="fl-8"/>
      </object_component>
      <object_component id="oc-7b3">
         <name>.text</name>
         <load_address>0x112f4</load_address>
         <run_address>0x112f4</run_address>
         <size>0x4c</size>
         <input_file_ref idref="fl-63"/>
      </object_component>
      <object_component id="oc-7d4">
         <name>.text:handleUCRXIFG</name>
         <load_address>0x11340</load_address>
         <run_address>0x11340</run_address>
         <size>0x4a</size>
         <input_file_ref idref="fl-c"/>
      </object_component>
      <object_component id="oc-9e3">
         <name>.text:_pproc_str</name>
         <load_address>0x1138a</load_address>
         <run_address>0x1138a</run_address>
         <size>0x48</size>
         <input_file_ref idref="fl-89"/>
      </object_component>
      <object_component id="oc-898">
         <name>.text:debugInit</name>
         <load_address>0x113d2</load_address>
         <run_address>0x113d2</run_address>
         <size>0x48</size>
         <input_file_ref idref="fl-8"/>
      </object_component>
      <object_component id="oc-8ef">
         <name>.text:debugReadCallback</name>
         <load_address>0x1141a</load_address>
         <run_address>0x1141a</run_address>
         <size>0x46</size>
         <input_file_ref idref="fl-8"/>
      </object_component>
      <object_component id="oc-8a4">
         <name>.text:debugRegisterEntity</name>
         <load_address>0x11460</load_address>
         <run_address>0x11460</run_address>
         <size>0x44</size>
         <input_file_ref idref="fl-8"/>
      </object_component>
      <object_component id="oc-8c7">
         <name>.text:l_asr_const</name>
         <load_address>0x114a4</load_address>
         <run_address>0x114a4</run_address>
         <size>0x3e</size>
         <input_file_ref idref="fl-74"/>
      </object_component>
      <object_component id="oc-78b">
         <name>.text:l_lsl_const</name>
         <load_address>0x114e2</load_address>
         <run_address>0x114e2</run_address>
         <size>0x3e</size>
         <input_file_ref idref="fl-73"/>
      </object_component>
      <object_component id="oc-834">
         <name>.text:l_lsr_const</name>
         <load_address>0x11520</load_address>
         <run_address>0x11520</run_address>
         <size>0x3e</size>
         <input_file_ref idref="fl-75"/>
      </object_component>
      <object_component id="oc-8fb">
         <name>.text:actionCallback</name>
         <load_address>0x1155e</load_address>
         <run_address>0x1155e</run_address>
         <size>0x3c</size>
         <input_file_ref idref="fl-8"/>
      </object_component>
      <object_component id="oc-77f">
         <name>.text:readRegister</name>
         <load_address>0x1159a</load_address>
         <run_address>0x1159a</run_address>
         <size>0x3a</size>
         <input_file_ref idref="fl-7"/>
      </object_component>
      <object_component id="oc-991">
         <name>.text:_outs</name>
         <load_address>0x115d4</load_address>
         <run_address>0x115d4</run_address>
         <size>0x36</size>
         <input_file_ref idref="fl-88"/>
      </object_component>
      <object_component id="oc-8ab">
         <name>.text:debugTraceF</name>
         <load_address>0x1160a</load_address>
         <run_address>0x1160a</run_address>
         <size>0x36</size>
         <input_file_ref idref="fl-8"/>
      </object_component>
      <object_component id="oc-9c9">
         <name>.text:displayPrompt</name>
         <load_address>0x11640</load_address>
         <run_address>0x11640</run_address>
         <size>0x32</size>
         <input_file_ref idref="fl-8"/>
      </object_component>
      <object_component id="oc-7a9">
         <name>.text</name>
         <load_address>0x11672</load_address>
         <run_address>0x11672</run_address>
         <size>0x32</size>
         <input_file_ref idref="fl-68"/>
      </object_component>
      <object_component id="oc-746">
         <name>.text:__mpu_init</name>
         <load_address>0x116a4</load_address>
         <run_address>0x116a4</run_address>
         <size>0x2c</size>
         <input_file_ref idref="fl-7c"/>
      </object_component>
      <object_component id="oc-90f">
         <name>.text:debugPrintF</name>
         <load_address>0x116d0</load_address>
         <run_address>0x116d0</run_address>
         <size>0x2c</size>
         <input_file_ref idref="fl-8"/>
      </object_component>
      <object_component id="oc-74d">
         <name>.text:main</name>
         <load_address>0x116fc</load_address>
         <run_address>0x116fc</run_address>
         <size>0x2c</size>
         <input_file_ref idref="fl-2"/>
      </object_component>
      <object_component id="oc-790">
         <name>.text:bitModify</name>
         <load_address>0x11728</load_address>
         <run_address>0x11728</run_address>
         <size>0x2a</size>
         <input_file_ref idref="fl-7"/>
      </object_component>
      <object_component id="oc-779">
         <name>.text:readStatus</name>
         <load_address>0x11752</load_address>
         <run_address>0x11752</run_address>
         <size>0x2a</size>
         <input_file_ref idref="fl-7"/>
      </object_component>
      <object_component id="oc-8f5">
         <name>.text:uartRegisterRxCallback</name>
         <load_address>0x1177c</load_address>
         <run_address>0x1177c</run_address>
         <size>0x26</size>
         <input_file_ref idref="fl-c"/>
      </object_component>
      <object_component id="oc-942">
         <name>.text:bspUARTInit</name>
         <load_address>0x117a2</load_address>
         <run_address>0x117a2</run_address>
         <size>0x24</size>
         <input_file_ref idref="fl-4"/>
      </object_component>
      <object_component id="oc-b5">
         <name>.text:decompress:ZI:__TI_zero_init</name>
         <load_address>0x117c6</load_address>
         <run_address>0x117c6</run_address>
         <size>0x24</size>
         <input_file_ref idref="fl-59"/>
      </object_component>
      <object_component id="oc-8c2">
         <name>.text</name>
         <load_address>0x117ea</load_address>
         <run_address>0x117ea</run_address>
         <size>0x24</size>
         <input_file_ref idref="fl-6e"/>
      </object_component>
      <object_component id="oc-997">
         <name>.text:_outc</name>
         <load_address>0x1180e</load_address>
         <run_address>0x1180e</run_address>
         <size>0x20</size>
         <input_file_ref idref="fl-88"/>
      </object_component>
      <object_component id="oc-a0a">
         <name>.text:memccpy</name>
         <load_address>0x1182e</load_address>
         <run_address>0x1182e</run_address>
         <size>0x1e</size>
         <input_file_ref idref="fl-8b"/>
      </object_component>
      <object_component id="oc-9bd">
         <name>.text:cmdInfo</name>
         <load_address>0x1184c</load_address>
         <run_address>0x1184c</run_address>
         <size>0x1c</size>
         <input_file_ref idref="fl-8"/>
      </object_component>
      <object_component id="oc-9b7">
         <name>.text:cmdStatus</name>
         <load_address>0x11868</load_address>
         <run_address>0x11868</run_address>
         <size>0x1c</size>
         <input_file_ref idref="fl-8"/>
      </object_component>
      <object_component id="oc-84c">
         <name>.text:disableUARTInterrupts</name>
         <load_address>0x11884</load_address>
         <run_address>0x11884</run_address>
         <size>0x18</size>
         <input_file_ref idref="fl-c"/>
      </object_component>
      <object_component id="oc-852">
         <name>.text:enableUARTInterrupts</name>
         <load_address>0x1189c</load_address>
         <run_address>0x1189c</run_address>
         <size>0x18</size>
         <input_file_ref idref="fl-c"/>
      </object_component>
      <object_component id="oc-866">
         <name>.text</name>
         <load_address>0x118b4</load_address>
         <run_address>0x118b4</run_address>
         <size>0x18</size>
         <input_file_ref idref="fl-6c"/>
      </object_component>
      <object_component id="oc-962">
         <name>.text:memset</name>
         <load_address>0x118cc</load_address>
         <run_address>0x118cc</run_address>
         <size>0x16</size>
         <input_file_ref idref="fl-86"/>
      </object_component>
      <object_component id="oc-a17">
         <name>.text</name>
         <load_address>0x118e2</load_address>
         <run_address>0x118e2</run_address>
         <size>0x16</size>
         <input_file_ref idref="fl-8a"/>
      </object_component>
      <object_component id="oc-6ea">
         <name>.text:memcpy</name>
         <load_address>0x118f8</load_address>
         <run_address>0x118f8</run_address>
         <size>0x14</size>
         <input_file_ref idref="fl-85"/>
      </object_component>
      <object_component id="oc-8a">
         <name>.text:decompress:none:__TI_decompress_none</name>
         <load_address>0x1190c</load_address>
         <run_address>0x1190c</run_address>
         <size>0x12</size>
         <input_file_ref idref="fl-39"/>
      </object_component>
      <object_component id="oc-908">
         <name>.text:getSubsystemModulePath</name>
         <load_address>0x1191e</load_address>
         <run_address>0x1191e</run_address>
         <size>0x10</size>
         <input_file_ref idref="fl-e"/>
      </object_component>
      <object_component id="oc-96f">
         <name>.text:strlen</name>
         <load_address>0x1192e</load_address>
         <run_address>0x1192e</run_address>
         <size>0xe</size>
         <input_file_ref idref="fl-87"/>
      </object_component>
      <object_component id="oc-91f">
         <name>.text:normalizeTraceLevel</name>
         <load_address>0x1193c</load_address>
         <run_address>0x1193c</run_address>
         <size>0xa</size>
         <input_file_ref idref="fl-8"/>
      </object_component>
      <object_component id="oc-755">
         <name>.text:abort</name>
         <load_address>0x11946</load_address>
         <run_address>0x11946</run_address>
         <size>0x6</size>
         <input_file_ref idref="fl-7f"/>
      </object_component>
      <object_component id="oc-978">
         <name>.text:bspGetModule</name>
         <load_address>0x1194c</load_address>
         <run_address>0x1194c</run_address>
         <size>0x6</size>
         <input_file_ref idref="fl-4"/>
      </object_component>
      <object_component id="oc-72d">
         <name>.text:_system_pre_init</name>
         <load_address>0x11952</load_address>
         <run_address>0x11952</run_address>
         <size>0x4</size>
         <input_file_ref idref="fl-7e"/>
      </object_component>
      <object_component id="oc-7e8">
         <name>.text:_system_post_cinit</name>
         <load_address>0x11956</load_address>
         <run_address>0x11956</run_address>
         <size>0x2</size>
         <input_file_ref idref="fl-7d"/>
      </object_component>
      <object_component id="oc-895">
         <name>.bss</name>
         <uninitialized>true</uninitialized>
         <run_address>0x22fe</run_address>
         <size>0x2</size>
         <input_file_ref idref="fl-4"/>
      </object_component>
      <object_component id="oc-925">
         <name>.bss:debugWriteOutputBuff</name>
         <uninitialized>true</uninitialized>
         <run_address>0x2030</run_address>
         <size>0x190</size>
         <input_file_ref idref="fl-8"/>
      </object_component>
      <object_component id="oc-959">
         <name>.bss:debugConsoleInputBuff</name>
         <uninitialized>true</uninitialized>
         <run_address>0x22b0</run_address>
         <size>0x40</size>
         <input_file_ref idref="fl-8"/>
      </object_component>
      <object_component id="oc-919">
         <name>.bss:registeredDebugEntities</name>
         <uninitialized>true</uninitialized>
         <run_address>0x21c0</run_address>
         <size>0xf0</size>
         <input_file_ref idref="fl-8"/>
      </object_component>
      <object_component id="oc-8e3">
         <name>.bss:debug_status</name>
         <uninitialized>true</uninitialized>
         <run_address>0x22f0</run_address>
         <size>0x6</size>
         <input_file_ref idref="fl-8"/>
      </object_component>
      <object_component id="oc-8ec">
         <name>.bss</name>
         <uninitialized>true</uninitialized>
         <run_address>0x2300</run_address>
         <size>0x1</size>
         <input_file_ref idref="fl-8"/>
      </object_component>
      <object_component id="oc-7cb">
         <name>.bss:buses</name>
         <uninitialized>true</uninitialized>
         <run_address>0x1c00</run_address>
         <size>0x430</size>
         <input_file_ref idref="fl-c"/>
      </object_component>
      <object_component id="oc-969">
         <name>.common:error_bus_not_initialized</name>
         <uninitialized>true</uninitialized>
         <run_address>0x2301</run_address>
         <size>0x1</size>
      </object_component>
      <object_component id="oc-796">
         <name>.common:ReceiveCallback0</name>
         <uninitialized>true</uninitialized>
         <run_address>0x22f6</run_address>
         <size>0x4</size>
      </object_component>
      <object_component id="oc-79b">
         <name>.common:ReceiveCallback1</name>
         <uninitialized>true</uninitialized>
         <run_address>0x22fa</run_address>
         <size>0x4</size>
      </object_component>
      <object_component id="oc-7a2">
         <name>.data</name>
         <load_address>0x2322</load_address>
         <run_address>0x2322</run_address>
         <size>0x16</size>
         <input_file_ref idref="fl-3"/>
      </object_component>
      <object_component id="oc-7a6">
         <name>.data:avg_window</name>
         <load_address>0x234c</load_address>
         <run_address>0x234c</run_address>
         <size>0xc</size>
         <input_file_ref idref="fl-3"/>
      </object_component>
      <object_component id="oc-916">
         <name>.data</name>
         <load_address>0x2358</load_address>
         <run_address>0x2358</run_address>
         <size>0x3</size>
         <input_file_ref idref="fl-8"/>
      </object_component>
      <object_component id="oc-9fa">
         <name>.data:DebugEntityFriendlyNames</name>
         <load_address>0x2302</load_address>
         <run_address>0x2302</run_address>
         <size>0x20</size>
         <input_file_ref idref="fl-8"/>
      </object_component>
      <object_component id="oc-948">
         <name>.data</name>
         <load_address>0x235b</load_address>
         <run_address>0x235b</run_address>
         <size>0x1</size>
         <input_file_ref idref="fl-c"/>
      </object_component>
      <object_component id="oc-97e">
         <name>.data:SubsystemModulePaths</name>
         <load_address>0x2338</load_address>
         <run_address>0x2338</run_address>
         <size>0x14</size>
         <input_file_ref idref="fl-e"/>
      </object_component>
      <object_component id="oc-6db">
         <name>.stack</name>
         <uninitialized>true</uninitialized>
         <run_address>0x2b60</run_address>
         <size>0x4</size>
         <input_file_ref idref="fl-78"/>
      </object_component>
      <object_component id="oc-a94">
         <name>.stack</name>
         <uninitialized>true</uninitialized>
         <run_address>0x2b60</run_address>
         <size>0x0</size>
      </object_component>
      <object_component id="oc-90">
         <name>.int18</name>
         <load_address>0xffb4</load_address>
         <run_address>0xffb4</run_address>
         <size>0x2</size>
         <input_file_ref idref="fl-3a"/>
      </object_component>
      <object_component id="oc-91">
         <name>.int19</name>
         <load_address>0xffb6</load_address>
         <run_address>0xffb6</run_address>
         <size>0x2</size>
         <input_file_ref idref="fl-3c"/>
      </object_component>
      <object_component id="oc-92">
         <name>.int20</name>
         <load_address>0xffb8</load_address>
         <run_address>0xffb8</run_address>
         <size>0x2</size>
         <input_file_ref idref="fl-3d"/>
      </object_component>
      <object_component id="oc-93">
         <name>.int21</name>
         <load_address>0xffba</load_address>
         <run_address>0xffba</run_address>
         <size>0x2</size>
         <input_file_ref idref="fl-3e"/>
      </object_component>
      <object_component id="oc-94">
         <name>.int22</name>
         <load_address>0xffbc</load_address>
         <run_address>0xffbc</run_address>
         <size>0x2</size>
         <input_file_ref idref="fl-9"/>
      </object_component>
      <object_component id="oc-95">
         <name>.int23</name>
         <load_address>0xffbe</load_address>
         <run_address>0xffbe</run_address>
         <size>0x2</size>
         <input_file_ref idref="fl-3f"/>
      </object_component>
      <object_component id="oc-96">
         <name>.int24</name>
         <load_address>0xffc0</load_address>
         <run_address>0xffc0</run_address>
         <size>0x2</size>
         <input_file_ref idref="fl-40"/>
      </object_component>
      <object_component id="oc-97">
         <name>.int25</name>
         <load_address>0xffc2</load_address>
         <run_address>0xffc2</run_address>
         <size>0x2</size>
         <input_file_ref idref="fl-41"/>
      </object_component>
      <object_component id="oc-98">
         <name>.int26</name>
         <load_address>0xffc4</load_address>
         <run_address>0xffc4</run_address>
         <size>0x2</size>
         <input_file_ref idref="fl-42"/>
      </object_component>
      <object_component id="oc-99">
         <name>.int27</name>
         <load_address>0xffc6</load_address>
         <run_address>0xffc6</run_address>
         <size>0x2</size>
         <input_file_ref idref="fl-7"/>
      </object_component>
      <object_component id="oc-9a">
         <name>.int28</name>
         <load_address>0xffc8</load_address>
         <run_address>0xffc8</run_address>
         <size>0x2</size>
         <input_file_ref idref="fl-3"/>
      </object_component>
      <object_component id="oc-9b">
         <name>.int29</name>
         <load_address>0xffca</load_address>
         <run_address>0xffca</run_address>
         <size>0x2</size>
         <input_file_ref idref="fl-3"/>
      </object_component>
      <object_component id="oc-9c">
         <name>.int30</name>
         <load_address>0xffcc</load_address>
         <run_address>0xffcc</run_address>
         <size>0x2</size>
         <input_file_ref idref="fl-43"/>
      </object_component>
      <object_component id="oc-9d">
         <name>.int31</name>
         <load_address>0xffce</load_address>
         <run_address>0xffce</run_address>
         <size>0x2</size>
         <input_file_ref idref="fl-44"/>
      </object_component>
      <object_component id="oc-9e">
         <name>.int32</name>
         <load_address>0xffd0</load_address>
         <run_address>0xffd0</run_address>
         <size>0x2</size>
         <input_file_ref idref="fl-45"/>
      </object_component>
      <object_component id="oc-9f">
         <name>.int33</name>
         <load_address>0xffd2</load_address>
         <run_address>0xffd2</run_address>
         <size>0x2</size>
         <input_file_ref idref="fl-46"/>
      </object_component>
      <object_component id="oc-a0">
         <name>.int34</name>
         <load_address>0xffd4</load_address>
         <run_address>0xffd4</run_address>
         <size>0x2</size>
         <input_file_ref idref="fl-47"/>
      </object_component>
      <object_component id="oc-a1">
         <name>.int35</name>
         <load_address>0xffd6</load_address>
         <run_address>0xffd6</run_address>
         <size>0x2</size>
         <input_file_ref idref="fl-48"/>
      </object_component>
      <object_component id="oc-a2">
         <name>.int36</name>
         <load_address>0xffd8</load_address>
         <run_address>0xffd8</run_address>
         <size>0x2</size>
         <input_file_ref idref="fl-49"/>
      </object_component>
      <object_component id="oc-a3">
         <name>.int37</name>
         <load_address>0xffda</load_address>
         <run_address>0xffda</run_address>
         <size>0x2</size>
         <input_file_ref idref="fl-4a"/>
      </object_component>
      <object_component id="oc-a4">
         <name>.int38</name>
         <load_address>0xffdc</load_address>
         <run_address>0xffdc</run_address>
         <size>0x2</size>
         <input_file_ref idref="fl-4b"/>
      </object_component>
      <object_component id="oc-a5">
         <name>.int39</name>
         <load_address>0xffde</load_address>
         <run_address>0xffde</run_address>
         <size>0x2</size>
         <input_file_ref idref="fl-4c"/>
      </object_component>
      <object_component id="oc-a6">
         <name>.int40</name>
         <load_address>0xffe0</load_address>
         <run_address>0xffe0</run_address>
         <size>0x2</size>
         <input_file_ref idref="fl-4d"/>
      </object_component>
      <object_component id="oc-a7">
         <name>.int41</name>
         <load_address>0xffe2</load_address>
         <run_address>0xffe2</run_address>
         <size>0x2</size>
         <input_file_ref idref="fl-4e"/>
      </object_component>
      <object_component id="oc-a8">
         <name>.int42</name>
         <load_address>0xffe4</load_address>
         <run_address>0xffe4</run_address>
         <size>0x2</size>
         <input_file_ref idref="fl-4f"/>
      </object_component>
      <object_component id="oc-a9">
         <name>.int43</name>
         <load_address>0xffe6</load_address>
         <run_address>0xffe6</run_address>
         <size>0x2</size>
         <input_file_ref idref="fl-c"/>
      </object_component>
      <object_component id="oc-aa">
         <name>.int44</name>
         <load_address>0xffe8</load_address>
         <run_address>0xffe8</run_address>
         <size>0x2</size>
         <input_file_ref idref="fl-50"/>
      </object_component>
      <object_component id="oc-ab">
         <name>.int45</name>
         <load_address>0xffea</load_address>
         <run_address>0xffea</run_address>
         <size>0x2</size>
         <input_file_ref idref="fl-51"/>
      </object_component>
      <object_component id="oc-ac">
         <name>.int46</name>
         <load_address>0xffec</load_address>
         <run_address>0xffec</run_address>
         <size>0x2</size>
         <input_file_ref idref="fl-6"/>
      </object_component>
      <object_component id="oc-ad">
         <name>.int47</name>
         <load_address>0xffee</load_address>
         <run_address>0xffee</run_address>
         <size>0x2</size>
         <input_file_ref idref="fl-52"/>
      </object_component>
      <object_component id="oc-ae">
         <name>.int48</name>
         <load_address>0xfff0</load_address>
         <run_address>0xfff0</run_address>
         <size>0x2</size>
         <input_file_ref idref="fl-c"/>
      </object_component>
      <object_component id="oc-af">
         <name>.int49</name>
         <load_address>0xfff2</load_address>
         <run_address>0xfff2</run_address>
         <size>0x2</size>
         <input_file_ref idref="fl-53"/>
      </object_component>
      <object_component id="oc-b0">
         <name>.int50</name>
         <load_address>0xfff4</load_address>
         <run_address>0xfff4</run_address>
         <size>0x2</size>
         <input_file_ref idref="fl-54"/>
      </object_component>
      <object_component id="oc-b1">
         <name>.int51</name>
         <load_address>0xfff6</load_address>
         <run_address>0xfff6</run_address>
         <size>0x2</size>
         <input_file_ref idref="fl-55"/>
      </object_component>
      <object_component id="oc-b2">
         <name>.int52</name>
         <load_address>0xfff8</load_address>
         <run_address>0xfff8</run_address>
         <size>0x2</size>
         <input_file_ref idref="fl-56"/>
      </object_component>
      <object_component id="oc-b3">
         <name>.int53</name>
         <load_address>0xfffa</load_address>
         <run_address>0xfffa</run_address>
         <size>0x2</size>
         <input_file_ref idref="fl-57"/>
      </object_component>
      <object_component id="oc-b4">
         <name>.int54</name>
         <load_address>0xfffc</load_address>
         <run_address>0xfffc</run_address>
         <size>0x2</size>
         <input_file_ref idref="fl-58"/>
      </object_component>
      <object_component id="oc-6de">
         <name>.reset</name>
         <load_address>0xfffe</load_address>
         <run_address>0xfffe</run_address>
         <size>0x2</size>
         <input_file_ref idref="fl-78"/>
      </object_component>
      <object_component id="oc-8bb">
         <name>.debug_info</name>
         <load_address>0x0</load_address>
         <run_address>0x0</run_address>
         <size>0x35c</size>
         <input_file_ref idref="fl-2"/>
      </object_component>
      <object_component id="oc-74e">
         <name>.debug_info</name>
         <load_address>0x35c</load_address>
         <run_address>0x35c</run_address>
         <size>0x147</size>
         <input_file_ref idref="fl-2"/>
      </object_component>
      <object_component id="oc-81c">
         <name>.debug_info</name>
         <load_address>0x4a3</load_address>
         <run_address>0x4a3</run_address>
         <size>0xc8</size>
         <input_file_ref idref="fl-2"/>
      </object_component>
      <object_component id="oc-859">
         <name>.debug_info</name>
         <load_address>0x56b</load_address>
         <run_address>0x56b</run_address>
         <size>0x1bc</size>
         <input_file_ref idref="fl-2"/>
      </object_component>
      <object_component id="oc-6e5">
         <name>.debug_info</name>
         <load_address>0x727</load_address>
         <run_address>0x727</run_address>
         <size>0x84</size>
         <input_file_ref idref="fl-2"/>
      </object_component>
      <object_component id="oc-8b2">
         <name>.debug_info</name>
         <load_address>0x7ab</load_address>
         <run_address>0x7ab</run_address>
         <size>0x244</size>
         <input_file_ref idref="fl-2"/>
      </object_component>
      <object_component id="oc-79d">
         <name>.debug_info</name>
         <load_address>0x9ef</load_address>
         <run_address>0x9ef</run_address>
         <size>0x18b</size>
         <input_file_ref idref="fl-2"/>
      </object_component>
      <object_component id="oc-861">
         <name>.debug_info</name>
         <load_address>0xb7a</load_address>
         <run_address>0xb7a</run_address>
         <size>0x1e9</size>
         <input_file_ref idref="fl-2"/>
      </object_component>
      <object_component id="oc-952">
         <name>.debug_info</name>
         <load_address>0xd63</load_address>
         <run_address>0xd63</run_address>
         <size>0x39</size>
         <input_file_ref idref="fl-2"/>
      </object_component>
      <object_component id="oc-935">
         <name>.debug_info</name>
         <load_address>0xd9c</load_address>
         <run_address>0xd9c</run_address>
         <size>0x39</size>
         <input_file_ref idref="fl-2"/>
      </object_component>
      <object_component id="oc-989">
         <name>.debug_info</name>
         <load_address>0xdd5</load_address>
         <run_address>0xdd5</run_address>
         <size>0x2c</size>
         <input_file_ref idref="fl-2"/>
      </object_component>
      <object_component id="oc-830">
         <name>.debug_info</name>
         <load_address>0xe01</load_address>
         <run_address>0xe01</run_address>
         <size>0x4a5</size>
         <input_file_ref idref="fl-3"/>
      </object_component>
      <object_component id="oc-7a3">
         <name>.debug_info</name>
         <load_address>0x12a6</load_address>
         <run_address>0x12a6</run_address>
         <size>0x275</size>
         <input_file_ref idref="fl-3"/>
      </object_component>
      <object_component id="oc-7a7">
         <name>.debug_info</name>
         <load_address>0x151b</load_address>
         <run_address>0x151b</run_address>
         <size>0x11c</size>
         <input_file_ref idref="fl-3"/>
      </object_component>
      <object_component id="oc-709">
         <name>.debug_info</name>
         <load_address>0x1637</load_address>
         <run_address>0x1637</run_address>
         <size>0x19f</size>
         <input_file_ref idref="fl-3"/>
      </object_component>
      <object_component id="oc-70f">
         <name>.debug_info</name>
         <load_address>0x17d6</load_address>
         <run_address>0x17d6</run_address>
         <size>0x259</size>
         <input_file_ref idref="fl-3"/>
      </object_component>
      <object_component id="oc-96c">
         <name>.debug_info</name>
         <load_address>0x1a2f</load_address>
         <run_address>0x1a2f</run_address>
         <size>0x524</size>
         <input_file_ref idref="fl-4"/>
      </object_component>
      <object_component id="oc-896">
         <name>.debug_info</name>
         <load_address>0x1f53</load_address>
         <run_address>0x1f53</run_address>
         <size>0x112</size>
         <input_file_ref idref="fl-4"/>
      </object_component>
      <object_component id="oc-943">
         <name>.debug_info</name>
         <load_address>0x2065</load_address>
         <run_address>0x2065</run_address>
         <size>0x1bd</size>
         <input_file_ref idref="fl-4"/>
      </object_component>
      <object_component id="oc-80a">
         <name>.debug_info</name>
         <load_address>0x2222</load_address>
         <run_address>0x2222</run_address>
         <size>0x1dd</size>
         <input_file_ref idref="fl-4"/>
      </object_component>
      <object_component id="oc-979">
         <name>.debug_info</name>
         <load_address>0x23ff</load_address>
         <run_address>0x23ff</run_address>
         <size>0x191</size>
         <input_file_ref idref="fl-4"/>
      </object_component>
      <object_component id="oc-71d">
         <name>.debug_info</name>
         <load_address>0x2590</load_address>
         <run_address>0x2590</run_address>
         <size>0x1a0</size>
         <input_file_ref idref="fl-6"/>
      </object_component>
      <object_component id="oc-799">
         <name>.debug_info</name>
         <load_address>0x2730</load_address>
         <run_address>0x2730</run_address>
         <size>0x3da</size>
         <input_file_ref idref="fl-7"/>
      </object_component>
      <object_component id="oc-817">
         <name>.debug_info</name>
         <load_address>0x2b0a</load_address>
         <run_address>0x2b0a</run_address>
         <size>0x111</size>
         <input_file_ref idref="fl-7"/>
      </object_component>
      <object_component id="oc-792">
         <name>.debug_info</name>
         <load_address>0x2c1b</load_address>
         <run_address>0x2c1b</run_address>
         <size>0x22c</size>
         <input_file_ref idref="fl-7"/>
      </object_component>
      <object_component id="oc-77a">
         <name>.debug_info</name>
         <load_address>0x2e47</load_address>
         <run_address>0x2e47</run_address>
         <size>0x1de</size>
         <input_file_ref idref="fl-7"/>
      </object_component>
      <object_component id="oc-780">
         <name>.debug_info</name>
         <load_address>0x3025</load_address>
         <run_address>0x3025</run_address>
         <size>0x221</size>
         <input_file_ref idref="fl-7"/>
      </object_component>
      <object_component id="oc-703">
         <name>.debug_info</name>
         <load_address>0x3246</load_address>
         <run_address>0x3246</run_address>
         <size>0x422</size>
         <input_file_ref idref="fl-7"/>
      </object_component>
      <object_component id="oc-91d">
         <name>.debug_info</name>
         <load_address>0x3668</load_address>
         <run_address>0x3668</run_address>
         <size>0x4a3</size>
         <input_file_ref idref="fl-8"/>
      </object_component>
      <object_component id="oc-926">
         <name>.debug_info</name>
         <load_address>0x3b0b</load_address>
         <run_address>0x3b0b</run_address>
         <size>0x132</size>
         <input_file_ref idref="fl-8"/>
      </object_component>
      <object_component id="oc-95a">
         <name>.debug_info</name>
         <load_address>0x3c3d</load_address>
         <run_address>0x3c3d</run_address>
         <size>0x134</size>
         <input_file_ref idref="fl-8"/>
      </object_component>
      <object_component id="oc-917">
         <name>.debug_info</name>
         <load_address>0x3d71</load_address>
         <run_address>0x3d71</run_address>
         <size>0x18c</size>
         <input_file_ref idref="fl-8"/>
      </object_component>
      <object_component id="oc-91a">
         <name>.debug_info</name>
         <load_address>0x3efd</load_address>
         <run_address>0x3efd</run_address>
         <size>0x138</size>
         <input_file_ref idref="fl-8"/>
      </object_component>
      <object_component id="oc-8e4">
         <name>.debug_info</name>
         <load_address>0x4035</load_address>
         <run_address>0x4035</run_address>
         <size>0x122</size>
         <input_file_ref idref="fl-8"/>
      </object_component>
      <object_component id="oc-9fb">
         <name>.debug_info</name>
         <load_address>0x4157</load_address>
         <run_address>0x4157</run_address>
         <size>0x13a</size>
         <input_file_ref idref="fl-8"/>
      </object_component>
      <object_component id="oc-8ed">
         <name>.debug_info</name>
         <load_address>0x4291</load_address>
         <run_address>0x4291</run_address>
         <size>0x116</size>
         <input_file_ref idref="fl-8"/>
      </object_component>
      <object_component id="oc-913">
         <name>.debug_info</name>
         <load_address>0x43a7</load_address>
         <run_address>0x43a7</run_address>
         <size>0x1f8</size>
         <input_file_ref idref="fl-8"/>
      </object_component>
      <object_component id="oc-905">
         <name>.debug_info</name>
         <load_address>0x459f</load_address>
         <run_address>0x459f</run_address>
         <size>0x223</size>
         <input_file_ref idref="fl-8"/>
      </object_component>
      <object_component id="oc-923">
         <name>.debug_info</name>
         <load_address>0x47c2</load_address>
         <run_address>0x47c2</run_address>
         <size>0x1de</size>
         <input_file_ref idref="fl-8"/>
      </object_component>
      <object_component id="oc-8ff">
         <name>.debug_info</name>
         <load_address>0x49a0</load_address>
         <run_address>0x49a0</run_address>
         <size>0x22a</size>
         <input_file_ref idref="fl-8"/>
      </object_component>
      <object_component id="oc-8f3">
         <name>.debug_info</name>
         <load_address>0x4bca</load_address>
         <run_address>0x4bca</run_address>
         <size>0x203</size>
         <input_file_ref idref="fl-8"/>
      </object_component>
      <object_component id="oc-9f6">
         <name>.debug_info</name>
         <load_address>0x4dcd</load_address>
         <run_address>0x4dcd</run_address>
         <size>0x20a</size>
         <input_file_ref idref="fl-8"/>
      </object_component>
      <object_component id="oc-9bb">
         <name>.debug_info</name>
         <load_address>0x4fd7</load_address>
         <run_address>0x4fd7</run_address>
         <size>0x1ce</size>
         <input_file_ref idref="fl-8"/>
      </object_component>
      <object_component id="oc-9c1">
         <name>.debug_info</name>
         <load_address>0x51a5</load_address>
         <run_address>0x51a5</run_address>
         <size>0x1ca</size>
         <input_file_ref idref="fl-8"/>
      </object_component>
      <object_component id="oc-9c7">
         <name>.debug_info</name>
         <load_address>0x536f</load_address>
         <run_address>0x536f</run_address>
         <size>0x2e2</size>
         <input_file_ref idref="fl-8"/>
      </object_component>
      <object_component id="oc-9cd">
         <name>.debug_info</name>
         <load_address>0x5651</load_address>
         <run_address>0x5651</run_address>
         <size>0x1eb</size>
         <input_file_ref idref="fl-8"/>
      </object_component>
      <object_component id="oc-95d">
         <name>.debug_info</name>
         <load_address>0x583c</load_address>
         <run_address>0x583c</run_address>
         <size>0x27e</size>
         <input_file_ref idref="fl-8"/>
      </object_component>
      <object_component id="oc-8ac">
         <name>.debug_info</name>
         <load_address>0x5aba</load_address>
         <run_address>0x5aba</run_address>
         <size>0x225</size>
         <input_file_ref idref="fl-8"/>
      </object_component>
      <object_component id="oc-8a5">
         <name>.debug_info</name>
         <load_address>0x5cdf</load_address>
         <run_address>0x5cdf</run_address>
         <size>0x2e5</size>
         <input_file_ref idref="fl-8"/>
      </object_component>
      <object_component id="oc-899">
         <name>.debug_info</name>
         <load_address>0x5fc4</load_address>
         <run_address>0x5fc4</run_address>
         <size>0x1e5</size>
         <input_file_ref idref="fl-8"/>
      </object_component>
      <object_component id="oc-6fd">
         <name>.debug_info</name>
         <load_address>0x61a9</load_address>
         <run_address>0x61a9</run_address>
         <size>0x18f</size>
         <input_file_ref idref="fl-9"/>
      </object_component>
      <object_component id="oc-81b">
         <name>.debug_info</name>
         <load_address>0x6338</load_address>
         <run_address>0x6338</run_address>
         <size>0x2ba</size>
         <input_file_ref idref="fl-a"/>
      </object_component>
      <object_component id="oc-787">
         <name>.debug_info</name>
         <load_address>0x65f2</load_address>
         <run_address>0x65f2</run_address>
         <size>0x235</size>
         <input_file_ref idref="fl-a"/>
      </object_component>
      <object_component id="oc-7db">
         <name>.debug_info</name>
         <load_address>0x6827</load_address>
         <run_address>0x6827</run_address>
         <size>0x624</size>
         <input_file_ref idref="fl-c"/>
      </object_component>
      <object_component id="oc-7cc">
         <name>.debug_info</name>
         <load_address>0x6e4b</load_address>
         <run_address>0x6e4b</run_address>
         <size>0x10e</size>
         <input_file_ref idref="fl-c"/>
      </object_component>
      <object_component id="oc-949">
         <name>.debug_info</name>
         <load_address>0x6f59</load_address>
         <run_address>0x6f59</run_address>
         <size>0x13a</size>
         <input_file_ref idref="fl-c"/>
      </object_component>
      <object_component id="oc-84d">
         <name>.debug_info</name>
         <load_address>0x7093</load_address>
         <run_address>0x7093</run_address>
         <size>0x1cf</size>
         <input_file_ref idref="fl-c"/>
      </object_component>
      <object_component id="oc-853">
         <name>.debug_info</name>
         <load_address>0x7262</load_address>
         <run_address>0x7262</run_address>
         <size>0x1cd</size>
         <input_file_ref idref="fl-c"/>
      </object_component>
      <object_component id="oc-92f">
         <name>.debug_info</name>
         <load_address>0x742f</load_address>
         <run_address>0x742f</run_address>
         <size>0x2ac</size>
         <input_file_ref idref="fl-c"/>
      </object_component>
      <object_component id="oc-94c">
         <name>.debug_info</name>
         <load_address>0x76db</load_address>
         <run_address>0x76db</run_address>
         <size>0x22d</size>
         <input_file_ref idref="fl-c"/>
      </object_component>
      <object_component id="oc-8f6">
         <name>.debug_info</name>
         <load_address>0x7908</load_address>
         <run_address>0x7908</run_address>
         <size>0x22e</size>
         <input_file_ref idref="fl-c"/>
      </object_component>
      <object_component id="oc-8e7">
         <name>.debug_info</name>
         <load_address>0x7b36</load_address>
         <run_address>0x7b36</run_address>
         <size>0x267</size>
         <input_file_ref idref="fl-c"/>
      </object_component>
      <object_component id="oc-7cf">
         <name>.debug_info</name>
         <load_address>0x7d9d</load_address>
         <run_address>0x7d9d</run_address>
         <size>0x22f</size>
         <input_file_ref idref="fl-c"/>
      </object_component>
      <object_component id="oc-7d5">
         <name>.debug_info</name>
         <load_address>0x7fcc</load_address>
         <run_address>0x7fcc</run_address>
         <size>0x216</size>
         <input_file_ref idref="fl-c"/>
      </object_component>
      <object_component id="oc-715">
         <name>.debug_info</name>
         <load_address>0x81e2</load_address>
         <run_address>0x81e2</run_address>
         <size>0x1d4</size>
         <input_file_ref idref="fl-c"/>
      </object_component>
      <object_component id="oc-721">
         <name>.debug_info</name>
         <load_address>0x83b6</load_address>
         <run_address>0x83b6</run_address>
         <size>0x1d4</size>
         <input_file_ref idref="fl-c"/>
      </object_component>
      <object_component id="oc-797">
         <name>.debug_info</name>
         <load_address>0x858a</load_address>
         <run_address>0x858a</run_address>
         <size>0x2cf</size>
         <input_file_ref idref="fl-d"/>
      </object_component>
      <object_component id="oc-825">
         <name>.debug_info</name>
         <load_address>0x8859</load_address>
         <run_address>0x8859</run_address>
         <size>0x55</size>
         <input_file_ref idref="fl-d"/>
      </object_component>
      <object_component id="oc-96a">
         <name>.debug_info</name>
         <load_address>0x88ae</load_address>
         <run_address>0x88ae</run_address>
         <size>0x39d</size>
         <input_file_ref idref="fl-e"/>
      </object_component>
      <object_component id="oc-97f">
         <name>.debug_info</name>
         <load_address>0x8c4b</load_address>
         <run_address>0x8c4b</run_address>
         <size>0x138</size>
         <input_file_ref idref="fl-e"/>
      </object_component>
      <object_component id="oc-909">
         <name>.debug_info</name>
         <load_address>0x8d83</load_address>
         <run_address>0x8d83</run_address>
         <size>0x1e2</size>
         <input_file_ref idref="fl-e"/>
      </object_component>
      <object_component id="oc-89f">
         <name>.debug_info</name>
         <load_address>0x8f65</load_address>
         <run_address>0x8f65</run_address>
         <size>0x250</size>
         <input_file_ref idref="fl-e"/>
      </object_component>
      <object_component id="oc-768">
         <name>.debug_info</name>
         <load_address>0x91b5</load_address>
         <run_address>0x91b5</run_address>
         <size>0x170</size>
         <input_file_ref idref="fl-38"/>
      </object_component>
      <object_component id="oc-85">
         <name>.debug_info</name>
         <load_address>0x9325</load_address>
         <run_address>0x9325</run_address>
         <size>0x245</size>
         <input_file_ref idref="fl-38"/>
      </object_component>
      <object_component id="oc-6e0">
         <name>.debug_info</name>
         <load_address>0x956a</load_address>
         <run_address>0x956a</run_address>
         <size>0x60</size>
         <input_file_ref idref="fl-38"/>
      </object_component>
      <object_component id="oc-763">
         <name>.debug_info</name>
         <load_address>0x95ca</load_address>
         <run_address>0x95ca</run_address>
         <size>0x46</size>
         <input_file_ref idref="fl-38"/>
      </object_component>
      <object_component id="oc-6f6">
         <name>.debug_info</name>
         <load_address>0x9610</load_address>
         <run_address>0x9610</run_address>
         <size>0x1da</size>
         <input_file_ref idref="fl-39"/>
      </object_component>
      <object_component id="oc-8e">
         <name>.debug_info</name>
         <load_address>0x97ea</load_address>
         <run_address>0x97ea</run_address>
         <size>0x1c8</size>
         <input_file_ref idref="fl-39"/>
      </object_component>
      <object_component id="oc-6f1">
         <name>.debug_info</name>
         <load_address>0x99b2</load_address>
         <run_address>0x99b2</run_address>
         <size>0x46</size>
         <input_file_ref idref="fl-39"/>
      </object_component>
      <object_component id="oc-772">
         <name>.debug_info</name>
         <load_address>0x99f8</load_address>
         <run_address>0x99f8</run_address>
         <size>0x2c</size>
         <input_file_ref idref="fl-39"/>
      </object_component>
      <object_component id="oc-6fa">
         <name>.debug_info</name>
         <load_address>0x9a24</load_address>
         <run_address>0x9a24</run_address>
         <size>0x107</size>
         <input_file_ref idref="fl-3b"/>
      </object_component>
      <object_component id="oc-72c">
         <name>.debug_info</name>
         <load_address>0x9b2b</load_address>
         <run_address>0x9b2b</run_address>
         <size>0x174</size>
         <input_file_ref idref="fl-59"/>
      </object_component>
      <object_component id="oc-b6">
         <name>.debug_info</name>
[...]
         <name>__TI_int22</name>
         <value>0xffbc</value>
         <object_component_ref idref="oc-94"/>
      </symbol>
      <symbol id="sm-80f">
         <name>USCI_B2_ISR</name>
         <value>0x4378</value>
         <object_component_ref idref="oc-6fc"/>
      </symbol>
      <symbol id="sm-823">
         <name>spiTransceive</name>
         <value>0x10dcc</value>
         <object_component_ref idref="oc-785"/>
      </symbol>
      <symbol id="sm-8a8">
         <name>handleUCRXIFG</name>
         <value>0x11340</value>
         <object_component_ref idref="oc-7d4"/>
      </symbol>
      <symbol id="sm-8a9">
         <name>uartRegisterRxCallback</name>
         <value>0x1177c</value>
         <object_component_ref idref="oc-8f5"/>
      </symbol>
      <symbol id="sm-8aa">
         <name>__TI_int48</name>
         <value>0xfff0</value>
         <object_component_ref idref="oc-ae"/>
      </symbol>
      <symbol id="sm-8ab">
         <name>__TI_int43</name>
         <value>0xffe6</value>
         <object_component_ref idref="oc-a9"/>
      </symbol>
      <symbol id="sm-8ac">
         <name>USCI_A0_ISR</name>
         <value>0x42e0</value>
         <object_component_ref idref="oc-720"/>
      </symbol>
      <symbol id="sm-8ad">
         <name>USCI_A1_ISR</name>
         <value>0x4304</value>
         <object_component_ref idref="oc-714"/>
      </symbol>
      <symbol id="sm-8ae">
         <name>disableUARTInterrupts</name>
         <value>0x11884</value>
         <object_component_ref idref="oc-84c"/>
      </symbol>
      <symbol id="sm-8af">
         <name>uartInit</name>
         <value>0x10c00</value>
         <object_component_ref idref="oc-8e6"/>
      </symbol>
      <symbol id="sm-8b0">
         <name>uartReportStatus</name>
         <value>0x10b4a</value>
         <object_component_ref idref="oc-94b"/>
      </symbol>
      <symbol id="sm-8b1">
         <name>uartTransmit</name>
         <value>0x108be</value>
         <object_component_ref idref="oc-92e"/>
      </symbol>
      <symbol id="sm-8b2">
         <name>handleUCTXIFG</name>
         <value>0x110be</value>
         <object_component_ref idref="oc-7ce"/>
      </symbol>
      <symbol id="sm-8b3">
         <name>enableUARTInterrupts</name>
         <value>0x1189c</value>
         <object_component_ref idref="oc-852"/>
      </symbol>
      <symbol id="sm-8e6">
         <name>infoReport</name>
         <value>0x10fd2</value>
         <object_component_ref idref="oc-89e"/>
      </symbol>
      <symbol id="sm-8e7">
         <name>getSubsystemModulePath</name>
         <value>0x1191e</value>
         <object_component_ref idref="oc-908"/>
      </symbol>
      <symbol id="sm-907">
         <name>__TI_decompress_lzss</name>
         <value>0x10f5a</value>
         <object_component_ref idref="oc-84"/>
      </symbol>
      <symbol id="sm-91d">
         <name>__TI_decompress_none</name>
         <value>0x1190c</value>
         <object_component_ref idref="oc-8a"/>
      </symbol>
      <symbol id="sm-920">
         <name>__TI_int18</name>
         <value>0xffb4</value>
         <object_component_ref idref="oc-90"/>
      </symbol>
      <symbol id="sm-928">
         <name>__TI_ISR_TRAP</name>
         <value>0x4384</value>
         <object_component_ref idref="oc-6f7"/>
      </symbol>
      <symbol id="sm-92b">
         <name>__TI_int19</name>
         <value>0xffb6</value>
         <object_component_ref idref="oc-91"/>
      </symbol>
      <symbol id="sm-92e">
         <name>__TI_int20</name>
         <value>0xffb8</value>
         <object_component_ref idref="oc-92"/>
      </symbol>
      <symbol id="sm-931">
         <name>__TI_int21</name>
         <value>0xffba</value>
         <object_component_ref idref="oc-93"/>
      </symbol>
      <symbol id="sm-934">
         <name>__TI_int23</name>
         <value>0xffbe</value>
         <object_component_ref idref="oc-95"/>
      </symbol>
      <symbol id="sm-937">
         <name>__TI_int24</name>
         <value>0xffc0</value>
         <object_component_ref idref="oc-96"/>
      </symbol>
      <symbol id="sm-93a">
         <name>__TI_int25</name>
         <value>0xffc2</value>
         <object_component_ref idref="oc-97"/>
      </symbol>
      <symbol id="sm-93d">
         <name>__TI_int26</name>
         <value>0xffc4</value>
         <object_component_ref idref="oc-98"/>
      </symbol>
      <symbol id="sm-940">
         <name>__TI_int30</name>
         <value>0xffcc</value>
         <object_component_ref idref="oc-9c"/>
      </symbol>
      <symbol id="sm-943">
         <name>__TI_int31</name>
         <value>0xffce</value>
         <object_component_ref idref="oc-9d"/>
      </symbol>
      <symbol id="sm-946">
         <name>__TI_int32</name>
         <value>0xffd0</value>
         <object_component_ref idref="oc-9e"/>
      </symbol>
      <symbol id="sm-949">
         <name>__TI_int33</name>
         <value>0xffd2</value>
         <object_component_ref idref="oc-9f"/>
      </symbol>
      <symbol id="sm-94c">
         <name>__TI_int34</name>
         <value>0xffd4</value>
         <object_component_ref idref="oc-a0"/>
      </symbol>
      <symbol id="sm-94f">
         <name>__TI_int35</name>
         <value>0xffd6</value>
         <object_component_ref idref="oc-a1"/>
      </symbol>
      <symbol id="sm-952">
         <name>__TI_int36</name>
         <value>0xffd8</value>
         <object_component_ref idref="oc-a2"/>
      </symbol>
      <symbol id="sm-955">
         <name>__TI_int37</name>
         <value>0xffda</value>
         <object_component_ref idref="oc-a3"/>
      </symbol>
      <symbol id="sm-958">
         <name>__TI_int38</name>
         <value>0xffdc</value>
         <object_component_ref idref="oc-a4"/>
      </symbol>
      <symbol id="sm-95b">
         <name>__TI_int39</name>
         <value>0xffde</value>
         <object_component_ref idref="oc-a5"/>
      </symbol>
      <symbol id="sm-95e">
         <name>__TI_int40</name>
         <value>0xffe0</value>
         <object_component_ref idref="oc-a6"/>
      </symbol>
      <symbol id="sm-961">
         <name>__TI_int41</name>
         <value>0xffe2</value>
         <object_component_ref idref="oc-a7"/>
      </symbol>
      <symbol id="sm-964">
         <name>__TI_int42</name>
         <value>0xffe4</value>
         <object_component_ref idref="oc-a8"/>
      </symbol>
      <symbol id="sm-967">
         <name>__TI_int44</name>
         <value>0xffe8</value>
         <object_component_ref idref="oc-aa"/>
      </symbol>
      <symbol id="sm-96a">
         <name>__TI_int45</name>
         <value>0xffea</value>
         <object_component_ref idref="oc-ab"/>
      </symbol>
      <symbol id="sm-96d">
         <name>__TI_int47</name>
         <value>0xffee</value>
         <object_component_ref idref="oc-ad"/>
      </symbol>
      <symbol id="sm-970">
         <name>__TI_int49</name>
         <value>0xfff2</value>
         <object_component_ref idref="oc-af"/>
      </symbol>
      <symbol id="sm-973">
         <name>__TI_int50</name>
         <value>0xfff4</value>
         <object_component_ref idref="oc-b0"/>
      </symbol>
      <symbol id="sm-976">
         <name>__TI_int51</name>
         <value>0xfff6</value>
         <object_component_ref idref="oc-b1"/>
      </symbol>
      <symbol id="sm-979">
         <name>__TI_int52</name>
         <value>0xfff8</value>
         <object_component_ref idref="oc-b2"/>
      </symbol>
      <symbol id="sm-97c">
         <name>__TI_int53</name>
         <value>0xfffa</value>
         <object_component_ref idref="oc-b3"/>
      </symbol>
      <symbol id="sm-97f">
         <name>__TI_int54</name>
         <value>0xfffc</value>
         <object_component_ref idref="oc-b4"/>
      </symbol>
      <symbol id="sm-992">
         <name>__TI_zero_init</name>
         <value>0x117c6</value>
         <object_component_ref idref="oc-b5"/>
      </symbol>
      <symbol id="sm-9ae">
         <name>__mspabi_cvtdf</name>
         <value>0x10d40</value>
         <object_component_ref idref="oc-7c4"/>
      </symbol>
      <symbol id="sm-9d0">
         <name>__mspabi_divd</name>
         <value>0x10466</value>
         <object_component_ref idref="oc-7be"/>
      </symbol>
      <symbol id="sm-9eb">
         <name>__TI_frcdivd</name>
         <value>0x10000</value>
         <object_component_ref idref="oc-83b"/>
      </symbol>
      <symbol id="sm-9fd">
         <name>__mspabi_divf</name>
         <value>0x10cb0</value>
         <object_component_ref idref="oc-7ae"/>
      </symbol>
      <symbol id="sm-a0c">
         <name>__mspabi_fixful</name>
         <value>0x112f4</value>
         <object_component_ref idref="oc-7b3"/>
      </symbol>
      <symbol id="sm-a24">
         <name>__mspabi_fltuld</name>
         <value>0x10eda</value>
         <object_component_ref idref="oc-7b8"/>
      </symbol>
      <symbol id="sm-a30">
         <name>__mspabi_fltulf</name>
         <value>0x11672</value>
         <object_component_ref idref="oc-7a9"/>
      </symbol>
      <symbol id="sm-a3b">
         <name>__mspabi_mpyi_f5hw</name>
         <value>0x118b4</value>
         <object_component_ref idref="oc-866"/>
      </symbol>
      <symbol id="sm-a44">
         <name>__mspabi_mpyl_f5hw</name>
         <value>0x117ea</value>
         <object_component_ref idref="oc-8c2"/>
      </symbol>
      <symbol id="sm-a50">
         <name>__mspabi_slll_9</name>
         <value>0x114fa</value>
         <object_component_ref idref="oc-78b"/>
      </symbol>
      <symbol id="sm-a51">
         <name>__mspabi_slll_8</name>
         <value>0x114fe</value>
         <object_component_ref idref="oc-78b"/>
      </symbol>
      <symbol id="sm-a52">
         <name>__mspabi_slll_7</name>
         <value>0x11502</value>
         <object_component_ref idref="oc-78b"/>
      </symbol>
      <symbol id="sm-a53">
         <name>__mspabi_slll_6</name>
         <value>0x11506</value>
         <object_component_ref idref="oc-78b"/>
      </symbol>
      <symbol id="sm-a54">
         <name>__mspabi_slll_5</name>
         <value>0x1150a</value>
         <object_component_ref idref="oc-78b"/>
      </symbol>
      <symbol id="sm-a55">
         <name>__mspabi_slll_4</name>
         <value>0x1150e</value>
         <object_component_ref idref="oc-78b"/>
      </symbol>
      <symbol id="sm-a56">
         <name>__mspabi_slll_3</name>
         <value>0x11512</value>
         <object_component_ref idref="oc-78b"/>
      </symbol>
      <symbol id="sm-a57">
         <name>__mspabi_slll_2</name>
         <value>0x11516</value>
         <object_component_ref idref="oc-78b"/>
      </symbol>
      <symbol id="sm-a58">
         <name>__mspabi_slll_1</name>
         <value>0x1151a</value>
         <object_component_ref idref="oc-78b"/>
      </symbol>
      <symbol id="sm-a59">
         <name>__mspabi_slll_15</name>
         <value>0x114e2</value>
         <object_component_ref idref="oc-78b"/>
      </symbol>
      <symbol id="sm-a5a">
         <name>__mspabi_slll_14</name>
         <value>0x114e6</value>
         <object_component_ref idref="oc-78b"/>
      </symbol>
      <symbol id="sm-a5b">
         <name>__mspabi_slll_13</name>
         <value>0x114ea</value>
         <object_component_ref idref="oc-78b"/>
      </symbol>
      <symbol id="sm-a5c">
         <name>__mspabi_slll_12</name>
         <value>0x114ee</value>
         <object_component_ref idref="oc-78b"/>
      </symbol>
      <symbol id="sm-a5d">
         <name>__mspabi_slll_11</name>
         <value>0x114f2</value>
         <object_component_ref idref="oc-78b"/>
      </symbol>
      <symbol id="sm-a5e">
         <name>__mspabi_slll_10</name>
         <value>0x114f6</value>
         <object_component_ref idref="oc-78b"/>
      </symbol>
      <symbol id="sm-a66">
         <name>__mspabi_sral_15</name>
         <value>0x114a4</value>
         <object_component_ref idref="oc-8c7"/>
      </symbol>
      <symbol id="sm-a67">
         <name>__mspabi_sral_14</name>
         <value>0x114a8</value>
         <object_component_ref idref="oc-8c7"/>
      </symbol>
      <symbol id="sm-a68">
         <name>__mspabi_sral_13</name>
         <value>0x114ac</value>
         <object_component_ref idref="oc-8c7"/>
      </symbol>
      <symbol id="sm-a69">
         <name>__mspabi_sral_12</name>
         <value>0x114b0</value>
         <object_component_ref idref="oc-8c7"/>
      </symbol>
      <symbol id="sm-a6a">
         <name>__mspabi_sral_11</name>
         <value>0x114b4</value>
         <object_component_ref idref="oc-8c7"/>
      </symbol>
      <symbol id="sm-a6b">
         <name>__mspabi_sral_10</name>
         <value>0x114b8</value>
         <object_component_ref idref="oc-8c7"/>
      </symbol>
      <symbol id="sm-a6c">
         <name>__mspabi_sral_8</name>
         <value>0x114c0</value>
         <object_component_ref idref="oc-8c7"/>
      </symbol>
      <symbol id="sm-a6d">
         <name>__mspabi_sral_9</name>
         <value>0x114bc</value>
         <object_component_ref idref="oc-8c7"/>
      </symbol>
      <symbol id="sm-a6e">
         <name>__mspabi_sral_6</name>
         <value>0x114c8</value>
         <object_component_ref idref="oc-8c7"/>
      </symbol>
      <symbol id="sm-a6f">
         <name>__mspabi_sral_7</name>
         <value>0x114c4</value>
         <object_component_ref idref="oc-8c7"/>
      </symbol>
      <symbol id="sm-a70">
         <name>__mspabi_sral_4</name>
         <value>0x114d0</value>
         <object_component_ref idref="oc-8c7"/>
      </symbol>
      <symbol id="sm-a71">
         <name>__mspabi_sral_5</name>
         <value>0x114cc</value>
         <object_component_ref idref="oc-8c7"/>
      </symbol>
      <symbol id="sm-a72">
         <name>__mspabi_sral_2</name>
         <value>0x114d8</value>
         <object_component_ref idref="oc-8c7"/>
      </symbol>
      <symbol id="sm-a73">
         <name>__mspabi_sral_3</name>
         <value>0x114d4</value>
         <object_component_ref idref="oc-8c7"/>
      </symbol>
      <symbol id="sm-a74">
         <name>__mspabi_sral_1</name>
         <value>0x114dc</value>
         <object_component_ref idref="oc-8c7"/>
      </symbol>
      <symbol id="sm-a7c">
         <name>__mspabi_srll_8</name>
         <value>0x1153c</value>
         <object_component_ref idref="oc-834"/>
      </symbol>
      <symbol id="sm-a7d">
         <name>__mspabi_srll_9</name>
         <value>0x11538</value>
         <object_component_ref idref="oc-834"/>
      </symbol>
      <symbol id="sm-a7e">
         <name>__mspabi_srll_6</name>
         <value>0x11544</value>
         <object_component_ref idref="oc-834"/>
      </symbol>
      <symbol id="sm-a7f">
         <name>__mspabi_srll_7</name>
         <value>0x11540</value>
         <object_component_ref idref="oc-834"/>
      </symbol>
      <symbol id="sm-a80">
         <name>__mspabi_srll_4</name>
         <value>0x1154c</value>
         <object_component_ref idref="oc-834"/>
      </symbol>
      <symbol id="sm-a81">
         <name>__mspabi_srll_5</name>
         <value>0x11548</value>
         <object_component_ref idref="oc-834"/>
      </symbol>
      <symbol id="sm-a82">
         <name>__mspabi_srll_2</name>
         <value>0x11554</value>
         <object_component_ref idref="oc-834"/>
      </symbol>
      <symbol id="sm-a83">
         <name>__mspabi_srll_3</name>
         <value>0x11550</value>
         <object_component_ref idref="oc-834"/>
      </symbol>
      <symbol id="sm-a84">
         <name>__mspabi_srll_1</name>
         <value>0x11558</value>
         <object_component_ref idref="oc-834"/>
      </symbol>
      <symbol id="sm-a85">
         <name>__mspabi_srll_15</name>
         <value>0x11520</value>
         <object_component_ref idref="oc-834"/>
      </symbol>
      <symbol id="sm-a86">
         <name>__mspabi_srll_14</name>
         <value>0x11524</value>
         <object_component_ref idref="oc-834"/>
      </symbol>
      <symbol id="sm-a87">
         <name>__mspabi_srll_13</name>
         <value>0x11528</value>
         <object_component_ref idref="oc-834"/>
      </symbol>
      <symbol id="sm-a88">
         <name>__mspabi_srll_12</name>
         <value>0x1152c</value>
         <object_component_ref idref="oc-834"/>
      </symbol>
      <symbol id="sm-a89">
         <name>__mspabi_srll_11</name>
         <value>0x11530</value>
         <object_component_ref idref="oc-834"/>
      </symbol>
      <symbol id="sm-a8a">
         <name>__mspabi_srll_10</name>
         <value>0x11534</value>
         <object_component_ref idref="oc-834"/>
      </symbol>
      <symbol id="sm-a94">
         <name>_stack</name>
         <value>0x2b60</value>
         <object_component_ref idref="oc-6db"/>
      </symbol>
      <symbol id="sm-a95">
         <name>_reset_vector</name>
         <value>0xfffe</value>
         <object_component_ref idref="oc-6de"/>
      </symbol>
      <symbol id="sm-ab8">
         <name>_auto_init_hold_wdt</name>
         <value>0x10e58</value>
         <object_component_ref idref="oc-733"/>
      </symbol>
      <symbol id="sm-ac2">
         <name>_c_int00_noargs_noexit_mpu</name>
         <value>0x4346</value>
         <object_component_ref idref="oc-d9"/>
      </symbol>
      <symbol id="sm-acb">
         <name>__mpu_init</name>
         <value>0x116a4</value>
         <object_component_ref idref="oc-746"/>
      </symbol>
      <symbol id="sm-ad4">
         <name>_system_post_cinit</name>
         <value>0x11956</value>
         <object_component_ref idref="oc-7e8"/>
      </symbol>
      <symbol id="sm-add">
         <name>_system_pre_init</name>
         <value>0x11952</value>
         <object_component_ref idref="oc-72d"/>
      </symbol>
      <symbol id="sm-ae7">
         <name>C$$EXIT</name>
         <value>0x11946</value>
         <object_component_ref idref="oc-755"/>
      </symbol>
      <symbol id="sm-ae8">
         <name>abort</name>
         <value>0x11946</value>
         <object_component_ref idref="oc-755"/>
      </symbol>
      <symbol id="sm-b07">
         <name>copy_in</name>
         <value>0x1112a</value>
         <object_component_ref idref="oc-7e2"/>
      </symbol>
      <symbol id="sm-b15">
         <name>memcpy</name>
         <value>0x118f8</value>
         <object_component_ref idref="oc-6ea"/>
      </symbol>
      <symbol id="sm-b23">
         <name>memset</name>
         <value>0x118cc</value>
         <object_component_ref idref="oc-962"/>
      </symbol>
      <symbol id="sm-b30">
         <name>strlen</name>
         <value>0x1192e</value>
         <object_component_ref idref="oc-96f"/>
      </symbol>
      <symbol id="sm-b5c">
         <name>vsnprintf</name>
         <value>0x1124c</value>
         <object_component_ref idref="oc-928"/>
      </symbol>
      <symbol id="sm-bae">
         <name>__TI_printfi_minimal</name>
         <value>0x10a7c</value>
         <object_component_ref idref="oc-99d"/>
      </symbol>
      <symbol id="sm-bb8">
         <name>__mspabi_remu</name>
         <value>0x118e2</value>
         <object_component_ref idref="oc-a17"/>
      </symbol>
      <symbol id="sm-bb9">
         <name>__mspabi_divu</name>
         <value>0x118e2</value>
         <object_component_ref idref="oc-a17"/>
      </symbol>
      <symbol id="sm-bc8">
         <name>memccpy</name>
         <value>0x1182e</value>
         <object_component_ref idref="oc-a0a"/>
      </symbol>
      <symbol id="sm-bcd">
         <name>__TI_BINIT_Base</name>
         <value>0x0</value>
      </symbol>
      <symbol id="sm-bce">
         <name>__TI_BINIT_Limit</name>
         <value>0x0</value>
      </symbol>
      <symbol id="sm-bcf">
         <name>__TI_INITARRAY_Base</name>
         <value>0x0</value>
      </symbol>
      <symbol id="sm-bd0">
         <name>__TI_INITARRAY_Limit</name>
         <value>0x0</value>
      </symbol>
   </symbol_table>
   <title>Link successful</title>
</link_info>
