******************************************************************************
                  MSP430 Linker PC v17.6.0                     
******************************************************************************
>> Linked Sun May 27 13:24:07 2018

OUTPUT FILE NAME:   <ss_ADCS_BDot.out>
ENTRY POINT SYMBOL: "_c_int00_noargs_noexit_mpu"  address: 000048e0


MEMORY CONFIGURATION

         name            origin    length      used     unused   attr    fill
----------------------  --------  ---------  --------  --------  ----  --------
  TINYRAM               0000000a   00000016  00000000  00000016  RWIX
  BSL                   00001000   00000800  00000000  00000800  RWIX
  INFOD                 00001800   00000080  00000000  00000080  RWIX
  INFOC                 00001880   00000080  00000000  00000080  RWIX
  INFOB                 00001900   00000080  00000000  00000080  RWIX
  INFOA                 00001980   00000080  00000000  00000080  RWIX
  RAM                   00001c00   00002000  000012be  00000d42  RWIX
  FRAM                  00004000   0000bf80  0000119b  0000ade5  RWIX
  JTAGSIGNATURE         0000ff80   00000004  00000004  00000000  RWIX  ffff 
  BSLSIGNATURE          0000ff84   00000004  00000004  00000000  RWIX  ffff 
  IPESIGNATURE          0000ff88   00000008  00000008  00000000  RWIX  ffff 
  INT00                 0000ff90   00000002  00000000  00000002  RWIX
  INT01                 0000ff92   00000002  00000000  00000002  RWIX
  INT02                 0000ff94   00000002  00000000  00000002  RWIX
  INT03                 0000ff96   00000002  00000000  00000002  RWIX
  INT04                 0000ff98   00000002  00000000  00000002  RWIX
  INT05                 0000ff9a   00000002  00000000  00000002  RWIX
  INT06                 0000ff9c   00000002  00000000  00000002  RWIX
  INT07                 0000ff9e   00000002  00000000  00000002  RWIX
  INT08                 0000ffa0   00000002  00000000  00000002  RWIX
  INT09                 0000ffa2   00000002  00000000  00000002  RWIX
  INT10                 0000ffa4   00000002  00000000  00000002  RWIX
  INT11                 0000ffa6   00000002  00000000  00000002  RWIX
  INT12                 0000ffa8   00000002  00000000  00000002  RWIX
  INT13                 0000ffaa   00000002  00000000  00000002  RWIX
  INT14                 0000ffac   00000002  00000000  00000002  RWIX
  INT15                 0000ffae   00000002  00000000  00000002  RWIX
  INT16                 0000ffb0   00000002  00000000  00000002  RWIX
  INT17                 0000ffb2   00000002  00000000  00000002  RWIX
  INT18                 0000ffb4   00000002  00000002  00000000  RWIX
  INT19                 0000ffb6   00000002  00000002  00000000  RWIX
  INT20                 0000ffb8   00000002  00000002  00000000  RWIX
  INT21                 0000ffba   00000002  00000002  00000000  RWIX
  INT22                 0000ffbc   00000002  00000002  00000000  RWIX
  INT23                 0000ffbe   00000002  00000002  00000000  RWIX
  INT24                 0000ffc0   00000002  00000002  00000000  RWIX
  INT25                 0000ffc2   00000002  00000002  00000000  RWIX
  INT26                 0000ffc4   00000002  00000002  00000000  RWIX
  INT27                 0000ffc6   00000002  00000002  00000000  RWIX
  INT28                 0000ffc8   00000002  00000002  00000000  RWIX
  INT29                 0000ffca   00000002  00000002  00000000  RWIX
  INT30                 0000ffcc   00000002  00000002  00000000  RWIX
  INT31                 0000ffce   00000002  00000002  00000000  RWIX
  INT32                 0000ffd0   00000002  00000002  00000000  RWIX
  INT33                 0000ffd2   00000002  00000002  00000000  RWIX
  INT34                 0000ffd4   00000002  00000002  00000000  RWIX
  INT35                 0000ffd6   00000002  00000002  00000000  RWIX
  INT36                 0000ffd8   00000002  00000002  00000000  RWIX
  INT37                 0000ffda   00000002  00000002  00000000  RWIX
  INT38                 0000ffdc   00000002  00000002  00000000  RWIX
  INT39                 0000ffde   00000002  00000002  00000000  RWIX
  INT40                 0000ffe0   00000002  00000002  00000000  RWIX
  INT41                 0000ffe2   00000002  00000002  00000000  RWIX
  INT42                 0000ffe4   00000002  00000002  00000000  RWIX
  INT43                 0000ffe6   00000002  00000002  00000000  RWIX
  INT44                 0000ffe8   00000002  00000002  00000000  RWIX
  INT45                 0000ffea   00000002  00000002  00000000  RWIX
  INT46                 0000ffec   00000002  00000002  00000000  RWIX
  INT47                 0000ffee   00000002  00000002  00000000  RWIX
  INT48                 0000fff0   00000002  00000002  00000000  RWIX
  INT49                 0000fff2   00000002  00000002  00000000  RWIX
  INT50                 0000fff4   00000002  00000002  00000000  RWIX
  INT51                 0000fff6   00000002  00000002  00000000  RWIX
  INT52                 0000fff8   00000002  00000002  00000000  RWIX
  INT53                 0000fffa   00000002  00000002  00000000  RWIX
  INT54                 0000fffc   00000002  00000002  00000000  RWIX
  RESET                 0000fffe   00000002  00000002  00000000  RWIX
  FRAM2                 00010000   00034000  00006c72  0002d38e  RWIX


SECTION ALLOCATION MAP

 output                                  attributes/
section   page    origin      length       input sections
--------  ----  ----------  ----------   ----------------
.TI.persistent 
*          0    00004000    0000000a     
                  00004000    00000005     MET.obj (.TI.persistent:recentTime)
                  00004005    00000001     --HOLE-- [fill = 0]
                  00004006    00000004     bsp.obj (.TI.persistent)

.binit     0    00004000    00000000     

.cio       0    0000400a    00000120     UNINITIALIZED
                  0000400a    00000120     rts430x_lc_rd_eabi.lib : trgmsg.obj (.cio)

.sysmem    0    0000412a    00000000     UNINITIALIZED

.ipestruct 
*          0    00004400    00000000     UNINITIALIZED

.ipe       0    00004400    00000000     UNINITIALIZED

.ipe_const 
*          0    00004400    00000000     UNINITIALIZED

.ipe:_isr 
*          0    00004400    00000000     UNINITIALIZED

.cinit     0    0000507c    00000120     
                  0000507c    000000fe     (.cinit..data.load) [load image, compression = lzss]
                  0000517a    0000000c     (__TI_handler_table)
                  00005186    00000006     (.cinit..bss.load) [load image, compression = zero_init]
                  0000518c    00000010     (__TI_cinit_table)

.init_array 
*          0    00004000    00000000     UNINITIALIZED

.text:_isr 
*          0    00004400    0000051e     
                  00004400    0000023e     can.obj (.text:_isr:ReceivedMsg)
                  0000463e    000000bc     rw.obj (.text:_isr:Timer4_A0_ISR)
                  000046fa    000000b6     analogsensor.obj (.text:_isr:ADC12ISR)
                  000047b0    0000007e     timer.obj (.text:_isr:Timer0_A1_ISR)
                  0000482e    0000004c     MET.obj (.text:_isr:RTC_ISR)
                  0000487a    00000024     uart.obj (.text:_isr:USCI_A0_ISR)
                  0000489e    00000024     uart.obj (.text:_isr:USCI_A1_ISR)
                  000048c2    0000001e     rw.obj (.text:_isr:Timer4_A1_ISR)
                  000048e0    0000001e     rts430x_lc_rd_eabi.lib : boot_special.obj (.text:_isr:_c_int00_noargs_noexit_mpu)
                  000048fe    0000000c     i2c.obj (.text:_isr:USCI_B1_ISR)
                  0000490a    0000000c     i2c.obj (.text:_isr:USCI_B2_ISR)
                  00004916    00000008     rts430x_lc_rd_eabi.lib : isr_trap.obj (.text:_isr:__TI_ISR_TRAP)

.bss       0    00001c00    00000c3e     UNINITIALIZED
                  00001c00    000004e8     uart.obj (.bss:buses)
                  000020e8    00000190     debugtools.obj (.bss:debugWriteOutputBuff)
                  00002278    000000f0     debugtools.obj (.bss:registeredDebugEntities)
                  00002368    000000b0     analogsensor.obj (.bss:asensors)
                  00002418    00000090     (.common:busregs)
                  000024a8    00000088     magnetometer.obj (.bss:mags)
                  00002530    00000060     timer.obj (.bss:polling)
                  00002590    0000004a     (.common:rtDW)
                  000025da    00000040     debugtools.obj (.bss:debugConsoleInputBuff)
                  0000261a    00000032     adcs_bdot_main.obj (.bss:metaSeg)
                  0000264c    00000032     bsp.obj (.bss:mseg)
                  0000267e    00000028     (.common:rtU)
                  000026a6    00000026     magnetometer.obj (.bss:i2cBuff)
                  000026cc    00000020     i2c.obj (.bss:devices)
                  000026ec    0000001c     timer.obj (.bss:callback)
                  00002708    00000014     adcs_bdot_main.obj (.bss:magX)
                  0000271c    00000014     adcs_bdot_main.obj (.bss:magY)
                  00002730    00000014     adcs_bdot_main.obj (.bss:magZ)
                  00002744    00000014     adcs_bdot_main.obj (.bss:rc_temp)
                  00002758    00000014     systeminfo.obj (.bss:sc_info)
                  0000276c    00000011     adcs_bdot_main.obj (.bss)
                  0000277d    0000000f     adcs_bdot_main.obj (.bss:bdot_magnetometer_data_cosmos)
                  0000278c    0000000f     adcs_bdot_main.obj (.bss:polling_timer_info)
                  0000279b    0000000f     adcs_bdot_main.obj (.bss:sp_mag1_data_cosmos)
                  000027aa    0000000f     adcs_bdot_main.obj (.bss:sp_mag2_data_cosmos)
                  000027b9    00000001     (.common:confirmed)
                  000027ba    0000000c     bsp.obj (.bss)
                  000027c6    0000000c     adcs_bdot_main.obj (.bss:hseg)
                  000027d2    0000000a     analogsensor.obj (.bss)
                  000027dc    00000009     debugtools.obj (.bss)
                  000027e5    00000001     (.common:error_bus_not_initialized)
                  000027e6    00000008     debugtools.obj (.bss:debug_status)
                  000027ee    00000008     (.common:parmbuf)
                  000027f6    00000007     adcs_bdot_main.obj (.bss:mySimulink)
                  000027fd    00000001     (.common:isDist)
                  000027fe    00000007     rollcall.obj (.bss)
                  00002805    00000001     --HOLE--
                  00002806    00000006     i2c.obj (.bss:buses)
                  0000280c    00000006     adcs_bdot_main.obj (.bss:cosmos_bdot_persp_mtq_info)
                  00002812    00000006     adcs_bdot_main.obj (.bss:mod_status)
                  00002818    00000004     adcs_bdot_main.obj (.bss:bdot_perspective_mtq_info)
                  0000281c    00000004     debugtools.obj (.bss:cmd_header)
                  00002820    00000004     adcs_bdot_main.obj (.bss:mtq_last_known_state)
                  00002824    00000004     (.common:CANPacketReceived)
                  00002828    00000004     (.common:ReceiveCallback0)
                  0000282c    00000004     (.common:ReceiveCallback1)
                  00002830    00000004     (.common:rtM_)
                  00002834    00000004     (.common:rtY)
                  00002838    00000004     (.common:spiCallback)
                  0000283c    00000002     uart.obj (.bss:statusSent$1)

.data      0    0000283e    00000280     UNINITIALIZED
                  0000283e    000000c8     rts430x_lc_rd_eabi.lib : defs.obj (.data:_ftable)
                  00002906    00000078                            : write.obj (.data:_device)
                  0000297e    00000040     systeminfo.obj (.data:SubsystemModulePaths)
                  000029be    0000003c     rts430x_lc_rd_eabi.lib : write.obj (.data:_stream)
                  000029fa    0000002c     debugtools.obj (.data:DebugEntityFriendlyNames)
                  00002a26    00000016     analogsensor.obj (.data:ADCIn_ADC12MCTL)
                  00002a3c    00000016     analogsensor.obj (.data:ADCMEMnum_ADC12CSTART)
                  00002a52    00000016     rw.obj (.data)
                  00002a68    0000000c     adcs_bdot_main.obj (.data)
                  00002a74    0000000c     rw.obj (.data:avg_window)
                  00002a80    0000000b     debugtools.obj (.data:DebugEntityPathChars)
                  00002a8b    00000001     i2c.obj (.data)
                  00002a8c    00000008     analogsensor.obj (.data:RefV_ADC12MCTL_Set)
                  00002a94    00000008     analogsensor.obj (.data:RefV_REFCTL0_SetAndOn)
                  00002a9c    00000008     timer.obj (.data)
                  00002aa4    00000004     rts430x_lc_rd_eabi.lib : _lock.obj (.data:_lock)
                  00002aa8    00000004                            : _lock.obj (.data:_unlock)
                  00002aac    00000004     debugtools.obj (.data)
                  00002ab0    00000004     rollcall.obj (.data)
                  00002ab4    00000003     analogsensor.obj (.data)
                  00002ab7    00000002     magnetometer.obj (.data)
                  00002ab9    00000001     uart.obj (.data)
                  00002aba    00000002     rts430x_lc_rd_eabi.lib : defs.obj (.data)
                  00002abc    00000002                            : errno.obj (.data)

.stack     0    00003800    00000400     UNINITIALIZED
                  00003800    00000004     rts430x_lc_rd_eabi.lib : boot.obj (.stack)
                  00003804    000003fc     --HOLE--

$fill000   0    0000ff80    00000004     
                  0000ff80    00000004     --HOLE-- [fill = ffff]

$fill001   0    0000ff84    00000004     
                  0000ff84    00000004     --HOLE-- [fill = ffff]

$fill002   0    0000ff88    00000008     
                  0000ff88    00000008     --HOLE-- [fill = ffff]

LEA        0    0000ffb4    00000002     
                  0000ffb4    00000002     rts430x_lc_rd_eabi.lib : int18.obj (.int18)

PORT8      0    0000ffb6    00000002     
                  0000ffb6    00000002     rts430x_lc_rd_eabi.lib : int19.obj (.int19)

PORT7      0    0000ffb8    00000002     
                  0000ffb8    00000002     rts430x_lc_rd_eabi.lib : int20.obj (.int20)

EUSCI_B3   0    0000ffba    00000002     
                  0000ffba    00000002     rts430x_lc_rd_eabi.lib : int21.obj (.int21)

EUSCI_B2   0    0000ffbc    00000002     
                  0000ffbc    00000002     i2c.obj (.int22)

EUSCI_B1   0    0000ffbe    00000002     
                  0000ffbe    00000002     i2c.obj (.int23)

EUSCI_A3   0    0000ffc0    00000002     
                  0000ffc0    00000002     rts430x_lc_rd_eabi.lib : int24.obj (.int24)

EUSCI_A2   0    0000ffc2    00000002     
                  0000ffc2    00000002     rts430x_lc_rd_eabi.lib : int25.obj (.int25)

PORT6      0    0000ffc4    00000002     
                  0000ffc4    00000002     rts430x_lc_rd_eabi.lib : int26.obj (.int26)

PORT5      0    0000ffc6    00000002     
                  0000ffc6    00000002     can.obj (.int27)

TIMER4_A1 
*          0    0000ffc8    00000002     
                  0000ffc8    00000002     rw.obj (.int28)

TIMER4_A0 
*          0    0000ffca    00000002     
                  0000ffca    00000002     rw.obj (.int29)

AES256     0    0000ffcc    00000002     
                  0000ffcc    00000002     rts430x_lc_rd_eabi.lib : int30.obj (.int30)

RTC_C      0    0000ffce    00000002     
                  0000ffce    00000002     MET.obj (.int31)

PORT4      0    0000ffd0    00000002     
                  0000ffd0    00000002     rts430x_lc_rd_eabi.lib : int32.obj (.int32)

PORT3      0    0000ffd2    00000002     
                  0000ffd2    00000002     rts430x_lc_rd_eabi.lib : int33.obj (.int33)

TIMER3_A1 
*          0    0000ffd4    00000002     
                  0000ffd4    00000002     rts430x_lc_rd_eabi.lib : int34.obj (.int34)

TIMER3_A0 
*          0    0000ffd6    00000002     
                  0000ffd6    00000002     rts430x_lc_rd_eabi.lib : int35.obj (.int35)

PORT2      0    0000ffd8    00000002     
                  0000ffd8    00000002     rts430x_lc_rd_eabi.lib : int36.obj (.int36)

TIMER2_A1 
*          0    0000ffda    00000002     
                  0000ffda    00000002     rts430x_lc_rd_eabi.lib : int37.obj (.int37)

TIMER2_A0 
*          0    0000ffdc    00000002     
                  0000ffdc    00000002     rts430x_lc_rd_eabi.lib : int38.obj (.int38)

PORT1      0    0000ffde    00000002     
                  0000ffde    00000002     rts430x_lc_rd_eabi.lib : int39.obj (.int39)

TIMER1_A1 
*          0    0000ffe0    00000002     
                  0000ffe0    00000002     rts430x_lc_rd_eabi.lib : int40.obj (.int40)

TIMER1_A0 
*          0    0000ffe2    00000002     
                  0000ffe2    00000002     rts430x_lc_rd_eabi.lib : int41.obj (.int41)

DMA        0    0000ffe4    00000002     
                  0000ffe4    00000002     rts430x_lc_rd_eabi.lib : int42.obj (.int42)

EUSCI_A1   0    0000ffe6    00000002     
                  0000ffe6    00000002     uart.obj (.int43)

TIMER0_A1 
*          0    0000ffe8    00000002     
                  0000ffe8    00000002     timer.obj (.int44)

TIMER0_A0 
*          0    0000ffea    00000002     
                  0000ffea    00000002     rts430x_lc_rd_eabi.lib : int45.obj (.int45)

ADC12_B    0    0000ffec    00000002     
                  0000ffec    00000002     analogsensor.obj (.int46)

EUSCI_B0   0    0000ffee    00000002     
                  0000ffee    00000002     rts430x_lc_rd_eabi.lib : int47.obj (.int47)

EUSCI_A0   0    0000fff0    00000002     
                  0000fff0    00000002     uart.obj (.int48)

WDT        0    0000fff2    00000002     
                  0000fff2    00000002     rts430x_lc_rd_eabi.lib : int49.obj (.int49)

TIMER0_B1 
*          0    0000fff4    00000002     
                  0000fff4    00000002     rts430x_lc_rd_eabi.lib : int50.obj (.int50)

TIMER0_B0 
*          0    0000fff6    00000002     
                  0000fff6    00000002     rts430x_lc_rd_eabi.lib : int51.obj (.int51)

COMP_E     0    0000fff8    00000002     
                  0000fff8    00000002     rts430x_lc_rd_eabi.lib : int52.obj (.int52)

UNMI       0    0000fffa    00000002     
                  0000fffa    00000002     rts430x_lc_rd_eabi.lib : int53.obj (.int53)

SYSNMI     0    0000fffc    00000002     
                  0000fffc    00000002     rts430x_lc_rd_eabi.lib : int54.obj (.int54)

.reset     0    0000fffe    00000002     
                  0000fffe    00000002     rts430x_lc_rd_eabi.lib : boot.obj (.reset)

.const     0    0000491e    0000075d     
                  0000491e    000003ac     debugtools.obj (.const:.string)
                  00004cca    000000f0     bsp.obj (.const:.string)
                  00004dba    000000c4     systeminfo.obj (.const:.string)
                  00004e7e    000000a4     uart.obj (.const:.string)
                  00004f22    00000090     bdot_controller_lib_data.obj (.const:rtConstP)
                  00004fb2    0000004a     adcs_bdot_main.obj (.const:.string)
                  00004ffc    00000014     rts430x_lc_rd_eabi.lib : _printfi_min.obj (.const:.string)
                  00005010    00000010     adcs_bdot_main.obj (.const:rollcallFunctions)
                  00005020    0000000e     adcs_bdot_main.obj (.const:$P$T0$1)
                  0000502e    0000000e     canwrap.obj (.const:$P$T0$1)
                  0000503c    0000000e     canwrap.obj (.const:$P$T1$2)
                  0000504a    00000008     adcs_bdot_main.obj (.const:$P$T2$3)
                  00005052    00000008     adcs_bdot_main.obj (.const:$P$T3$4)
                  0000505a    00000008     adcs_bdot_main.obj (.const:$P$T4$5)
                  00005062    00000008     adcs_bdot_main.obj (.const:$P$T5$6)
                  0000506a    00000004     adcs_bdot_main.obj (.const:$P$T6$7)
                  0000506e    00000004     bdot_controller_lib.obj (.const)
                  00005072    00000003     adcs_bdot_main.obj (.const:$P$T1$2)
                  00005075    00000001     --HOLE-- [fill = 0]
                  00005076    00000003     can.obj (.const:.string:$P$T1$2)
                  00005079    00000001     --HOLE-- [fill = 0]
                  0000507a    00000001     can.obj (.const:.string:$P$T0$1)

.text      0    00010000    00006c72     
                  00010000    00000ab8     bdot_controller_lib.obj (.text:bdot_controller_lib_step)
                  00010ab8    00000466     rts430x_lc_rd_eabi.lib : frcdivd.obj (.text:__TI_frcdivd)
                  00010f1e    000002f4     magnetometer.obj (.text:magReadXYZData)
                  00011212    000002e0     rts430x_lc_rd_eabi.lib : addd.obj (.text:__mspabi_addd)
                  000114f2    000002de                            : e_sqrt.obj (.text:sqrt)
                  000117d0    00000280                            : frcmpyd.obj (.text:__TI_frcmpyd)
                  00011a50    00000266                            : mpyd.obj (.text:__mspabi_mpyd)
                  00011cb6    00000248                            : frcaddd.obj (.text:__TI_frcaddd)
                  00011efe    00000238     adcs_bdot_main.obj (.text:update_simulink_info)
                  00012136    00000222     rts430x_lc_rd_eabi.lib : divd.obj (.text:__mspabi_divd)
                  00012358    000001c4                            : s_floor.obj (.text:floor)
                  0001251c    00000192     agglib.obj (.text:aggVec_push)
                  000126ae    0000018a     canwrap.obj (.text:canWrapInitWithFilter)
                  00012838    00000160     uart.obj (.text:uartReportStatus)
                  00012998    00000132     rts430x_lc_rd_eabi.lib : _printfi_min.obj (.text:_setfield)
                  00012aca    00000132                            : fs_add.obj (.text)
                  00012bfc    00000120     bsp.obj (.text:bspInit)
                  00012d1c    00000112     adcs_bdot_main.obj (.text:can_rx_callback)
                  00012e2e    0000010e     i2c.obj (.text:i2cCoreRead)
                  00012f3c    00000104     debugtools.obj (.text:debugInvokeActionHandlers)
                  00013040    00000100     adcs_bdot_main.obj (.text:main)
                  00013140    000000fc     debugtools.obj (.text:debugReadCallback)
                  0001323c    000000fa     adcs_bdot_main.obj (.text:determine_best_fit_mag)
                  00013336    000000fa     uart.obj (.text:uartInit)
                  00013430    000000f8     i2c.obj (.text:i2cCoreWrite)
                  00013528    000000e6     uart.obj (.text:uartTransmit)
                  0001360e    000000e2     adcs_bdot_main.obj (.text:initial_setup)
                  000136f0    000000dc     rts430x_lc_rd_eabi.lib : _printfi_min.obj (.text:_pproc_diouxp)
                  000137cc    000000dc     timer.obj (.text:initializeTimer)
                  000138a8    000000da     analogsensor.obj (.text:configSequence)
                  00013982    000000d8     rts430x_lc_rd_eabi.lib : cmpd.obj (.text:__mspabi_cmpd)
                  00013a5a    000000d4     can.obj (.text:canSend)
                  00013b2e    000000d4     i2c.obj (.text:populateBusRegisters)
                  00013c02    000000d2     timer.obj (.text:checkTimer)
                  00013cd4    000000ce     rts430x_lc_rd_eabi.lib : _printfi_min.obj (.text:__TI_printfi_minimal)
                  00013da2    000000ce     canwrap.obj (.text:encodecmd_mtq_bdot)
                  00013e70    000000ce     adcs_bdot_main.obj (.text:send_bdot_mag_reading_cosmos)
                  00013f3e    000000ce     timer.obj (.text:timerCallbackInitializer)
                  0001400c    000000c0     can.obj (.text:canInit)
                  000140cc    000000bc     analogsensor.obj (.text:configChannel)
                  00014188    000000b8     rts430x_lc_rd_eabi.lib : fs_mpy.obj (.text)
                  00014240    000000b2                            : renormd.obj (.text:__TI_renormd)
                  000142f2    000000b0     debugtools.obj (.text:bcbinPopulateMeta)
                  000143a2    000000ae     canwrap.obj (.text:encoderc_adcs_bdot_3)
                  00014450    000000aa     canwrap.obj (.text:encoderc_adcs_bdot_2)
                  000144fa    000000a6     timer.obj (.text:startCallback)
                  000145a0    000000a6     timer.obj (.text:timerPollInitializer)
                  00014646    000000a0     canwrap.obj (.text:encoderc_adcs_bdot_1)
                  000146e6    000000a0     spi.obj (.text:spiTransceive)
                  00014786    0000009e     rts430x_lc_rd_eabi.lib : fltlid.obj (.text:__mspabi_fltlid)
                  00014824    0000009e     canwrap.obj (.text:canSendPacket)
                  000148c2    0000009c     i2c.obj (.text:i2cInit)
                  0001495e    0000009a     rts430x_lc_rd_eabi.lib : hostlseek.obj (.text:HOSTlseek)
                  000149f8    00000090                            : fs_div.obj (.text)
                  00014a88    0000008c                            : cvtdf.obj (.text:__mspabi_cvtdf)
                  00014b14    00000084     debugtools.obj (.text:processCommand)
                  00014b98    00000082     rts430x_lc_rd_eabi.lib : autoinit_wdt.obj (.text:_auto_init_hold_wdt)
                  00014c1a    00000080                            : fltuld.obj (.text:__mspabi_fltuld)
                  00014c9a    0000007e     canwrap.obj (.text:encoderc_adcs_bdot_4)
                  00014d18    0000007c     can.obj (.text:setTheFilter)
                  00014d94    00000078     rts430x_lc_rd_eabi.lib : copy_decompress_lzss.obj (.text:decompress:lzss:__TI_decompress_lzss)
                  00014e0c    00000078     bsp.obj (.text:infoReport)
                  00014e84    00000078     analogsensor.obj (.text:initializeVoltageRef)
                  00014efc    00000074     rts430x_lc_rd_eabi.lib : hostrename.obj (.text:HOSTrename)
                  00014f70    00000074     rollcall.obj (.text:rollcallUpdate)
                  00014fe4    00000072     debugtools.obj (.text:coreCallSimpleHandlers)
                  00015056    00000072     uart.obj (.text:handleUCTXIFG)
                  000150c8    00000070     rts430x_lc_rd_eabi.lib : hostopen.obj (.text:HOSTopen)
                  00015138    00000070     spi.obj (.text:spiInit)
                  000151a8    0000006c     rts430x_lc_rd_eabi.lib : hostwrite.obj (.text:HOSTwrite)
                  00015214    0000006c     analogsensor.obj (.text:convertRawToFloat)
                  00015280    0000006a     rts430x_lc_rd_eabi.lib : hostread.obj (.text:HOSTread)
                  000152ea    0000006a     adcs_bdot_main.obj (.text:rcPopulate3)
                  00015354    00000068     rts430x_lc_rd_eabi.lib : fixdul.obj (.text:__mspabi_fixdul)
                  000153bc    00000068     analogsensor.obj (.text:coreActivateChannel)
                  00015424    00000068     rts430x_lc_rd_eabi.lib : fs_toi.obj (.text)
                  0001548c    00000066                            : cvtfd.obj (.text:__mspabi_cvtfd)
                  000154f2    00000066                            : fixdli.obj (.text:__mspabi_fixdli)
                  00015558    00000066                            : cpy_tbl.obj (.text:copy_in)
                  000155be    00000064                            : fflush.obj (.text:__TI_doflush)
                  00015622    00000062     MET.obj (.text:METInit)
                  00015684    00000060     debugtools.obj (.text:actionCallback)
                  000156e4    00000060     timer.obj (.text:convertTime)
                  00015744    0000005c     can.obj (.text:canTxCheck)
                  000157a0    0000005a     canwrap.obj (.text:decodemtq_ack)
                  000157fa    0000005a     adcs_bdot_main.obj (.text:updateRCData)
                  00015854    00000058     rts430x_lc_rd_eabi.lib : fflush.obj (.text:fflush)
                  000158ac    00000058                            : div32u.obj (.text)
                  00015904    00000056     adcs_bdot_main.obj (.text:rcPopulate1)
                  0001595a    00000056     rts430x_lc_rd_eabi.lib : vsnprintf.obj (.text:vsnprintf)
                  000159b0    00000054     adcs_bdot_main.obj (.text:send_dipole_packet)
                  00015a04    00000052     debugtools.obj (.text:reportStatusCallback)
                  00015a56    00000052     analogsensor.obj (.text:tempIntConvertRawtoCelsius)
                  00015aa8    00000050     adcs_bdot_main.obj (.text:rcPopulate2)
                  00015af8    0000004e     rts430x_lc_rd_eabi.lib : hostclose.obj (.text:HOSTclose)
                  00015b46    0000004c                            : fs_toul.obj (.text)
                  00015b92    0000004c     canwrap.obj (.text:wrapCB0)
                  00015bde    0000004c     canwrap.obj (.text:wrapCB1)
                  00015c2a    0000004a     uart.obj (.text:handleUCRXIFG)
                  00015c74    0000004a     rts430x_lc_rd_eabi.lib : fs_cmp.obj (.text)
                  00015cbe    00000048                            : _printfi_min.obj (.text:_pproc_str)
                  00015d06    00000048     magnetometer.obj (.text:magInit)
                  00015d4e    00000048     adcs_bdot_main.obj (.text:send_health_segment_cosmos)
                  00015d96    00000046     rts430x_lc_rd_eabi.lib : hostunlink.obj (.text:HOSTunlink)
                  00015ddc    00000046     debugtools.obj (.text:debugInit)
                  00015e22    00000046     adcs_bdot_main.obj (.text:determine_mtq_commands)
                  00015e68    00000044     debugtools.obj (.text:debugRegisterEntity)
                  00015eac    00000040     canwrap.obj (.text:decodesensorproc_mag2)
                  00015eec    00000040     canwrap.obj (.text:decodesensorproc_mag)
                  00015f2c    00000040     rts430x_lc_rd_eabi.lib : div32s.obj (.text)
                  00015f6c    0000003e                            : asr32.obj (.text:l_asr_const)
                  00015faa    0000003e                            : lsl32.obj (.text:l_lsl_const)
                  00015fe8    0000003e                            : lsr32.obj (.text:l_lsr_const)
                  00016026    0000003e     adcs_bdot_main.obj (.text:rcPopulate4)
                  00016064    0000003c     analogsensor.obj (.text:asensorInit)
                  000160a0    0000003c     debugtools.obj (.text:debugInvokeActionHandler)
                  000160dc    0000003c     debugtools.obj (.text:debugTraceF)
                  00016118    0000003c     rts430x_lc_rd_eabi.lib : write.obj (.text:write)
                  00016154    0000003a                            : lsl64.obj (.text:__mspabi_sllll)
                  0001618e    0000003a     rollcall.obj (.text:populateAll)
                  000161c8    0000003a     can.obj (.text:readRegister)
                  00016202    00000038     adcs_bdot_main.obj (.text:convert_mag_data_raw_to_teslas)
                  0001623a    00000038     debugtools.obj (.text:displayPrompt)
                  00016272    00000036     rts430x_lc_rd_eabi.lib : trgmsg.obj (.text:__TI_writemsg)
                  000162a8    00000036                            : vsnprintf.obj (.text:_outs)
                  000162de    00000032                            : trgmsg.obj (.text:__TI_readmsg)
                  00016310    00000032                            : subd.obj (.text:__mspabi_subd)
                  00016342    00000032     debugtools.obj (.text:debugPrintF)
                  00016374    00000032     rts430x_lc_rd_eabi.lib : fs_ultof.obj (.text)
                  000163a6    00000032                            : strncpy.obj (.text:strncpy)
                  000163d8    0000002e     agglib.obj (.text:aggVec_max)
                  00016406    0000002e     agglib.obj (.text:aggVec_min)
                  00016434    0000002e     canwrap.obj (.text:reverseArray)
                  00016462    0000002c     MSPMPU_INIT_LIB_CCS_msp430_large_code_restricted_data.lib : mpu_init.o (.text:__mpu_init)
                  0001648e    0000002c     magnetometer.obj (.text:normalOperationConfig)
                  000164ba    0000002c     rts430x_lc_rd_eabi.lib : div16s.obj (.text)
                  000164e6    0000002a     can.obj (.text:bitModify)
                  00016510    0000002a     timer.obj (.text:checkValidPollingID)
                  0001653a    0000002a     magnetometer.obj (.text:magConvertRawToTeslas)
                  00016564    0000002a     can.obj (.text:readStatus)
                  0001658e    00000028     rts430x_lc_rd_eabi.lib : fixdi.obj (.text:__mspabi_fixdi)
                  000165b6    00000028     agglib.obj (.text:aggVec_as_reset)
                  000165de    00000028     agglib.obj (.text:aggVec_max_reset)
                  00016606    00000028     agglib.obj (.text:aggVec_min_reset)
                  0001662e    00000028     timer.obj (.text:endPollingTimer)
                  00016656    00000026     analogsensor.obj (.text:asensorReadSingleSensorRaw)
                  0001667c    00000026     can.obj (.text:requestToSend)
                  000166a2    00000026     adcs_bdot_main.obj (.text:send_simulink_segment_cosmos)
                  000166c8    00000026     can.obj (.text:setRegister)
                  000166ee    00000026     uart.obj (.text:uartRegisterRxCallback)
                  00016714    00000024     bsp.obj (.text:bspI2CInit)
                  00016738    00000024     bsp.obj (.text:bspUARTInit)
                  0001675c    00000024     rts430x_lc_rd_eabi.lib : copy_zero_init.obj (.text:decompress:ZI:__TI_zero_init)
                  00016780    00000024                            : fs_utof.obj (.text)
                  000167a4    00000024                            : mult32_f5hw.obj (.text)
                  000167c8    00000022     agglib.obj (.text:aggVec_avg_i_i)
                  000167ea    00000022     adcs_bdot_main.obj (.text:map_general)
                  0001680c    00000020     rts430x_lc_rd_eabi.lib : vsnprintf.obj (.text:_outc)
                  0001682c    00000020     adcs_bdot_main.obj (.text:send_mtq_info_segment_cosmos)
                  0001684c    0000001e     systeminfo.obj (.text:coreStartup)
                  0001686a    0000001e     debugtools.obj (.text:debugInvokeInfoHandlers)
                  00016888    0000001e     debugtools.obj (.text:debugInvokeStatusHandlers)
                  000168a6    0000001e     debugtools.obj (.text:debugSetMode)
                  000168c4    0000001e     analogsensor.obj (.text:enableSingleSampleMode)
                  000168e2    0000001e     rts430x_lc_rd_eabi.lib : memccpy.obj (.text:memccpy)
                  00016900    0000001e     adcs_bdot_main.obj (.text:send_cosmos_telem)
                  0001691e    0000001e     uart.obj (.text:uartSetEchoOff)
                  0001693c    0000001e     uart.obj (.text:uartSetEchoOn)
                  0001695a    0000001c     analogsensor.obj (.text:enableMultiSampleMode)
                  00016976    0000001c     adcs_bdot_main.obj (.text:map)
                  00016992    00000018     agglib.obj (.text:aggVec_push_i)
                  000169aa    00000018     uart.obj (.text:disableUARTInterrupts)
                  000169c2    00000018     uart.obj (.text:enableUARTInterrupts)
                  000169da    00000018     rts430x_lc_rd_eabi.lib : mult16_f5hw.obj (.text)
                  000169f2    00000016     agglib.obj (.text:aggVec_max_i)
                  00016a08    00000016     agglib.obj (.text:aggVec_min_i)
                  00016a1e    00000016     canwrap.obj (.text:canWrapInit)
                  00016a34    00000016     rts430x_lc_rd_eabi.lib : memset.obj (.text:memset)
                  00016a4a    00000016                            : div16u.obj (.text)
                  00016a60    00000014                            : memcpy.obj (.text:memcpy)
                  00016a74    00000012                            : fixdu.obj (.text:__mspabi_fixdu)
                  00016a86    00000012     bsp.obj (.text:bspGetChipID)
                  00016a98    00000012     rts430x_lc_rd_eabi.lib : copy_decompress_none.obj (.text:decompress:none:__TI_decompress_none)
                  00016aaa    00000012     analogsensor.obj (.text:initializeTempSensor)
                  00016abc    00000012     rts430x_lc_rd_eabi.lib : strcpy.obj (.text:strcpy)
                  00016ace    00000010     debugtools.obj (.text:bcbinPopulateHeader)
                  00016ade    00000010     systeminfo.obj (.text:getSubsystemModulePath)
                  00016aee    00000010     rts430x_lc_rd_eabi.lib : asr32.obj (.text:l_asr)
                  00016afe    00000010                            : lsl32.obj (.text:l_lsl)
                  00016b0e    00000010                            : lsr32.obj (.text:l_lsr)
                  00016b1e    00000010     adcs_bdot_main.obj (.text:read_magnetometer_data)
                  00016b2e    0000000e     analogsensor.obj (.text:asensorReadIntTempC)
                  00016b3c    0000000e     debugtools.obj (.text:bcbinSendPacket)
                  00016b4a    0000000e     rollcall.obj (.text:hasPacketBuffer)
                  00016b58    0000000e     rollcall.obj (.text:rollcallInit)
                  00016b66    0000000e     adcs_bdot_main.obj (.text:start_check_best_mag_timer)
                  00016b74    0000000e     rts430x_lc_rd_eabi.lib : strlen.obj (.text:strlen)
                  00016b82    0000000c                            : fltid.obj (.text:__mspabi_fltid)
                  00016b8e    0000000a                            : abs.obj (.text:abs)
                  00016b98    0000000a     agglib.obj (.text:aggVec_init_i)
                  00016ba2    0000000a     agglib.obj (.text:aggVec_mm_reset)
                  00016bac    0000000a     agglib.obj (.text:aggVec_reset)
                  00016bb6    0000000a     bsp.obj (.text:bspGetResetCount)
                  00016bc0    0000000a     debugtools.obj (.text:debugInvokeStatusHandler)
                  00016bca    0000000a     debugtools.obj (.text:normalizeTraceLevel)
                  00016bd4    0000000a     rts430x_lc_rd_eabi.lib : lsl16.obj (.text)
                  00016bde    00000008     analogsensor.obj (.text:asensorReadIntTempRawC)
                  00016be6    00000008     can.obj (.text:disableCanInterrupt)
                  00016bee    00000008     can.obj (.text:enableCanInterrupt)
                  00016bf6    00000008     i2c.obj (.text:i2cMasterRead)
                  00016bfe    00000008     i2c.obj (.text:i2cMasterWrite)
                  00016c06    00000008     rollcall.obj (.text:rollcallStart)
                  00016c0e    00000008     analogsensor.obj (.text:tempExtConvertRawtoCelsius)
                  00016c16    00000006     rts430x_lc_rd_eabi.lib : fltud.obj (.text:__mspabi_fltud)
                  00016c1c    00000006                            : exit.obj (.text:abort)
                  00016c22    00000006     bsp.obj (.text:bspGetHWSWMatchState)
                  00016c28    00000006     bsp.obj (.text:bspGetModule)
                  00016c2e    00000006     debugtools.obj (.text:debugGetCommMatchState)
                  00016c34    00000006     bsp.obj (.text:enforceHWSWLock)
                  00016c3a    00000006     rollcall.obj (.text:rollcallQueueLength)
                  00016c40    00000006     canwrap.obj (.text:setCANPacketRxCallback)
                  00016c46    00000006     can.obj (.text:setReceiveCallback0)
                  00016c4c    00000006     can.obj (.text:setReceiveCallback1)
                  00016c52    00000006     adcs_bdot_main.obj (.text:simulink_compute)
                  00016c58    00000004     rts430x_lc_rd_eabi.lib : pre_init.obj (.text:_system_pre_init)
                  00016c5c    00000004     adcs_bdot_main.obj (.text:handlePPTFiringNotification)
                  00016c60    00000004     adcs_bdot_main.obj (.text:handleRollCall)
                  00016c64    00000004     timer.obj (.text:no_op_func)
                  00016c68    00000002     can.obj (.text:DummyCallback)
                  00016c6a    00000002     rts430x_lc_rd_eabi.lib : _lock.obj (.text:_nop)
                  00016c6c    00000002                            : startup.obj (.text:_system_post_cinit)
                  00016c6e    00000002     bdot_controller_lib.obj (.text:bdot_controller_lib_initialize)
                  00016c70    00000002     spi.obj (.text:dummyFn)

MODULE SUMMARY

       Module                         code    ro data   rw data
       ------                         ----    -------   -------
    .\
       adcs_bdot_main.obj             2692    143       275    
       bdot_controller_lib.obj        2746    4         122    
       bdot_controller_lib_data.obj   0       144       0      
    +--+------------------------------+-------+---------+---------+
       Total:                         5438    291       397    
                                                               
    .\dsbase\actuators\
       rw.obj                         218     4         34     
    +--+------------------------------+-------+---------+---------+
       Total:                         218     4         34     
                                                               
    .\dsbase\bsp\
       bsp.obj                        526     240       66     
    +--+------------------------------+-------+---------+---------+
       Total:                         526     240       66     
                                                               
    .\dsbase\core\
       debugtools.obj                 1622    940       784    
       uart.obj                       1238    168       1259   
       can.obj                        1442    6         0      
       timer.obj                      1276    2         132    
       i2c.obj                        926     4         183    
       agglib.obj                     746     0         0      
       spi.obj                        274     0         0      
       MET.obj                        174     2         7      
    +--+------------------------------+-------+---------+---------+
       Total:                         7698    1122      2365   
                                                               
    .\dsbase\interfaces\
       canwrap.obj                    1832    28        0      
       systeminfo.obj                 46      196       84     
       rollcall.obj                   216     0         11     
    +--+------------------------------+-------+---------+---------+
       Total:                         2094    224       95     
                                                               
    .\dsbase\sensors\
       analogsensor.obj               1206    2         249    
       magnetometer.obj               914     0         176    
    +--+------------------------------+-------+---------+---------+
       Total:                         2120    2         425    
                                                               
    C:\ti\ccsv7\ccs_base\msp430\lib\FR59xx\MSPMPU_INIT_LIB_CCS_msp430_large_code_restricted_data.lib
       mpu_init.o                     44      0         0      
    +--+------------------------------+-------+---------+---------+
       Total:                         44      0         0      
                                                               
    C:\ti\ccsv7\tools\compiler\lib\rts430x_lc_rd_eabi.lib
       frcdivd.obj                    1126    0         0      
       _printfi_min.obj               804     20        0      
       addd.obj                       736     0         0      
       e_sqrt.obj                     734     0         0      
       frcmpyd.obj                    640     0         0      
       mpyd.obj                       614     0         0      
       frcaddd.obj                    584     0         0      
       divd.obj                       546     0         0      
       s_floor.obj                    452     0         0      
       trgmsg.obj                     104     0         288    
       fs_add.obj                     306     0         0      
       write.obj                      60      0         180    
       cmpd.obj                       216     0         0      
       defs.obj                       0       0         202    
       fflush.obj                     188     0         0      
       fs_mpy.obj                     184     0         0      
       renormd.obj                    178     0         0      
       vsnprintf.obj                  172     0         0      
       fltlid.obj                     158     0         0      
       hostlseek.obj                  154     0         0      
       fs_div.obj                     144     0         0      
       cvtdf.obj                      140     0         0      
       autoinit_wdt.obj               130     0         0      
       fltuld.obj                     128     0         0      
       copy_decompress_lzss.obj       120     0         0      
       hostopen.obj                   112     0         8      
       hostrename.obj                 116     0         0      
       hostwrite.obj                  108     0         0      
       hostread.obj                   106     0         0      
       fixdul.obj                     104     0         0      
       fs_toi.obj                     104     0         0      
       cpy_tbl.obj                    102     0         0      
       cvtfd.obj                      102     0         0      
       fixdli.obj                     102     0         0      
       div32u.obj                     88      0         0      
       asr32.obj                      78      0         0      
       hostclose.obj                  78      0         0      
       lsl32.obj                      78      0         0      
       lsr32.obj                      78      0         0      
       fs_toul.obj                    76      0         0      
       fs_cmp.obj                     74      0         0      
       hostunlink.obj                 70      0         0      
       div32s.obj                     64      0         0      
       lsl64.obj                      58      0         0      
       fs_ultof.obj                   50      0         0      
       strncpy.obj                    50      0         0      
       subd.obj                       50      0         0      
       div16s.obj                     44      0         0      
       fixdi.obj                      40      0         0      
       copy_zero_init.obj             36      0         0      
       fs_utof.obj                    36      0         0      
       mult32_f5hw.obj                36      0         0      
       boot_special.obj               30      0         0      
       memccpy.obj                    30      0         0      
       mult16_f5hw.obj                24      0         0      
       div16u.obj                     22      0         0      
       memset.obj                     22      0         0      
       memcpy.obj                     20      0         0      
       copy_decompress_none.obj       18      0         0      
       fixdu.obj                      18      0         0      
       strcpy.obj                     18      0         0      
       strlen.obj                     14      0         0      
       fltid.obj                      12      0         0      
       _lock.obj                      2       0         8      
       abs.obj                        10      0         0      
       lsl16.obj                      10      0         0      
       isr_trap.obj                   8       0         0      
       exit.obj                       6       0         0      
       fltud.obj                      6       0         0      
       pre_init.obj                   4       0         0      
       boot.obj                       0       2         0      
       errno.obj                      0       0         2      
       int18.obj                      0       2         0      
       int19.obj                      0       2         0      
       int20.obj                      0       2         0      
       int21.obj                      0       2         0      
       int24.obj                      0       2         0      
       int25.obj                      0       2         0      
       int26.obj                      0       2         0      
       int30.obj                      0       2         0      
       int32.obj                      0       2         0      
       int33.obj                      0       2         0      
       int34.obj                      0       2         0      
       int35.obj                      0       2         0      
       int36.obj                      0       2         0      
       int37.obj                      0       2         0      
       int38.obj                      0       2         0      
       int39.obj                      0       2         0      
       int40.obj                      0       2         0      
       int41.obj                      0       2         0      
       int42.obj                      0       2         0      
       int45.obj                      0       2         0      
       int47.obj                      0       2         0      
       int49.obj                      0       2         0      
       int50.obj                      0       2         0      
       int51.obj                      0       2         0      
       int52.obj                      0       2         0      
       int53.obj                      0       2         0      
       int54.obj                      0       2         0      
       startup.obj                    2       0         0      
    +--+------------------------------+-------+---------+---------+
       Total:                         10934   76        688    
                                                               
       Stack:                         0       0         1024   
       Linker Generated:              0       288       0      
    +--+------------------------------+-------+---------+---------+
       Grand Total:                   29072   2247      5094   


LINKER GENERATED COPY TABLES

__TI_cinit_table @ 0000518c records: 2, size/record: 8, table size: 16
	.data: load addr=0000507c, load size=000000fe bytes, run addr=0000283e, run size=00000280 bytes, compression=lzss
	.bss: load addr=00005186, load size=00000006 bytes, run addr=00001c00, run size=00000c3e bytes, compression=zero_init


LINKER GENERATED HANDLER TABLE

__TI_handler_table @ 0000517a records: 3, size/record: 4, table size: 12
	index: 0, handler: __TI_zero_init
	index: 1, handler: __TI_decompress_lzss
	index: 2, handler: __TI_decompress_none


GLOBAL SYMBOLS: SORTED ALPHABETICALLY BY Name 

address   name                          
-------   ----                          
00000800  ADC12CTL0                     
00000801  ADC12CTL0_H                   
00000800  ADC12CTL0_L                   
00000802  ADC12CTL1                     
00000803  ADC12CTL1_H                   
00000802  ADC12CTL1_L                   
00000804  ADC12CTL2                     
00000805  ADC12CTL2_H                   
00000804  ADC12CTL2_L                   
00000806  ADC12CTL3                     
00000807  ADC12CTL3_H                   
00000806  ADC12CTL3_L                   
0000080a  ADC12HI                       
0000080b  ADC12HI_H                     
0000080a  ADC12HI_L                     
00000812  ADC12IER0                     
00000813  ADC12IER0_H                   
00000812  ADC12IER0_L                   
00000814  ADC12IER1                     
00000815  ADC12IER1_H                   
00000814  ADC12IER1_L                   
00000816  ADC12IER2                     
00000817  ADC12IER2_H                   
00000816  ADC12IER2_L                   
0000080c  ADC12IFGR0                    
0000080d  ADC12IFGR0_H                  
0000080c  ADC12IFGR0_L                  
0000080e  ADC12IFGR1                    
0000080f  ADC12IFGR1_H                  
0000080e  ADC12IFGR1_L                  
00000810  ADC12IFGR2                    
00000811  ADC12IFGR2_H                  
00000810  ADC12IFGR2_L                  
000046fa  ADC12ISR                      
00000818  ADC12IV                       
00000819  ADC12IV_H                     
00000818  ADC12IV_L                     
00000808  ADC12LO                       
00000809  ADC12LO_H                     
00000808  ADC12LO_L                     
00000820  ADC12MCTL0                    
00000821  ADC12MCTL0_H                  
00000820  ADC12MCTL0_L                  
00000822  ADC12MCTL1                    
00000834  ADC12MCTL10                   
00000835  ADC12MCTL10_H                 
00000834  ADC12MCTL10_L                 
00000836  ADC12MCTL11                   
00000837  ADC12MCTL11_H                 
00000836  ADC12MCTL11_L                 
00000838  ADC12MCTL12                   
00000839  ADC12MCTL12_H                 
00000838  ADC12MCTL12_L                 
0000083a  ADC12MCTL13                   
0000083b  ADC12MCTL13_H                 
0000083a  ADC12MCTL13_L                 
0000083c  ADC12MCTL14                   
0000083d  ADC12MCTL14_H                 
0000083c  ADC12MCTL14_L                 
0000083e  ADC12MCTL15                   
0000083f  ADC12MCTL15_H                 
0000083e  ADC12MCTL15_L                 
00000840  ADC12MCTL16                   
00000841  ADC12MCTL16_H                 
00000840  ADC12MCTL16_L                 
00000842  ADC12MCTL17                   
00000843  ADC12MCTL17_H                 
00000842  ADC12MCTL17_L                 
00000844  ADC12MCTL18                   
00000845  ADC12MCTL18_H                 
00000844  ADC12MCTL18_L                 
00000846  ADC12MCTL19                   
00000847  ADC12MCTL19_H                 
00000846  ADC12MCTL19_L                 
00000823  ADC12MCTL1_H                  
00000822  ADC12MCTL1_L                  
00000824  ADC12MCTL2                    
00000848  ADC12MCTL20                   
00000849  ADC12MCTL20_H                 
00000848  ADC12MCTL20_L                 
0000084a  ADC12MCTL21                   
0000084b  ADC12MCTL21_H                 
0000084a  ADC12MCTL21_L                 
0000084c  ADC12MCTL22                   
0000084d  ADC12MCTL22_H                 
0000084c  ADC12MCTL22_L                 
0000084e  ADC12MCTL23                   
0000084f  ADC12MCTL23_H                 
0000084e  ADC12MCTL23_L                 
00000850  ADC12MCTL24                   
00000851  ADC12MCTL24_H                 
00000850  ADC12MCTL24_L                 
00000852  ADC12MCTL25                   
00000853  ADC12MCTL25_H                 
00000852  ADC12MCTL25_L                 
00000854  ADC12MCTL26                   
00000855  ADC12MCTL26_H                 
00000854  ADC12MCTL26_L                 
00000856  ADC12MCTL27                   
00000857  ADC12MCTL27_H                 
00000856  ADC12MCTL27_L                 
00000858  ADC12MCTL28                   
00000859  ADC12MCTL28_H                 
00000858  ADC12MCTL28_L                 
0000085a  ADC12MCTL29                   
0000085b  ADC12MCTL29_H                 
0000085a  ADC12MCTL29_L                 
00000825  ADC12MCTL2_H                  
00000824  ADC12MCTL2_L                  
00000826  ADC12MCTL3                    
0000085c  ADC12MCTL30                   
0000085d  ADC12MCTL30_H                 
0000085c  ADC12MCTL30_L                 
0000085e  ADC12MCTL31                   
0000085f  ADC12MCTL31_H                 
0000085e  ADC12MCTL31_L                 
00000827  ADC12MCTL3_H                  
00000826  ADC12MCTL3_L                  
00000828  ADC12MCTL4                    
00000829  ADC12MCTL4_H                  
00000828  ADC12MCTL4_L                  
0000082a  ADC12MCTL5                    
0000082b  ADC12MCTL5_H                  
0000082a  ADC12MCTL5_L                  
0000082c  ADC12MCTL6                    
0000082d  ADC12MCTL6_H                  
0000082c  ADC12MCTL6_L                  
0000082e  ADC12MCTL7                    
0000082f  ADC12MCTL7_H                  
0000082e  ADC12MCTL7_L                  
00000830  ADC12MCTL8                    
00000831  ADC12MCTL8_H                  
00000830  ADC12MCTL8_L                  
00000832  ADC12MCTL9                    
00000833  ADC12MCTL9_H                  
00000832  ADC12MCTL9_L                  
00000860  ADC12MEM0                     
00000861  ADC12MEM0_H                   
00000860  ADC12MEM0_L                   
00000862  ADC12MEM1                     
00000874  ADC12MEM10                    
00000875  ADC12MEM10_H                  
00000874  ADC12MEM10_L                  
00000876  ADC12MEM11                    
00000877  ADC12MEM11_H                  
00000876  ADC12MEM11_L                  
00000878  ADC12MEM12                    
00000879  ADC12MEM12_H                  
00000878  ADC12MEM12_L                  
0000087a  ADC12MEM13                    
0000087b  ADC12MEM13_H                  
0000087a  ADC12MEM13_L                  
0000087c  ADC12MEM14                    
0000087d  ADC12MEM14_H                  
0000087c  ADC12MEM14_L                  
0000087e  ADC12MEM15                    
0000087f  ADC12MEM15_H                  
0000087e  ADC12MEM15_L                  
00000880  ADC12MEM16                    
00000881  ADC12MEM16_H                  
00000880  ADC12MEM16_L                  
00000882  ADC12MEM17                    
00000883  ADC12MEM17_H                  
00000882  ADC12MEM17_L                  
00000884  ADC12MEM18                    
00000885  ADC12MEM18_H                  
00000884  ADC12MEM18_L                  
00000886  ADC12MEM19                    
00000887  ADC12MEM19_H                  
00000886  ADC12MEM19_L                  
00000863  ADC12MEM1_H                   
00000862  ADC12MEM1_L                   
00000864  ADC12MEM2                     
00000888  ADC12MEM20                    
00000889  ADC12MEM20_H                  
00000888  ADC12MEM20_L                  
0000088a  ADC12MEM21                    
0000088b  ADC12MEM21_H                  
0000088a  ADC12MEM21_L                  
0000088c  ADC12MEM22                    
0000088d  ADC12MEM22_H                  
0000088c  ADC12MEM22_L                  
0000088e  ADC12MEM23                    
0000088f  ADC12MEM23_H                  
0000088e  ADC12MEM23_L                  
00000890  ADC12MEM24                    
00000891  ADC12MEM24_H                  
00000890  ADC12MEM24_L                  
00000892  ADC12MEM25                    
00000893  ADC12MEM25_H                  
00000892  ADC12MEM25_L                  
00000894  ADC12MEM26                    
00000895  ADC12MEM26_H                  
00000894  ADC12MEM26_L                  
00000896  ADC12MEM27                    
00000897  ADC12MEM27_H                  
00000896  ADC12MEM27_L                  
00000898  ADC12MEM28                    
00000899  ADC12MEM28_H                  
00000898  ADC12MEM28_L                  
0000089a  ADC12MEM29                    
0000089b  ADC12MEM29_H                  
0000089a  ADC12MEM29_L                  
00000865  ADC12MEM2_H                   
00000864  ADC12MEM2_L                   
00000866  ADC12MEM3                     
0000089c  ADC12MEM30                    
0000089d  ADC12MEM30_H                  
0000089c  ADC12MEM30_L                  
0000089e  ADC12MEM31                    
0000089f  ADC12MEM31_H                  
0000089e  ADC12MEM31_L                  
00000867  ADC12MEM3_H                   
00000866  ADC12MEM3_L                   
00000868  ADC12MEM4                     
00000869  ADC12MEM4_H                   
00000868  ADC12MEM4_L                   
0000086a  ADC12MEM5                     
0000086b  ADC12MEM5_H                   
0000086a  ADC12MEM5_L                   
0000086c  ADC12MEM6                     
0000086d  ADC12MEM6_H                   
0000086c  ADC12MEM6_L                   
0000086e  ADC12MEM7                     
0000086f  ADC12MEM7_H                   
0000086e  ADC12MEM7_L                   
00000870  ADC12MEM8                     
00000871  ADC12MEM8_H                   
00000870  ADC12MEM8_L                   
00000872  ADC12MEM9                     
00000873  ADC12MEM9_H                   
00000872  ADC12MEM9_L                   
000009c0  AESACTL0                      
000009c1  AESACTL0_H                    
000009c0  AESACTL0_L                    
000009c2  AESACTL1                      
000009c3  AESACTL1_H                    
000009c2  AESACTL1_L                    
000009c8  AESADIN                       
000009c9  AESADIN_H                     
000009c8  AESADIN_L                     
000009ca  AESADOUT                      
000009cb  AESADOUT_H                    
000009ca  AESADOUT_L                    
000009c6  AESAKEY                       
000009c7  AESAKEY_H                     
000009c6  AESAKEY_L                     
000009c4  AESASTAT                      
000009c5  AESASTAT_H                    
000009c4  AESASTAT_L                    
000009cc  AESAXDIN                      
000009cd  AESAXDIN_H                    
000009cc  AESAXDIN_L                    
000009ce  AESAXIN                       
000009cf  AESAXIN_H                     
000009ce  AESAXIN_L                     
000004be  BCD2BIN                       
000004bf  BCD2BIN_H                     
000004be  BCD2BIN_L                     
000004bc  BIN2BCD                       
000004bd  BIN2BCD_H                     
000004bc  BIN2BCD_L                     
00016c1c  C$$EXIT                       
000162a4  C$$IO$$                       
00002824  CANPacketReceived             
0000043e  CAPTIO0CTL                    
0000043f  CAPTIO0CTL_H                  
0000043e  CAPTIO0CTL_L                  
0000047e  CAPTIO1CTL                    
0000047f  CAPTIO1CTL_H                  
0000047e  CAPTIO1CTL_L                  
000008c0  CECTL0                        
000008c1  CECTL0_H                      
000008c0  CECTL0_L                      
000008c2  CECTL1                        
000008c3  CECTL1_H                      
000008c2  CECTL1_L                      
000008c4  CECTL2                        
000008c5  CECTL2_H                      
000008c4  CECTL2_L                      
000008c6  CECTL3                        
000008c7  CECTL3_H                      
000008c6  CECTL3_L                      
000008cc  CEINT                         
000008cd  CEINT_H                       
000008cc  CEINT_L                       
000008ce  CEIV                          
000008cf  CEIV_H                        
000008ce  CEIV_L                        
00000996  CRC16DIRBW0                   
00000997  CRC16DIRBW0_H                 
00000996  CRC16DIRBW0_L                 
00000990  CRC16DIW0                     
00000991  CRC16DIW0_H                   
00000990  CRC16DIW0_L                   
00000998  CRC16INIRESW0                 
00000999  CRC16INIRESW0_H               
00000998  CRC16INIRESW0_L               
0000099e  CRC16RESRW0                   
0000099f  CRC16RESRW0_H                 
0000099e  CRC16RESRW0_L                 
00000986  CRC32DIRBW0                   
00000987  CRC32DIRBW0_H                 
00000986  CRC32DIRBW0_L                 
00000984  CRC32DIRBW1                   
00000985  CRC32DIRBW1_H                 
00000984  CRC32DIRBW1_L                 
00000980  CRC32DIW0                     
00000981  CRC32DIW0_H                   
00000980  CRC32DIW0_L                   
00000982  CRC32DIW1                     
00000983  CRC32DIW1_H                   
00000982  CRC32DIW1_L                   
00000988  CRC32INIRESW0                 
00000989  CRC32INIRESW0_H               
00000988  CRC32INIRESW0_L               
0000098a  CRC32INIRESW1                 
0000098b  CRC32INIRESW1_H               
0000098a  CRC32INIRESW1_L               
0000098e  CRC32RESRW0                   
0000098f  CRC32RESRW0_H                 
0000098e  CRC32RESRW0_L                 
0000098c  CRC32RESRW1                   
0000098d  CRC32RESRW1_H                 
0000098c  CRC32RESRW1_L                 
00000150  CRCDI                         
00000152  CRCDIRB                       
00000153  CRCDIRB_H                     
00000152  CRCDIRB_L                     
00000151  CRCDI_H                       
00000150  CRCDI_L                       
00000154  CRCINIRES                     
00000155  CRCINIRES_H                   
00000154  CRCINIRES_L                   
00000156  CRCRESR                       
00000157  CRCRESR_H                     
00000156  CRCRESR_L                     
00000160  CSCTL0                        
00000161  CSCTL0_H                      
00000160  CSCTL0_L                      
00000162  CSCTL1                        
00000163  CSCTL1_H                      
00000162  CSCTL1_L                      
00000164  CSCTL2                        
00000165  CSCTL2_H                      
00000164  CSCTL2_L                      
00000166  CSCTL3                        
00000167  CSCTL3_H                      
00000166  CSCTL3_L                      
00000168  CSCTL4                        
00000169  CSCTL4_H                      
00000168  CSCTL4_L                      
0000016a  CSCTL5                        
0000016b  CSCTL5_H                      
0000016a  CSCTL5_L                      
0000016c  CSCTL6                        
0000016d  CSCTL6_H                      
0000016c  CSCTL6_L                      
00000510  DMA0CTL                       
00000511  DMA0CTL_H                     
00000510  DMA0CTL_L                     
00000516  DMA0DA                        
00000518  DMA0DAH                       
00000516  DMA0DAL                       
00000512  DMA0SA                        
00000514  DMA0SAH                       
00000512  DMA0SAL                       
0000051a  DMA0SZ                        
0000051b  DMA0SZ_H                      
0000051a  DMA0SZ_L                      
00000520  DMA1CTL                       
00000521  DMA1CTL_H                     
00000520  DMA1CTL_L                     
00000526  DMA1DA                        
00000528  DMA1DAH                       
00000526  DMA1DAL                       
00000522  DMA1SA                        
00000524  DMA1SAH                       
00000522  DMA1SAL                       
0000052a  DMA1SZ                        
0000052b  DMA1SZ_H                      
0000052a  DMA1SZ_L                      
00000530  DMA2CTL                       
00000531  DMA2CTL_H                     
00000530  DMA2CTL_L                     
00000536  DMA2DA                        
00000538  DMA2DAH                       
00000536  DMA2DAL                       
00000532  DMA2SA                        
00000534  DMA2SAH                       
00000532  DMA2SAL                       
0000053a  DMA2SZ                        
0000053b  DMA2SZ_H                      
0000053a  DMA2SZ_L                      
00000540  DMA3CTL                       
00000541  DMA3CTL_H                     
00000540  DMA3CTL_L                     
00000546  DMA3DA                        
00000548  DMA3DAH                       
00000546  DMA3DAL                       
00000542  DMA3SA                        
00000544  DMA3SAH                       
00000542  DMA3SAL                       
0000054a  DMA3SZ                        
0000054b  DMA3SZ_H                      
0000054a  DMA3SZ_L                      
00000550  DMA4CTL                       
00000551  DMA4CTL_H                     
00000550  DMA4CTL_L                     
00000556  DMA4DA                        
00000558  DMA4DAH                       
00000556  DMA4DAL                       
00000552  DMA4SA                        
00000554  DMA4SAH                       
00000552  DMA4SAL                       
0000055a  DMA4SZ                        
0000055b  DMA4SZ_H                      
0000055a  DMA4SZ_L                      
00000560  DMA5CTL                       
00000561  DMA5CTL_H                     
00000560  DMA5CTL_L                     
00000566  DMA5DA                        
00000568  DMA5DAH                       
00000566  DMA5DAL                       
00000562  DMA5SA                        
00000564  DMA5SAH                       
00000562  DMA5SAL                       
0000056a  DMA5SZ                        
0000056b  DMA5SZ_H                      
0000056a  DMA5SZ_L                      
00000500  DMACTL0                       
00000501  DMACTL0_H                     
00000500  DMACTL0_L                     
00000502  DMACTL1                       
00000503  DMACTL1_H                     
00000502  DMACTL1_L                     
00000504  DMACTL2                       
00000505  DMACTL2_H                     
00000504  DMACTL2_L                     
00000508  DMACTL4                       
00000509  DMACTL4_H                     
00000508  DMACTL4_L                     
0000050e  DMAIV                         
0000050f  DMAIV_H                       
0000050e  DMAIV_L                       
00016c68  DummyCallback                 
00000140  FRCTL0                        
00000141  FRCTL0_H                      
00000140  FRCTL0_L                      
00000144  GCCTL0                        
00000145  GCCTL0_H                      
00000144  GCCTL0_L                      
00000146  GCCTL1                        
00000147  GCCTL1_H                      
00000146  GCCTL1_L                      
00015af8  HOSTclose                     
0001495e  HOSTlseek                     
000150c8  HOSTopen                      
00015280  HOSTread                      
00014efc  HOSTrename                    
00015d96  HOSTunlink                    
000151a8  HOSTwrite                     
00000a80  LEACAP                        
00000a82  LEACAPH                       
00000a80  LEACAPL                       
00000a98  LEACMA                        
00000a9a  LEACMAH                       
00000a98  LEACMAL                       
00000a9c  LEACMCTL                      
00000a9e  LEACMCTLH                     
00000a9c  LEACMCTLL                     
00000aa8  LEACMDSTAT                    
00000aaa  LEACMDSTATH                   
00000aa8  LEACMDSTATL                   
00000a84  LEACNF0                       
00000a86  LEACNF0H                      
00000a84  LEACNF0L                      
00000a88  LEACNF1                       
00000a8a  LEACNF1H                      
00000a88  LEACNF1L                      
00000a8c  LEACNF2                       
00000a8e  LEACNF2H                      
00000a8c  LEACNF2L                      
00000ab4  LEADSTSTAT                    
00000ab6  LEADSTSTATH                   
00000ab4  LEADSTSTATL                   
00000af4  LEAIE                         
00000af6  LEAIEH                        
00000af4  LEAIEL                        
00000af8  LEAIFG                        
00000afa  LEAIFGH                       
00000af8  LEAIFGL                       
00000af0  LEAIFGSET                     
00000af2  LEAIFGSETH                    
00000af0  LEAIFGSETL                    
00000afc  LEAIV                         
00000afe  LEAIVH                        
00000afc  LEAIVL                        
00000a90  LEAMB                         
00000a92  LEAMBH                        
00000a90  LEAMBL                        
00000a94  LEAMT                         
00000a96  LEAMTH                        
00000a94  LEAMTL                        
00000ad0  LEAPMCB                       
00000ad2  LEAPMCBH                      
00000ad0  LEAPMCBL                      
00000ac0  LEAPMCTL                      
00000ac2  LEAPMCTLH                     
00000ac0  LEAPMCTLL                     
00000ac4  LEAPMDST                      
00000ac6  LEAPMDSTH                     
00000ac4  LEAPMDSTL                     
00000acc  LEAPMS0                       
00000ace  LEAPMS0H                      
00000acc  LEAPMS0L                      
00000ac8  LEAPMS1                       
00000aca  LEAPMS1H                      
00000ac8  LEAPMS1L                      
00000ab0  LEAS0STAT                     
00000ab2  LEAS0STATH                    
00000ab0  LEAS0STATL                    
00000aac  LEAS1STAT                     
00000aae  LEAS1STATH                    
00000aac  LEAS1STATL                    
000004c4  MAC                           
000004da  MAC32H                        
000004db  MAC32H_H                      
000004da  MAC32H_L                      
000004d8  MAC32L                        
000004d9  MAC32L_H                      
000004d8  MAC32L_L                      
000004c6  MACS                          
000004de  MACS32H                       
000004df  MACS32H_H                     
000004de  MACS32H_L                     
000004dc  MACS32L                       
000004dd  MACS32L_H                     
000004dc  MACS32L_L                     
000004c7  MACS_H                        
000004c6  MACS_L                        
000004c5  MAC_H                         
000004c4  MAC_L                         
00015622  METInit                       
000005a0  MPUCTL0                       
000005a1  MPUCTL0_H                     
000005a0  MPUCTL0_L                     
000005a2  MPUCTL1                       
000005a3  MPUCTL1_H                     
000005a2  MPUCTL1_L                     
000005aa  MPUIPC0                       
000005ab  MPUIPC0_H                     
000005aa  MPUIPC0_L                     
000005ae  MPUIPSEGB1                    
000005af  MPUIPSEGB1_H                  
000005ae  MPUIPSEGB1_L                  
000005ac  MPUIPSEGB2                    
000005ad  MPUIPSEGB2_H                  
000005ac  MPUIPSEGB2_L                  
000005a8  MPUSAM                        
000005a9  MPUSAM_H                      
000005a8  MPUSAM_L                      
000005a6  MPUSEGB1                      
000005a7  MPUSEGB1_H                    
000005a6  MPUSEGB1_L                    
000005a4  MPUSEGB2                      
000005a5  MPUSEGB2_H                    
000005a4  MPUSEGB2_L                    
000004c0  MPY                           
000004ec  MPY32CTL0                     
000004ed  MPY32CTL0_H                   
000004ec  MPY32CTL0_L                   
000004d2  MPY32H                        
000004d3  MPY32H_H                      
000004d2  MPY32H_L                      
000004d0  MPY32L                        
000004d1  MPY32L_H                      
000004d0  MPY32L_L                      
000004c2  MPYS                          
000004d6  MPYS32H                       
000004d7  MPYS32H_H                     
000004d6  MPYS32H_L                     
000004d4  MPYS32L                       
000004d5  MPYS32L_H                     
000004d4  MPYS32L_L                     
000004c3  MPYS_H                        
000004c2  MPYS_L                        
000004c1  MPY_H                         
000004c0  MPY_L                         
000004c8  OP2                           
000004e2  OP2H                          
000004e3  OP2H_H                        
000004e2  OP2H_L                        
000004e0  OP2L                          
000004e1  OP2L_H                        
000004e0  OP2L_L                        
000004c9  OP2_H                         
000004c8  OP2_L                         
00000204  P1DIR                         
0000021a  P1IE                          
00000218  P1IES                         
0000021c  P1IFG                         
00000200  P1IN                          
0000020e  P1IV                          
0000020f  P1IV_H                        
0000020e  P1IV_L                        
00000202  P1OUT                         
00000206  P1REN                         
0000020a  P1SEL0                        
0000020c  P1SEL1                        
00000216  P1SELC                        
00000205  P2DIR                         
0000021b  P2IE                          
00000219  P2IES                         
0000021d  P2IFG                         
00000201  P2IN                          
0000021e  P2IV                          
0000021f  P2IV_H                        
0000021e  P2IV_L                        
00000203  P2OUT                         
00000207  P2REN                         
0000020b  P2SEL0                        
0000020d  P2SEL1                        
00000217  P2SELC                        
00000224  P3DIR                         
0000023a  P3IE                          
00000238  P3IES                         
0000023c  P3IFG                         
00000220  P3IN                          
0000022e  P3IV                          
0000022f  P3IV_H                        
0000022e  P3IV_L                        
00000222  P3OUT                         
00000226  P3REN                         
0000022a  P3SEL0                        
0000022c  P3SEL1                        
00000236  P3SELC                        
00000225  P4DIR                         
0000023b  P4IE                          
00000239  P4IES                         
0000023d  P4IFG                         
00000221  P4IN                          
0000023e  P4IV                          
0000023f  P4IV_H                        
0000023e  P4IV_L                        
00000223  P4OUT                         
00000227  P4REN                         
0000022b  P4SEL0                        
0000022d  P4SEL1                        
00000237  P4SELC                        
00000244  P5DIR                         
0000025a  P5IE                          
00000258  P5IES                         
0000025c  P5IFG                         
00000240  P5IN                          
0000024e  P5IV                          
0000024f  P5IV_H                        
0000024e  P5IV_L                        
00000242  P5OUT                         
00000246  P5REN                         
0000024a  P5SEL0                        
0000024c  P5SEL1                        
00000256  P5SELC                        
00000245  P6DIR                         
0000025b  P6IE                          
00000259  P6IES                         
0000025d  P6IFG                         
00000241  P6IN                          
0000025e  P6IV                          
0000025f  P6IV_H                        
0000025e  P6IV_L                        
00000243  P6OUT                         
00000247  P6REN                         
0000024b  P6SEL0                        
0000024d  P6SEL1                        
00000257  P6SELC                        
00000264  P7DIR                         
0000027a  P7IE                          
00000278  P7IES                         
0000027c  P7IFG                         
00000260  P7IN                          
0000026e  P7IV                          
0000026f  P7IV_H                        
0000026e  P7IV_L                        
00000262  P7OUT                         
00000266  P7REN                         
0000026a  P7SEL0                        
0000026c  P7SEL1                        
00000276  P7SELC                        
00000265  P8DIR                         
0000027b  P8IE                          
00000279  P8IES                         
0000027d  P8IFG                         
00000261  P8IN                          
0000027e  P8IV                          
0000027f  P8IV_H                        
0000027e  P8IV_L                        
00000263  P8OUT                         
[...]
00000982  CRC32DIW1_L                   
00000983  CRC32DIW1_H                   
00000984  CRC32DIRBW1                   
00000984  CRC32DIRBW1_L                 
00000985  CRC32DIRBW1_H                 
00000986  CRC32DIRBW0                   
00000986  CRC32DIRBW0_L                 
00000987  CRC32DIRBW0_H                 
00000988  CRC32INIRESW0                 
00000988  CRC32INIRESW0_L               
00000989  CRC32INIRESW0_H               
0000098a  CRC32INIRESW1                 
0000098a  CRC32INIRESW1_L               
0000098b  CRC32INIRESW1_H               
0000098c  CRC32RESRW1                   
0000098c  CRC32RESRW1_L                 
0000098d  CRC32RESRW1_H                 
0000098e  CRC32RESRW0                   
0000098e  CRC32RESRW0_L                 
0000098f  CRC32RESRW0_H                 
00000990  CRC16DIW0                     
00000990  CRC16DIW0_L                   
00000991  CRC16DIW0_H                   
00000996  CRC16DIRBW0                   
00000996  CRC16DIRBW0_L                 
00000997  CRC16DIRBW0_H                 
00000998  CRC16INIRESW0                 
00000998  CRC16INIRESW0_L               
00000999  CRC16INIRESW0_H               
0000099e  CRC16RESRW0                   
0000099e  CRC16RESRW0_L                 
0000099f  CRC16RESRW0_H                 
000009c0  AESACTL0                      
000009c0  AESACTL0_L                    
000009c1  AESACTL0_H                    
000009c2  AESACTL1                      
000009c2  AESACTL1_L                    
000009c3  AESACTL1_H                    
000009c4  AESASTAT                      
000009c4  AESASTAT_L                    
000009c5  AESASTAT_H                    
000009c6  AESAKEY                       
000009c6  AESAKEY_L                     
000009c7  AESAKEY_H                     
000009c8  AESADIN                       
000009c8  AESADIN_L                     
000009c9  AESADIN_H                     
000009ca  AESADOUT                      
000009ca  AESADOUT_L                    
000009cb  AESADOUT_H                    
000009cc  AESAXDIN                      
000009cc  AESAXDIN_L                    
000009cd  AESAXDIN_H                    
000009ce  AESAXIN                       
000009ce  AESAXIN_L                     
000009cf  AESAXIN_H                     
00000a80  LEACAP                        
00000a80  LEACAPL                       
00000a82  LEACAPH                       
00000a84  LEACNF0                       
00000a84  LEACNF0L                      
00000a86  LEACNF0H                      
00000a88  LEACNF1                       
00000a88  LEACNF1L                      
00000a8a  LEACNF1H                      
00000a8c  LEACNF2                       
00000a8c  LEACNF2L                      
00000a8e  LEACNF2H                      
00000a90  LEAMB                         
00000a90  LEAMBL                        
00000a92  LEAMBH                        
00000a94  LEAMT                         
00000a94  LEAMTL                        
00000a96  LEAMTH                        
00000a98  LEACMA                        
00000a98  LEACMAL                       
00000a9a  LEACMAH                       
00000a9c  LEACMCTL                      
00000a9c  LEACMCTLL                     
00000a9e  LEACMCTLH                     
00000aa8  LEACMDSTAT                    
00000aa8  LEACMDSTATL                   
00000aaa  LEACMDSTATH                   
00000aac  LEAS1STAT                     
00000aac  LEAS1STATL                    
00000aae  LEAS1STATH                    
00000ab0  LEAS0STAT                     
00000ab0  LEAS0STATL                    
00000ab2  LEAS0STATH                    
00000ab4  LEADSTSTAT                    
00000ab4  LEADSTSTATL                   
00000ab6  LEADSTSTATH                   
00000ac0  LEAPMCTL                      
00000ac0  LEAPMCTLL                     
00000ac2  LEAPMCTLH                     
00000ac4  LEAPMDST                      
00000ac4  LEAPMDSTL                     
00000ac6  LEAPMDSTH                     
00000ac8  LEAPMS1                       
00000ac8  LEAPMS1L                      
00000aca  LEAPMS1H                      
00000acc  LEAPMS0                       
00000acc  LEAPMS0L                      
00000ace  LEAPMS0H                      
00000ad0  LEAPMCB                       
00000ad0  LEAPMCBL                      
00000ad2  LEAPMCBH                      
00000af0  LEAIFGSET                     
00000af0  LEAIFGSETL                    
00000af2  LEAIFGSETH                    
00000af4  LEAIE                         
00000af4  LEAIEL                        
00000af6  LEAIEH                        
00000af8  LEAIFG                        
00000af8  LEAIFGL                       
00000afa  LEAIFGH                       
00000afc  LEAIV                         
00000afc  LEAIVL                        
00000afe  LEAIVH                        
00001513  mpu_sam_value                 
00002418  busregs                       
00002590  rtDW                          
0000267e  rtU                           
000027b9  confirmed                     
000027e5  error_bus_not_initialized     
000027ee  parmbuf                       
000027fd  isDist                        
00002824  CANPacketReceived             
00002828  ReceiveCallback0              
0000282c  ReceiveCallback1              
00002830  rtM_                          
00002834  rtY                           
00002838  spiCallback                   
0000283e  _ftable                       
00002906  _device                       
000029be  _stream                       
00002a66  window_index                  
00002a67  initialTAIFG                  
00002a74  avg_window                    
00002aa4  _lock                         
00002aa8  _unlock                       
00002aba  __TI_ft_end                   
00002abc  errno                         
00003800  _stack                        
00003c00  __STACK_END                   
00004000  fram_rw_start                 
00004000  recentTime                    
00004006  local_reset_count             
0000400a  _CIOBUF_                      
00004400  ReceivedMsg                   
00004400  fram_ipe_end                  
00004400  fram_ipe_start                
00004400  fram_rx_start                 
0000463e  Timer4_A0_ISR                 
000046fa  ADC12ISR                      
000047b0  Timer0_A1_ISR                 
0000482e  RTC_ISR                       
0000487a  USCI_A0_ISR                   
0000489e  USCI_A1_ISR                   
000048c2  Timer4_A1_ISR                 
000048e0  _c_int00_noargs_noexit_mpu    
000048fe  USCI_B1_ISR                   
0000490a  USCI_B2_ISR                   
00004916  __TI_ISR_TRAP                 
00004f22  rtConstP                      
0000506e  rtM                           
0000517a  __TI_Handler_Table_Base       
00005186  __TI_Handler_Table_Limit      
0000518c  __TI_CINIT_Base               
0000519c  __TI_CINIT_Limit              
0000a501  mpu_ctl0_value                
0000ffb4  __TI_int18                    
0000ffb6  __TI_int19                    
0000ffb8  __TI_int20                    
0000ffba  __TI_int21                    
0000ffbc  __TI_int22                    
0000ffbe  __TI_int23                    
0000ffc0  __TI_int24                    
0000ffc2  __TI_int25                    
0000ffc4  __TI_int26                    
0000ffc6  __TI_int27                    
0000ffc8  __TI_int28                    
0000ffca  __TI_int29                    
0000ffcc  __TI_int30                    
0000ffce  __TI_int31                    
0000ffd0  __TI_int32                    
0000ffd2  __TI_int33                    
0000ffd4  __TI_int34                    
0000ffd6  __TI_int35                    
0000ffd8  __TI_int36                    
0000ffda  __TI_int37                    
0000ffdc  __TI_int38                    
0000ffde  __TI_int39                    
0000ffe0  __TI_int40                    
0000ffe2  __TI_int41                    
0000ffe4  __TI_int42                    
0000ffe6  __TI_int43                    
0000ffe8  __TI_int44                    
0000ffea  __TI_int45                    
0000ffec  __TI_int46                    
0000ffee  __TI_int47                    
0000fff0  __TI_int48                    
0000fff2  __TI_int49                    
0000fff4  __TI_int50                    
0000fff6  __TI_int51                    
0000fff8  __TI_int52                    
0000fffa  __TI_int53                    
0000fffc  __TI_int54                    
0000fffe  _reset_vector                 
00010000  bdot_controller_lib_step      
00010000  rt_OneStep                    
00010ab8  __TI_frcdivd                  
00010f1e  magReadXYZData                
00011212  __mspabi_addd                 
000114f2  sqrt                          
000114f2  sqrtl                         
000117d0  __TI_frcmpyd                  
00011a50  __mspabi_mpyd                 
00011cb6  __TI_frcaddd                  
00011efe  update_simulink_info          
00012136  __mspabi_divd                 
00012358  floor                         
00012358  floorl                        
0001251c  aggVec_push                   
000126ae  canWrapInitWithFilter         
00012838  uartReportStatus              
00012aca  __mspabi_subf                 
00012ad0  __mspabi_addf                 
00012bfc  bspInit                       
00012d1c  can_rx_callback               
00012f3c  debugInvokeActionHandlers     
00013040  main                          
00013140  debugReadCallback             
0001323c  determine_best_fit_mag        
00013336  uartInit                      
00013528  uartTransmit                  
0001360e  initial_setup                 
000137cc  initializeTimer               
000138a8  configSequence                
00013982  __mspabi_cmpd                 
00013a5a  canSend                       
00013c02  checkTimer                    
00013cd4  __TI_printfi_minimal          
00013da2  encodecmd_mtq_bdot            
00013e70  send_bdot_mag_reading_cosmos  
00013f3e  timerCallbackInitializer      
0001400c  canInit                       
000140cc  configChannel                 
00014188  __mspabi_mpyf                 
00014240  __TI_renormd                  
000142f2  bcbinPopulateMeta             
000143a2  encoderc_adcs_bdot_3          
00014450  encoderc_adcs_bdot_2          
000144fa  startCallback                 
000145a0  timerPollInitializer          
00014646  encoderc_adcs_bdot_1          
000146e6  spiTransceive                 
00014786  __mspabi_fltlid               
00014824  canSendPacket                 
000148c2  i2cInit                       
0001495e  HOSTlseek                     
000149f8  __mspabi_divf                 
00014a88  __mspabi_cvtdf                
00014b14  processCommand                
00014b98  _auto_init_hold_wdt           
00014c1a  __mspabi_fltuld               
00014c9a  encoderc_adcs_bdot_4          
00014d18  setMaskOrFilter               
00014d18  setTheFilter                  
00014d94  __TI_decompress_lzss          
00014e0c  infoReport                    
00014efc  HOSTrename                    
00014f70  rollcallUpdate                
00014fe4  coreCallSimpleHandlers        
00015056  handleUCTXIFG                 
000150c8  HOSTopen                      
00015138  spiInit                       
000151a8  HOSTwrite                     
00015214  asensorGetLastExtTempC        
00015214  asensorGetLastValueV          
00015214  convertRawToFloat             
00015280  HOSTread                      
000152ea  rcPopulate3                   
00015354  __mspabi_fixdul               
00015424  __mspabi_fixfi                
0001548c  __mspabi_cvtfd                
000154f2  __mspabi_fixdli               
00015558  copy_in                       
000155be  __TI_doflush                  
00015622  METInit                       
00015684  actionCallback                
000156e4  convertTime                   
00015744  canTxCheck                    
000157a0  decodemtq_ack                 
000157fa  updateRCData                  
00015854  fflush                        
000158ac  __mspabi_divul                
000158ac  __mspabi_remul                
00015904  rcPopulate1                   
0001595a  vsnprintf                     
000159b0  send_dipole_packet            
00015a04  reportStatusCallback          
00015aa8  rcPopulate2                   
00015af8  HOSTclose                     
00015b46  __mspabi_fixful               
00015b92  wrapCB0                       
00015bde  wrapCB1                       
00015c2a  handleUCRXIFG                 
00015c74  __mspabi_cmpf                 
00015d06  magInit                       
00015d4e  send_health_segment_cosmos    
00015d96  HOSTunlink                    
00015ddc  debugInit                     
00015e22  determine_mtq_commands        
00015e68  debugRegisterEntity           
00015eac  decodesensorproc_mag2         
00015eec  decodesensorproc_mag          
00015f2c  __mspabi_divli                
00015f2c  __mspabi_remli                
00015f6c  __mspabi_sral_15              
00015f70  __mspabi_sral_14              
00015f74  __mspabi_sral_13              
00015f78  __mspabi_sral_12              
00015f7c  __mspabi_sral_11              
00015f80  __mspabi_sral_10              
00015f84  __mspabi_sral_9               
00015f88  __mspabi_sral_8               
00015f8c  __mspabi_sral_7               
00015f90  __mspabi_sral_6               
00015f94  __mspabi_sral_5               
00015f98  __mspabi_sral_4               
00015f9c  __mspabi_sral_3               
00015fa0  __mspabi_sral_2               
00015fa4  __mspabi_sral_1               
00015faa  __mspabi_slll_15              
00015fae  __mspabi_slll_14              
00015fb2  __mspabi_slll_13              
00015fb6  __mspabi_slll_12              
00015fba  __mspabi_slll_11              
00015fbe  __mspabi_slll_10              
00015fc2  __mspabi_slll_9               
00015fc6  __mspabi_slll_8               
00015fca  __mspabi_slll_7               
00015fce  __mspabi_slll_6               
00015fd2  __mspabi_slll_5               
00015fd6  __mspabi_slll_4               
00015fda  __mspabi_slll_3               
00015fde  __mspabi_slll_2               
00015fe2  __mspabi_slll_1               
00015fe8  __mspabi_srll_15              
00015fec  __mspabi_srll_14              
00015ff0  __mspabi_srll_13              
00015ff4  __mspabi_srll_12              
00015ff8  __mspabi_srll_11              
00015ffc  __mspabi_srll_10              
00016000  __mspabi_srll_9               
00016004  __mspabi_srll_8               
00016008  __mspabi_srll_7               
0001600c  __mspabi_srll_6               
00016010  __mspabi_srll_5               
00016014  __mspabi_srll_4               
00016018  __mspabi_srll_3               
0001601c  __mspabi_srll_2               
00016020  __mspabi_srll_1               
00016026  rcPopulate4                   
00016064  asensorInit                   
000160a0  debugInvokeActionHandler      
000160dc  debugTraceF                   
00016118  write                         
00016154  __mspabi_sllll                
000161c8  readRegister                  
00016202  convert_mag_data_raw_to_teslas
0001623a  displayPrompt                 
00016272  __TI_writemsg                 
000162a4  C$$IO$$                       
000162de  __TI_readmsg                  
00016310  __mspabi_subd                 
00016342  debugPrintF                   
00016374  __mspabi_fltulf               
000163a6  strncpy                       
000163d8  aggVec_max                    
00016406  aggVec_min                    
00016434  reverseArray                  
00016462  __mpu_init                    
0001648e  normalOperationConfig         
000164ba  __mspabi_divi                 
000164ba  __mspabi_remi                 
000164e6  bitModify                     
00016510  checkValidPollingID           
0001653a  magConvertRawToTeslas         
00016564  readStatus                    
0001658e  __mspabi_fixdi                
000165b6  aggVec_as_reset               
000165de  aggVec_max_reset              
00016606  aggVec_min_reset              
0001662e  endPollingTimer               
00016656  asensorReadSingleSensorRaw    
0001667c  requestToSend                 
000166a2  send_simulink_segment_cosmos  
000166c8  setRegister                   
000166ee  uartRegisterRxCallback        
00016714  bspI2CInit                    
00016738  bspUARTInit                   
0001675c  __TI_zero_init                
00016780  __mspabi_fltuf                
000167a4  __mspabi_mpyl_f5hw            
000167c8  aggVec_avg_i_i                
000167ea  map_general                   
0001682c  send_mtq_info_segment_cosmos  
0001684c  coreStartup                   
0001686a  debugInvokeInfoHandlers       
00016888  debugInvokeStatusHandlers     
000168a6  debugSetMode                  
000168e2  memccpy                       
00016900  send_cosmos_telem             
0001691e  uartSetEchoOff                
0001693c  uartSetEchoOn                 
00016976  map                           
00016992  aggVec_push_i                 
000169aa  disableUARTInterrupts         
000169c2  enableUARTInterrupts          
000169da  __mspabi_mpyi_f5hw            
000169f2  aggVec_max_i                  
00016a08  aggVec_min_i                  
00016a1e  canWrapInit                   
00016a34  memset                        
00016a4a  __mspabi_divu                 
00016a4a  __mspabi_remu                 
00016a60  memcpy                        
00016a74  __mspabi_fixdu                
00016a86  bspGetChipID                  
00016a98  __TI_decompress_none          
00016abc  strcpy                        
00016ace  bcbinPopulateHeader           
00016ade  getSubsystemModulePath        
00016aee  __mspabi_sral                 
00016afe  __mspabi_slll                 
00016b0e  __mspabi_srll                 
00016b1e  read_magnetometer_data        
00016b2e  asensorReadIntTempC           
00016b3c  bcbinSendPacket               
00016b58  rollcallInit                  
00016b66  start_check_best_mag_timer    
00016b74  strlen                        
00016b82  __mspabi_fltid                
00016b8e  abs                           
00016b98  aggVec_init_i                 
00016ba2  aggVec_mm_reset               
00016bac  aggVec_reset                  
00016bb6  bspGetResetCount              
00016bc0  debugInvokeStatusHandler      
00016bca  normalizeTraceLevel           
00016bd4  __mspabi_slli                 
00016bde  asensorReadIntTempRawC        
00016be6  disableCanInterrupt           
00016bee  enableCanInterrupt            
00016bf6  i2cMasterRead                 
00016bfe  i2cMasterWrite                
00016c06  rollcallStart                 
00016c16  __mspabi_fltud                
00016c1c  C$$EXIT                       
00016c1c  abort                         
00016c22  bspGetHWSWMatchState          
00016c28  bspGetModule                  
00016c2e  debugGetCommMatchState        
00016c3a  rollcallQueueLength           
00016c40  setCANPacketRxCallback        
00016c46  setReceiveCallback0           
00016c4c  setReceiveCallback1           
00016c52  simulink_compute              
00016c58  _system_pre_init              
00016c5c  handlePPTFiringNotification   
00016c60  handleRollCall                
00016c64  no_op_func                    
00016c68  DummyCallback                 
00016c6a  _nop                          
00016c6c  _system_post_cinit            
00016c6e  bdot_controller_lib_initialize
00016c70  dummyFn                       
ffffffff  __TI_pprof_out_hndl           
ffffffff  __TI_prof_data_size           
ffffffff  __TI_prof_data_start          
ffffffff  __c_args__                    
UNDEFED   __TI_BINIT_Base               
UNDEFED   __TI_BINIT_Limit              
UNDEFED   __TI_INITARRAY_Base           
UNDEFED   __TI_INITARRAY_Limit          

[1871 symbols]
