<?xml version="1.0"?>
<link_info>
   <banner>MSP430 Linker PC v17.6.0.STS</banner>
   <copyright>Copyright (c) 2003-2017 Texas Instruments Incorporated</copyright>
   <link_time>0x5b1069cb</link_time>
   <link_errors>0x0</link_errors>
   <output_file>ss_ADCS_BDot.out</output_file>
   <entry_point>
      <name>_c_int00_noargs_noexit_mpu</name>
      <address>0x48e0</address>
   </entry_point>
   <input_file_list>
      <input_file id="fl-2">
         <path>.\</path>
         <kind>object</kind>
         <file>adcs_bdot_main.obj</file>
         <name>adcs_bdot_main.obj</name>
      </input_file>
      <input_file id="fl-3">
         <path>.\</path>
         <kind>object</kind>
         <file>bdot_controller_lib.obj</file>
         <name>bdot_controller_lib.obj</name>
      </input_file>
      <input_file id="fl-4">
         <path>.\</path>
         <kind>object</kind>
         <file>bdot_controller_lib_data.obj</file>
         <name>bdot_controller_lib_data.obj</name>
      </input_file>
      <input_file id="fl-5">
         <path>.\</path>
         <kind>object</kind>
         <file>ert_main.obj</file>
         <name>ert_main.obj</name>
      </input_file>
      <input_file id="fl-6">
         <path>.\dsbase\actuators\</path>
         <kind>object</kind>
         <file>rw.obj</file>
         <name>rw.obj</name>
      </input_file>
      <input_file id="fl-7">
         <path>.\dsbase\bsp\</path>
         <kind>object</kind>
         <file>bsp.obj</file>
         <name>bsp.obj</name>
      </input_file>
      <input_file id="fl-8">
         <path>.\dsbase\config\</path>
         <kind>object</kind>
         <file>config_bus_uart.obj</file>
         <name>config_bus_uart.obj</name>
      </input_file>
      <input_file id="fl-9">
         <path>.\dsbase\core\</path>
         <kind>object</kind>
         <file>MET.obj</file>
         <name>MET.obj</name>
      </input_file>
      <input_file id="fl-a">
         <path>.\dsbase\core\</path>
         <kind>object</kind>
         <file>agglib.obj</file>
         <name>agglib.obj</name>
      </input_file>
      <input_file id="fl-b">
         <path>.\dsbase\core\</path>
         <kind>object</kind>
         <file>can.obj</file>
         <name>can.obj</name>
      </input_file>
      <input_file id="fl-c">
         <path>.\dsbase\core\</path>
         <kind>object</kind>
         <file>dataArray.obj</file>
         <name>dataArray.obj</name>
      </input_file>
      <input_file id="fl-d">
         <path>.\dsbase\core\</path>
         <kind>object</kind>
         <file>debugtools.obj</file>
         <name>debugtools.obj</name>
      </input_file>
      <input_file id="fl-e">
         <path>.\dsbase\core\</path>
         <kind>object</kind>
         <file>i2c.obj</file>
         <name>i2c.obj</name>
      </input_file>
      <input_file id="fl-f">
         <path>.\dsbase\core\</path>
         <kind>object</kind>
         <file>spi.obj</file>
         <name>spi.obj</name>
      </input_file>
      <input_file id="fl-10">
         <path>.\dsbase\core\</path>
         <kind>object</kind>
         <file>timer.obj</file>
         <name>timer.obj</name>
      </input_file>
      <input_file id="fl-11">
         <path>.\dsbase\core\</path>
         <kind>object</kind>
         <file>timers.obj</file>
         <name>timers.obj</name>
      </input_file>
      <input_file id="fl-12">
         <path>.\dsbase\core\</path>
         <kind>object</kind>
         <file>uart.obj</file>
         <name>uart.obj</name>
      </input_file>
      <input_file id="fl-13">
         <path>.\dsbase\interfaces\</path>
         <kind>object</kind>
         <file>canwrap.obj</file>
         <name>canwrap.obj</name>
      </input_file>
      <input_file id="fl-14">
         <path>.\dsbase\interfaces\</path>
         <kind>object</kind>
         <file>rollcall.obj</file>
         <name>rollcall.obj</name>
      </input_file>
      <input_file id="fl-15">
         <path>.\dsbase\interfaces\</path>
         <kind>object</kind>
         <file>systeminfo.obj</file>
         <name>systeminfo.obj</name>
      </input_file>
      <input_file id="fl-16">
         <path>.\dsbase\sensors\</path>
         <kind>object</kind>
         <file>analogsensor.obj</file>
         <name>analogsensor.obj</name>
      </input_file>
      <input_file id="fl-17">
         <path>.\dsbase\sensors\</path>
         <kind>object</kind>
         <file>coulomb_counter.obj</file>
         <name>coulomb_counter.obj</name>
      </input_file>
      <input_file id="fl-18">
         <path>.\dsbase\sensors\</path>
         <kind>object</kind>
         <file>imu.obj</file>
         <name>imu.obj</name>
      </input_file>
      <input_file id="fl-19">
         <path>.\dsbase\sensors\</path>
         <kind>object</kind>
         <file>magnetometer.obj</file>
         <name>magnetometer.obj</name>
      </input_file>
      <input_file id="fl-1a">
         <path>.\dsbase\sensors\</path>
         <kind>object</kind>
         <file>pcvsensor.obj</file>
         <name>pcvsensor.obj</name>
      </input_file>
      <input_file id="fl-1b">
         <path>.\dsbase\sensors\</path>
         <kind>object</kind>
         <file>photodiode.obj</file>
         <name>photodiode.obj</name>
      </input_file>
      <input_file id="fl-1c">
         <path>.\dsbase\sensors\</path>
         <kind>object</kind>
         <file>sun_sensor.obj</file>
         <name>sun_sensor.obj</name>
      </input_file>
      <input_file id="fl-1d">
         <path>.\dsbase\sensors\gps\</path>
         <kind>object</kind>
         <file>BufferedReader.obj</file>
         <name>BufferedReader.obj</name>
      </input_file>
      <input_file id="fl-1e">
         <path>.\dsbase\sensors\gps\</path>
         <kind>object</kind>
         <file>crc.obj</file>
         <name>crc.obj</name>
      </input_file>
      <input_file id="fl-1f">
         <path>.\dsbase\sensors\gps\</path>
         <kind>object</kind>
         <file>gps.obj</file>
         <name>gps.obj</name>
      </input_file>
      <input_file id="fl-26">
         <kind>object</kind>
         <file>&lt;internal&gt;</file>
         <name>&lt;internal&gt;</name>
      </input_file>
      <input_file id="fl-46">
         <path>C:\ti\ccsv7\tools\compiler\lib\</path>
         <kind>archive</kind>
         <file>rts430x_lc_rd_eabi.lib</file>
         <name>copy_decompress_lzss.obj</name>
      </input_file>
      <input_file id="fl-47">
         <path>C:\ti\ccsv7\tools\compiler\lib\</path>
         <kind>archive</kind>
         <file>rts430x_lc_rd_eabi.lib</file>
         <name>copy_decompress_none.obj</name>
      </input_file>
      <input_file id="fl-48">
         <path>C:\ti\ccsv7\tools\compiler\lib\</path>
         <kind>archive</kind>
         <file>rts430x_lc_rd_eabi.lib</file>
         <name>int18.obj</name>
      </input_file>
      <input_file id="fl-49">
         <path>C:\ti\ccsv7\tools\compiler\lib\</path>
         <kind>archive</kind>
         <file>rts430x_lc_rd_eabi.lib</file>
         <name>isr_trap.obj</name>
      </input_file>
      <input_file id="fl-4a">
         <path>C:\ti\ccsv7\tools\compiler\lib\</path>
         <kind>archive</kind>
         <file>rts430x_lc_rd_eabi.lib</file>
         <name>int19.obj</name>
      </input_file>
      <input_file id="fl-4b">
         <path>C:\ti\ccsv7\tools\compiler\lib\</path>
         <kind>archive</kind>
         <file>rts430x_lc_rd_eabi.lib</file>
         <name>int20.obj</name>
      </input_file>
      <input_file id="fl-4c">
         <path>C:\ti\ccsv7\tools\compiler\lib\</path>
         <kind>archive</kind>
         <file>rts430x_lc_rd_eabi.lib</file>
         <name>int21.obj</name>
      </input_file>
      <input_file id="fl-4d">
         <path>C:\ti\ccsv7\tools\compiler\lib\</path>
         <kind>archive</kind>
         <file>rts430x_lc_rd_eabi.lib</file>
         <name>int24.obj</name>
      </input_file>
      <input_file id="fl-4e">
         <path>C:\ti\ccsv7\tools\compiler\lib\</path>
         <kind>archive</kind>
         <file>rts430x_lc_rd_eabi.lib</file>
         <name>int25.obj</name>
      </input_file>
      <input_file id="fl-4f">
         <path>C:\ti\ccsv7\tools\compiler\lib\</path>
         <kind>archive</kind>
         <file>rts430x_lc_rd_eabi.lib</file>
         <name>int26.obj</name>
      </input_file>
      <input_file id="fl-50">
         <path>C:\ti\ccsv7\tools\compiler\lib\</path>
         <kind>archive</kind>
         <file>rts430x_lc_rd_eabi.lib</file>
         <name>int30.obj</name>
      </input_file>
      <input_file id="fl-51">
         <path>C:\ti\ccsv7\tools\compiler\lib\</path>
         <kind>archive</kind>
         <file>rts430x_lc_rd_eabi.lib</file>
         <name>int32.obj</name>
      </input_file>
      <input_file id="fl-52">
         <path>C:\ti\ccsv7\tools\compiler\lib\</path>
         <kind>archive</kind>
         <file>rts430x_lc_rd_eabi.lib</file>
         <name>int33.obj</name>
      </input_file>
      <input_file id="fl-53">
         <path>C:\ti\ccsv7\tools\compiler\lib\</path>
         <kind>archive</kind>
         <file>rts430x_lc_rd_eabi.lib</file>
         <name>int34.obj</name>
      </input_file>
      <input_file id="fl-54">
         <path>C:\ti\ccsv7\tools\compiler\lib\</path>
         <kind>archive</kind>
         <file>rts430x_lc_rd_eabi.lib</file>
         <name>int35.obj</name>
      </input_file>
      <input_file id="fl-55">
         <path>C:\ti\ccsv7\tools\compiler\lib\</path>
         <kind>archive</kind>
         <file>rts430x_lc_rd_eabi.lib</file>
         <name>int36.obj</name>
      </input_file>
      <input_file id="fl-56">
         <path>C:\ti\ccsv7\tools\compiler\lib\</path>
         <kind>archive</kind>
         <file>rts430x_lc_rd_eabi.lib</file>
         <name>int37.obj</name>
      </input_file>
      <input_file id="fl-57">
         <path>C:\ti\ccsv7\tools\compiler\lib\</path>
         <kind>archive</kind>
         <file>rts430x_lc_rd_eabi.lib</file>
         <name>int38.obj</name>
      </input_file>
      <input_file id="fl-58">
         <path>C:\ti\ccsv7\tools\compiler\lib\</path>
         <kind>archive</kind>
         <file>rts430x_lc_rd_eabi.lib</file>
         <name>int39.obj</name>
      </input_file>
      <input_file id="fl-59">
         <path>C:\ti\ccsv7\tools\compiler\lib\</path>
         <kind>archive</kind>
         <file>rts430x_lc_rd_eabi.lib</file>
         <name>int40.obj</name>
      </input_file>
      <input_file id="fl-5a">
         <path>C:\ti\ccsv7\tools\compiler\lib\</path>
         <kind>archive</kind>
         <file>rts430x_lc_rd_eabi.lib</file>
         <name>int41.obj</name>
      </input_file>
      <input_file id="fl-5b">
         <path>C:\ti\ccsv7\tools\compiler\lib\</path>
         <kind>archive</kind>
         <file>rts430x_lc_rd_eabi.lib</file>
         <name>int42.obj</name>
      </input_file>
      <input_file id="fl-5c">
         <path>C:\ti\ccsv7\tools\compiler\lib\</path>
         <kind>archive</kind>
         <file>rts430x_lc_rd_eabi.lib</file>
         <name>int45.obj</name>
      </input_file>
      <input_file id="fl-5d">
         <path>C:\ti\ccsv7\tools\compiler\lib\</path>
         <kind>archive</kind>
         <file>rts430x_lc_rd_eabi.lib</file>
         <name>int47.obj</name>
      </input_file>
      <input_file id="fl-5e">
         <path>C:\ti\ccsv7\tools\compiler\lib\</path>
         <kind>archive</kind>
         <file>rts430x_lc_rd_eabi.lib</file>
         <name>int49.obj</name>
      </input_file>
      <input_file id="fl-5f">
         <path>C:\ti\ccsv7\tools\compiler\lib\</path>
         <kind>archive</kind>
         <file>rts430x_lc_rd_eabi.lib</file>
         <name>int50.obj</name>
      </input_file>
      <input_file id="fl-60">
         <path>C:\ti\ccsv7\tools\compiler\lib\</path>
         <kind>archive</kind>
         <file>rts430x_lc_rd_eabi.lib</file>
         <name>int51.obj</name>
      </input_file>
      <input_file id="fl-61">
         <path>C:\ti\ccsv7\tools\compiler\lib\</path>
         <kind>archive</kind>
         <file>rts430x_lc_rd_eabi.lib</file>
         <name>int52.obj</name>
      </input_file>
      <input_file id="fl-62">
         <path>C:\ti\ccsv7\tools\compiler\lib\</path>
         <kind>archive</kind>
         <file>rts430x_lc_rd_eabi.lib</file>
         <name>int53.obj</name>
      </input_file>
      <input_file id="fl-63">
         <path>C:\ti\ccsv7\tools\compiler\lib\</path>
         <kind>archive</kind>
         <file>rts430x_lc_rd_eabi.lib</file>
         <name>int54.obj</name>
      </input_file>
      <input_file id="fl-64">
         <path>C:\ti\ccsv7\tools\compiler\lib\</path>
         <kind>archive</kind>
         <file>rts430x_lc_rd_eabi.lib</file>
         <name>copy_zero_init.obj</name>
      </input_file>
      <input_file id="fl-65">
         <path>C:\ti\ccsv7\tools\compiler\lib\</path>
         <kind>archive</kind>
         <file>rts430x_lc_rd_eabi.lib</file>
         <name>addd.obj</name>
      </input_file>
      <input_file id="fl-66">
         <path>C:\ti\ccsv7\tools\compiler\lib\</path>
         <kind>archive</kind>
         <file>rts430x_lc_rd_eabi.lib</file>
         <name>frcaddd.obj</name>
      </input_file>
      <input_file id="fl-67">
         <path>C:\ti\ccsv7\tools\compiler\lib\</path>
         <kind>archive</kind>
         <file>rts430x_lc_rd_eabi.lib</file>
         <name>renormd.obj</name>
      </input_file>
      <input_file id="fl-68">
         <path>C:\ti\ccsv7\tools\compiler\lib\</path>
         <kind>archive</kind>
         <file>rts430x_lc_rd_eabi.lib</file>
         <name>fs_add.obj</name>
      </input_file>
      <input_file id="fl-69">
         <path>C:\ti\ccsv7\tools\compiler\lib\</path>
         <kind>archive</kind>
         <file>rts430x_lc_rd_eabi.lib</file>
         <name>cmpd.obj</name>
      </input_file>
      <input_file id="fl-6a">
         <path>C:\ti\ccsv7\tools\compiler\lib\</path>
         <kind>archive</kind>
         <file>rts430x_lc_rd_eabi.lib</file>
         <name>fs_cmp.obj</name>
      </input_file>
      <input_file id="fl-6b">
         <path>C:\ti\ccsv7\tools\compiler\lib\</path>
         <kind>archive</kind>
         <file>rts430x_lc_rd_eabi.lib</file>
         <name>cvtdf.obj</name>
      </input_file>
      <input_file id="fl-6c">
         <path>C:\ti\ccsv7\tools\compiler\lib\</path>
         <kind>archive</kind>
         <file>rts430x_lc_rd_eabi.lib</file>
         <name>cvtfd.obj</name>
      </input_file>
      <input_file id="fl-6d">
         <path>C:\ti\ccsv7\tools\compiler\lib\</path>
         <kind>archive</kind>
         <file>rts430x_lc_rd_eabi.lib</file>
         <name>divd.obj</name>
      </input_file>
      <input_file id="fl-6e">
         <path>C:\ti\ccsv7\tools\compiler\lib\</path>
         <kind>archive</kind>
         <file>rts430x_lc_rd_eabi.lib</file>
         <name>frcdivd.obj</name>
      </input_file>
      <input_file id="fl-6f">
         <path>C:\ti\ccsv7\tools\compiler\lib\</path>
         <kind>archive</kind>
         <file>rts430x_lc_rd_eabi.lib</file>
         <name>fs_div.obj</name>
      </input_file>
      <input_file id="fl-70">
         <path>C:\ti\ccsv7\tools\compiler\lib\</path>
         <kind>archive</kind>
         <file>rts430x_lc_rd_eabi.lib</file>
         <name>div16s.obj</name>
      </input_file>
      <input_file id="fl-71">
         <path>C:\ti\ccsv7\tools\compiler\lib\</path>
         <kind>archive</kind>
         <file>rts430x_lc_rd_eabi.lib</file>
         <name>div32s.obj</name>
      </input_file>
      <input_file id="fl-72">
         <path>C:\ti\ccsv7\tools\compiler\lib\</path>
         <kind>archive</kind>
         <file>rts430x_lc_rd_eabi.lib</file>
         <name>div16u.obj</name>
      </input_file>
      <input_file id="fl-73">
         <path>C:\ti\ccsv7\tools\compiler\lib\</path>
         <kind>archive</kind>
         <file>rts430x_lc_rd_eabi.lib</file>
         <name>div32u.obj</name>
      </input_file>
      <input_file id="fl-74">
         <path>C:\ti\ccsv7\tools\compiler\lib\</path>
         <kind>archive</kind>
         <file>rts430x_lc_rd_eabi.lib</file>
         <name>fixdi.obj</name>
      </input_file>
      <input_file id="fl-75">
         <path>C:\ti\ccsv7\tools\compiler\lib\</path>
         <kind>archive</kind>
         <file>rts430x_lc_rd_eabi.lib</file>
         <name>fixdli.obj</name>
      </input_file>
      <input_file id="fl-76">
         <path>C:\ti\ccsv7\tools\compiler\lib\</path>
         <kind>archive</kind>
         <file>rts430x_lc_rd_eabi.lib</file>
         <name>fixdu.obj</name>
      </input_file>
      <input_file id="fl-77">
         <path>C:\ti\ccsv7\tools\compiler\lib\</path>
         <kind>archive</kind>
         <file>rts430x_lc_rd_eabi.lib</file>
         <name>fixdul.obj</name>
      </input_file>
      <input_file id="fl-78">
         <path>C:\ti\ccsv7\tools\compiler\lib\</path>
         <kind>archive</kind>
         <file>rts430x_lc_rd_eabi.lib</file>
         <name>fs_toi.obj</name>
      </input_file>
      <input_file id="fl-79">
         <path>C:\ti\ccsv7\tools\compiler\lib\</path>
         <kind>archive</kind>
         <file>rts430x_lc_rd_eabi.lib</file>
         <name>fs_tou.obj</name>
      </input_file>
      <input_file id="fl-7a">
         <path>C:\ti\ccsv7\tools\compiler\lib\</path>
         <kind>archive</kind>
         <file>rts430x_lc_rd_eabi.lib</file>
         <name>fs_toul.obj</name>
      </input_file>
      <input_file id="fl-7b">
         <path>C:\ti\ccsv7\tools\compiler\lib\</path>
         <kind>archive</kind>
         <file>rts430x_lc_rd_eabi.lib</file>
         <name>fltid.obj</name>
      </input_file>
      <input_file id="fl-7c">
         <path>C:\ti\ccsv7\tools\compiler\lib\</path>
         <kind>archive</kind>
         <file>rts430x_lc_rd_eabi.lib</file>
         <name>fs_itof.obj</name>
      </input_file>
      <input_file id="fl-7d">
         <path>C:\ti\ccsv7\tools\compiler\lib\</path>
         <kind>archive</kind>
         <file>rts430x_lc_rd_eabi.lib</file>
         <name>fltlid.obj</name>
      </input_file>
      <input_file id="fl-7e">
         <path>C:\ti\ccsv7\tools\compiler\lib\</path>
         <kind>archive</kind>
         <file>rts430x_lc_rd_eabi.lib</file>
         <name>fs_ltof.obj</name>
      </input_file>
      <input_file id="fl-7f">
         <path>C:\ti\ccsv7\tools\compiler\lib\</path>
         <kind>archive</kind>
         <file>rts430x_lc_rd_eabi.lib</file>
         <name>fltllid.obj</name>
      </input_file>
      <input_file id="fl-80">
         <path>C:\ti\ccsv7\tools\compiler\lib\</path>
         <kind>archive</kind>
         <file>rts430x_lc_rd_eabi.lib</file>
         <name>fltud.obj</name>
      </input_file>
      <input_file id="fl-81">
         <path>C:\ti\ccsv7\tools\compiler\lib\</path>
         <kind>archive</kind>
         <file>rts430x_lc_rd_eabi.lib</file>
         <name>fs_utof.obj</name>
      </input_file>
      <input_file id="fl-82">
         <path>C:\ti\ccsv7\tools\compiler\lib\</path>
         <kind>archive</kind>
         <file>rts430x_lc_rd_eabi.lib</file>
         <name>fltuld.obj</name>
      </input_file>
      <input_file id="fl-83">
         <path>C:\ti\ccsv7\tools\compiler\lib\</path>
         <kind>archive</kind>
         <file>rts430x_lc_rd_eabi.lib</file>
         <name>fs_ultof.obj</name>
      </input_file>
      <input_file id="fl-84">
         <path>C:\ti\ccsv7\tools\compiler\lib\</path>
         <kind>archive</kind>
         <file>rts430x_lc_rd_eabi.lib</file>
         <name>mpyd.obj</name>
      </input_file>
      <input_file id="fl-85">
         <path>C:\ti\ccsv7\tools\compiler\lib\</path>
         <kind>archive</kind>
         <file>rts430x_lc_rd_eabi.lib</file>
         <name>frcmpyd.obj</name>
      </input_file>
      <input_file id="fl-86">
         <path>C:\ti\ccsv7\tools\compiler\lib\</path>
         <kind>archive</kind>
         <file>rts430x_lc_rd_eabi.lib</file>
         <name>fs_mpy.obj</name>
      </input_file>
      <input_file id="fl-87">
         <path>C:\ti\ccsv7\tools\compiler\lib\</path>
         <kind>archive</kind>
         <file>rts430x_lc_rd_eabi.lib</file>
         <name>mult16.obj</name>
      </input_file>
      <input_file id="fl-88">
         <path>C:\ti\ccsv7\tools\compiler\lib\</path>
         <kind>archive</kind>
         <file>rts430x_lc_rd_eabi.lib</file>
         <name>mult16_f5hw.obj</name>
      </input_file>
      <input_file id="fl-89">
         <path>C:\ti\ccsv7\tools\compiler\lib\</path>
         <kind>archive</kind>
         <file>rts430x_lc_rd_eabi.lib</file>
         <name>mult32.obj</name>
      </input_file>
      <input_file id="fl-8a">
         <path>C:\ti\ccsv7\tools\compiler\lib\</path>
         <kind>archive</kind>
         <file>rts430x_lc_rd_eabi.lib</file>
         <name>mult32_f5hw.obj</name>
      </input_file>
      <input_file id="fl-8b">
         <path>C:\ti\ccsv7\tools\compiler\lib\</path>
         <kind>archive</kind>
         <file>rts430x_lc_rd_eabi.lib</file>
         <name>mult64_f5hw.obj</name>
      </input_file>
      <input_file id="fl-8c">
         <path>C:\ti\ccsv7\tools\compiler\lib\</path>
         <kind>archive</kind>
         <file>rts430x_lc_rd_eabi.lib</file>
         <name>mult1632_f5hw.obj</name>
      </input_file>
      <input_file id="fl-8d">
         <path>C:\ti\ccsv7\tools\compiler\lib\</path>
         <kind>archive</kind>
         <file>rts430x_lc_rd_eabi.lib</file>
         <name>mult3264_f5hw.obj</name>
      </input_file>
      <input_file id="fl-8e">
         <path>C:\ti\ccsv7\tools\compiler\lib\</path>
         <kind>archive</kind>
         <file>rts430x_lc_rd_eabi.lib</file>
         <name>lsl32.obj</name>
      </input_file>
      <input_file id="fl-8f">
         <path>C:\ti\ccsv7\tools\compiler\lib\</path>
         <kind>archive</kind>
         <file>rts430x_lc_rd_eabi.lib</file>
         <name>lsl64.obj</name>
      </input_file>
      <input_file id="fl-90">
         <path>C:\ti\ccsv7\tools\compiler\lib\</path>
         <kind>archive</kind>
         <file>rts430x_lc_rd_eabi.lib</file>
         <name>asr32.obj</name>
      </input_file>
      <input_file id="fl-91">
         <path>C:\ti\ccsv7\tools\compiler\lib\</path>
         <kind>archive</kind>
         <file>rts430x_lc_rd_eabi.lib</file>
         <name>lsr32.obj</name>
      </input_file>
      <input_file id="fl-92">
         <path>C:\ti\ccsv7\tools\compiler\lib\</path>
         <kind>archive</kind>
         <file>rts430x_lc_rd_eabi.lib</file>
         <name>lsr64.obj</name>
      </input_file>
      <input_file id="fl-93">
         <path>C:\ti\ccsv7\tools\compiler\lib\</path>
         <kind>archive</kind>
         <file>rts430x_lc_rd_eabi.lib</file>
         <name>subd.obj</name>
      </input_file>
      <input_file id="fl-94">
         <path>C:\ti\ccsv7\tools\compiler\lib\</path>
         <kind>archive</kind>
         <file>rts430x_lc_rd_eabi.lib</file>
         <name>boot.obj</name>
      </input_file>
      <input_file id="fl-95">
         <path>C:\ti\ccsv7\tools\compiler\lib\</path>
         <kind>archive</kind>
         <file>rts430x_lc_rd_eabi.lib</file>
         <name>args_main.obj</name>
      </input_file>
      <input_file id="fl-96">
         <path>C:\ti\ccsv7\tools\compiler\lib\</path>
         <kind>archive</kind>
         <file>rts430x_lc_rd_eabi.lib</file>
         <name>autoinit_wdt.obj</name>
      </input_file>
      <input_file id="fl-97">
         <path>C:\ti\ccsv7\tools\compiler\lib\</path>
         <kind>archive</kind>
         <file>rts430x_lc_rd_eabi.lib</file>
         <name>boot_special.obj</name>
      </input_file>
      <input_file id="fl-98">
         <path>C:\ti\ccsv7\ccs_base\msp430\lib\FR59xx\</path>
         <kind>archive</kind>
         <file>MSPMPU_INIT_LIB_CCS_msp430_large_code_restricted_data.lib</file>
         <name>mpu_init.o</name>
      </input_file>
      <input_file id="fl-99">
         <path>C:\ti\ccsv7\tools\compiler\lib\</path>
         <kind>archive</kind>
         <file>rts430x_lc_rd_eabi.lib</file>
         <name>startup.obj</name>
      </input_file>
      <input_file id="fl-9a">
         <path>C:\ti\ccsv7\tools\compiler\lib\</path>
         <kind>archive</kind>
         <file>rts430x_lc_rd_eabi.lib</file>
         <name>pre_init.obj</name>
      </input_file>
      <input_file id="fl-9b">
         <path>C:\ti\ccsv7\tools\compiler\lib\</path>
         <kind>archive</kind>
         <file>rts430x_lc_rd_eabi.lib</file>
         <name>exit.obj</name>
      </input_file>
      <input_file id="fl-9c">
         <path>C:\ti\ccsv7\tools\compiler\lib\</path>
         <kind>archive</kind>
         <file>rts430x_lc_rd_eabi.lib</file>
         <name>exit_gvars.obj</name>
      </input_file>
      <input_file id="fl-9d">
         <path>C:\ti\ccsv7\tools\compiler\lib\</path>
         <kind>archive</kind>
         <file>rts430x_lc_rd_eabi.lib</file>
         <name>_lock.obj</name>
      </input_file>
      <input_file id="fl-9e">
         <path>C:\ti\ccsv7\tools\compiler\lib\</path>
         <kind>archive</kind>
         <file>rts430x_lc_rd_eabi.lib</file>
         <name>abs.obj</name>
      </input_file>
      <input_file id="fl-9f">
         <path>C:\ti\ccsv7\tools\compiler\lib\</path>
         <kind>archive</kind>
         <file>rts430x_lc_rd_eabi.lib</file>
         <name>atoi.obj</name>
      </input_file>
      <input_file id="fl-a0">
         <path>C:\ti\ccsv7\tools\compiler\lib\</path>
         <kind>archive</kind>
         <file>rts430x_lc_rd_eabi.lib</file>
         <name>ctype.obj</name>
      </input_file>
      <input_file id="fl-a1">
         <path>C:\ti\ccsv7\tools\compiler\lib\</path>
         <kind>archive</kind>
         <file>rts430x_lc_rd_eabi.lib</file>
         <name>cpy_tbl.obj</name>
      </input_file>
      <input_file id="fl-a2">
         <path>C:\ti\ccsv7\tools\compiler\lib\</path>
         <kind>archive</kind>
         <file>rts430x_lc_rd_eabi.lib</file>
         <name>s_floor.obj</name>
      </input_file>
      <input_file id="fl-a3">
         <path>C:\ti\ccsv7\tools\compiler\lib\</path>
         <kind>archive</kind>
         <file>rts430x_lc_rd_eabi.lib</file>
         <name>lsl16.obj</name>
      </input_file>
      <input_file id="fl-a4">
         <path>C:\ti\ccsv7\tools\compiler\lib\</path>
         <kind>archive</kind>
         <file>rts430x_lc_rd_eabi.lib</file>
         <name>memcpy.obj</name>
      </input_file>
      <input_file id="fl-a5">
         <path>C:\ti\ccsv7\tools\compiler\lib\</path>
         <kind>archive</kind>
         <file>rts430x_lc_rd_eabi.lib</file>
         <name>memset.obj</name>
      </input_file>
      <input_file id="fl-a6">
         <path>C:\ti\ccsv7\tools\compiler\lib\</path>
         <kind>archive</kind>
         <file>rts430x_lc_rd_eabi.lib</file>
         <name>s_roundf.obj</name>
      </input_file>
      <input_file id="fl-a7">
         <path>C:\ti\ccsv7\tools\compiler\lib\</path>
         <kind>archive</kind>
         <file>rts430x_lc_rd_eabi.lib</file>
         <name>fs_neg.obj</name>
      </input_file>
      <input_file id="fl-a8">
         <path>C:\ti\ccsv7\tools\compiler\lib\</path>
         <kind>archive</kind>
         <file>rts430x_lc_rd_eabi.lib</file>
         <name>s_floorf.obj</name>
      </input_file>
      <input_file id="fl-a9">
         <path>C:\ti\ccsv7\tools\compiler\lib\</path>
         <kind>archive</kind>
         <file>rts430x_lc_rd_eabi.lib</file>
         <name>e_sqrt.obj</name>
      </input_file>
      <input_file id="fl-aa">
         <path>C:\ti\ccsv7\tools\compiler\lib\</path>
         <kind>archive</kind>
         <file>rts430x_lc_rd_eabi.lib</file>
         <name>errno.obj</name>
      </input_file>
      <input_file id="fl-ab">
         <path>C:\ti\ccsv7\tools\compiler\lib\</path>
         <kind>archive</kind>
         <file>rts430x_lc_rd_eabi.lib</file>
         <name>strlen.obj</name>
      </input_file>
      <input_file id="fl-ac">
         <path>C:\ti\ccsv7\tools\compiler\lib\</path>
         <kind>archive</kind>
         <file>rts430x_lc_rd_eabi.lib</file>
         <name>strncpy.obj</name>
      </input_file>
      <input_file id="fl-ad">
         <path>C:\ti\ccsv7\tools\compiler\lib\</path>
         <kind>archive</kind>
         <file>rts430x_lc_rd_eabi.lib</file>
         <name>vsnprintf.obj</name>
      </input_file>
      <input_file id="fl-ae">
         <path>C:\ti\ccsv7\tools\compiler\lib\</path>
         <kind>archive</kind>
         <file>rts430x_lc_rd_eabi.lib</file>
         <name>_printfi_min.obj</name>
      </input_file>
      <input_file id="fl-af">
         <path>C:\ti\ccsv7\tools\compiler\lib\</path>
         <kind>archive</kind>
         <file>rts430x_lc_rd_eabi.lib</file>
         <name>memccpy.obj</name>
      </input_file>
   </input_file_list>
   <object_component_list>
      <object_component id="oc-7ec">
         <name>.TI.persistent:recentTime</name>
         <load_address>0x4000</load_address>
         <run_address>0x4000</run_address>
         <size>0x5</size>
         <input_file_ref idref="fl-9"/>
      </object_component>
      <object_component id="oc-9af">
         <name>.TI.persistent</name>
         <load_address>0x4006</load_address>
         <run_address>0x4006</run_address>
         <size>0x4</size>
         <input_file_ref idref="fl-7"/>
      </object_component>
      <object_component id="oc-1022">
         <name>.cinit..data.load</name>
         <load_address>0x4fe6</load_address>
         <run_address>0x4fe6</run_address>
         <size>0xb3</size>
      </object_component>
      <object_component id="oc-101f">
         <name>__TI_handler_table</name>
         <load_address>0x509a</load_address>
         <run_address>0x509a</run_address>
         <size>0xc</size>
      </object_component>
      <object_component id="oc-1021">
         <name>.cinit..bss.load</name>
         <load_address>0x50a6</load_address>
         <run_address>0x50a6</run_address>
         <size>0x6</size>
      </object_component>
      <object_component id="oc-1020">
         <name>__TI_cinit_table</name>
         <load_address>0x50ac</load_address>
         <run_address>0x50ac</run_address>
         <size>0x10</size>
      </object_component>
      <object_component id="oc-fb8">
         <name>.binit</name>
         <load_address>0x4000</load_address>
         <run_address>0x4000</run_address>
         <size>0x0</size>
      </object_component>
      <object_component id="oc-706">
         <name>.text:_isr:ReceivedMsg</name>
         <load_address>0x4400</load_address>
         <run_address>0x4400</run_address>
         <size>0x23e</size>
         <input_file_ref idref="fl-b"/>
      </object_component>
      <object_component id="oc-712">
         <name>.text:_isr:Timer4_A0_ISR</name>
         <load_address>0x463e</load_address>
         <run_address>0x463e</run_address>
         <size>0xbc</size>
         <input_file_ref idref="fl-6"/>
      </object_component>
      <object_component id="oc-72a">
         <name>.text:_isr:ADC12ISR</name>
         <load_address>0x46fa</load_address>
         <run_address>0x46fa</run_address>
         <size>0xb6</size>
         <input_file_ref idref="fl-16"/>
      </object_component>
      <object_component id="oc-724">
         <name>.text:_isr:Timer0_A1_ISR</name>
         <load_address>0x47b0</load_address>
         <run_address>0x47b0</run_address>
         <size>0x7e</size>
         <input_file_ref idref="fl-10"/>
      </object_component>
      <object_component id="oc-718">
         <name>.text:_isr:RTC_ISR</name>
         <load_address>0x482e</load_address>
         <run_address>0x482e</run_address>
         <size>0x4c</size>
         <input_file_ref idref="fl-9"/>
      </object_component>
      <object_component id="oc-730">
         <name>.text:_isr:USCI_A0_ISR</name>
         <load_address>0x487a</load_address>
         <run_address>0x487a</run_address>
         <size>0x24</size>
         <input_file_ref idref="fl-12"/>
      </object_component>
      <object_component id="oc-71e">
         <name>.text:_isr:USCI_A1_ISR</name>
         <load_address>0x489e</load_address>
         <run_address>0x489e</run_address>
         <size>0x24</size>
         <input_file_ref idref="fl-12"/>
      </object_component>
      <object_component id="oc-70c">
         <name>.text:_isr:Timer4_A1_ISR</name>
         <load_address>0x48c2</load_address>
         <run_address>0x48c2</run_address>
         <size>0x1e</size>
         <input_file_ref idref="fl-6"/>
      </object_component>
      <object_component id="oc-d7">
         <name>.text:_isr:_c_int00_noargs_noexit_mpu</name>
         <load_address>0x48e0</load_address>
         <run_address>0x48e0</run_address>
         <size>0x1e</size>
         <input_file_ref idref="fl-97"/>
      </object_component>
      <object_component id="oc-700">
         <name>.text:_isr:USCI_B1_ISR</name>
         <load_address>0x48fe</load_address>
         <run_address>0x48fe</run_address>
         <size>0xc</size>
         <input_file_ref idref="fl-e"/>
      </object_component>
      <object_component id="oc-6fa">
         <name>.text:_isr:USCI_B2_ISR</name>
         <load_address>0x490a</load_address>
         <run_address>0x490a</run_address>
         <size>0xc</size>
         <input_file_ref idref="fl-e"/>
      </object_component>
      <object_component id="oc-6f5">
         <name>.text:_isr:__TI_ISR_TRAP</name>
         <load_address>0x4916</load_address>
         <run_address>0x4916</run_address>
         <size>0x8</size>
         <input_file_ref idref="fl-49"/>
      </object_component>
      <object_component id="oc-bea">
         <name>.const:.string</name>
         <load_address>0x491e</load_address>
         <run_address>0x491e</run_address>
         <size>0x3ac</size>
         <input_file_ref idref="fl-d"/>
      </object_component>
      <object_component id="oc-9ca">
         <name>.const:.string</name>
         <load_address>0x4cca</load_address>
         <run_address>0x4cca</run_address>
         <size>0xf0</size>
         <input_file_ref idref="fl-7"/>
      </object_component>
      <object_component id="oc-9e3">
         <name>.const:.string</name>
         <load_address>0x4dba</load_address>
         <run_address>0x4dba</run_address>
         <size>0xc4</size>
         <input_file_ref idref="fl-15"/>
      </object_component>
      <object_component id="oc-e91">
         <name>.const:.string</name>
         <load_address>0x4e7e</load_address>
         <run_address>0x4e7e</run_address>
         <size>0xa4</size>
         <input_file_ref idref="fl-12"/>
      </object_component>
      <object_component id="oc-acd">
         <name>.const:rtConstP</name>
         <load_address>0x4f22</load_address>
         <run_address>0x4f22</run_address>
         <size>0x90</size>
         <input_file_ref idref="fl-4"/>
      </object_component>
      <object_component id="oc-f82">
         <name>.const:.string</name>
         <load_address>0x4fb2</load_address>
         <run_address>0x4fb2</run_address>
         <size>0x14</size>
         <input_file_ref idref="fl-ae"/>
      </object_component>
      <object_component id="oc-a45">
         <name>.const:rollcallFunctions</name>
         <load_address>0x4fc6</load_address>
         <run_address>0x4fc6</run_address>
         <size>0x10</size>
         <input_file_ref idref="fl-2"/>
      </object_component>
      <object_component id="oc-e11">
         <name>.const:$P$T5$6</name>
         <load_address>0x4fd6</load_address>
         <run_address>0x4fd6</run_address>
         <size>0x8</size>
         <input_file_ref idref="fl-2"/>
      </object_component>
      <object_component id="oc-e1b">
         <name>.const:$P$T6$7</name>
         <load_address>0x4fde</load_address>
         <run_address>0x4fde</run_address>
         <size>0x4</size>
         <input_file_ref idref="fl-2"/>
      </object_component>
      <object_component id="oc-8db">
         <name>.const:.string:$P$T1$2</name>
         <load_address>0x4fe2</load_address>
         <run_address>0x4fe2</run_address>
         <size>0x3</size>
         <input_file_ref idref="fl-b"/>
      </object_component>
      <object_component id="oc-8af">
         <name>.text:bdot_controller_lib_step</name>
         <load_address>0x10000</load_address>
         <run_address>0x10000</run_address>
         <size>0xab8</size>
         <input_file_ref idref="fl-3"/>
      </object_component>
      <object_component id="oc-948">
         <name>.text:__TI_frcdivd</name>
         <load_address>0x10ab8</load_address>
         <run_address>0x10ab8</run_address>
         <size>0x466</size>
         <input_file_ref idref="fl-6e"/>
      </object_component>
      <object_component id="oc-a9c">
         <name>.text:magReadXYZData</name>
         <load_address>0x10f1e</load_address>
         <run_address>0x10f1e</run_address>
         <size>0x2ee</size>
         <input_file_ref idref="fl-19"/>
      </object_component>
      <object_component id="oc-ad0">
         <name>.text:__mspabi_addd</name>
         <load_address>0x1120c</load_address>
         <run_address>0x1120c</run_address>
         <size>0x2e0</size>
         <input_file_ref idref="fl-65"/>
      </object_component>
      <object_component id="oc-a90">
         <name>.text:sqrt</name>
         <load_address>0x114ec</load_address>
         <run_address>0x114ec</run_address>
         <size>0x2de</size>
         <input_file_ref idref="fl-a9"/>
      </object_component>
      <object_component id="oc-cbd">
         <name>.text:__TI_frcmpyd</name>
         <load_address>0x117ca</load_address>
         <run_address>0x117ca</run_address>
         <size>0x280</size>
         <input_file_ref idref="fl-85"/>
      </object_component>
      <object_component id="oc-ab5">
         <name>.text:__mspabi_mpyd</name>
         <load_address>0x11a4a</load_address>
         <run_address>0x11a4a</run_address>
         <size>0x266</size>
         <input_file_ref idref="fl-84"/>
      </object_component>
      <object_component id="oc-cd1">
         <name>.text:__TI_frcaddd</name>
         <load_address>0x11cb0</load_address>
         <run_address>0x11cb0</run_address>
         <size>0x248</size>
         <input_file_ref idref="fl-66"/>
      </object_component>
      <object_component id="oc-8a9">
         <name>.text:update_simulink_info</name>
         <load_address>0x11ef8</load_address>
         <run_address>0x11ef8</run_address>
         <size>0x238</size>
         <input_file_ref idref="fl-2"/>
      </object_component>
      <object_component id="oc-7df">
         <name>.text:__mspabi_divd</name>
         <load_address>0x12130</load_address>
         <run_address>0x12130</run_address>
         <size>0x222</size>
         <input_file_ref idref="fl-6d"/>
      </object_component>
      <object_component id="oc-ad6">
         <name>.text:floor</name>
         <load_address>0x12352</load_address>
         <run_address>0x12352</run_address>
         <size>0x1c4</size>
         <input_file_ref idref="fl-a2"/>
      </object_component>
      <object_component id="oc-d02">
         <name>.text:aggVec_push</name>
         <load_address>0x12516</load_address>
         <run_address>0x12516</run_address>
         <size>0x192</size>
         <input_file_ref idref="fl-a"/>
      </object_component>
      <object_component id="oc-897">
         <name>.text:determine_best_fit_mag</name>
         <load_address>0x126a8</load_address>
         <run_address>0x126a8</run_address>
         <size>0x18c</size>
         <input_file_ref idref="fl-2"/>
      </object_component>
      <object_component id="oc-d2e">
         <name>.text:uartReportStatus</name>
         <load_address>0x12834</load_address>
         <run_address>0x12834</run_address>
         <size>0x160</size>
         <input_file_ref idref="fl-12"/>
      </object_component>
      <object_component id="oc-ee9">
         <name>.text:_setfield</name>
         <load_address>0x12994</load_address>
         <run_address>0x12994</run_address>
         <size>0x132</size>
         <input_file_ref idref="fl-ae"/>
      </object_component>
      <object_component id="oc-e79">
         <name>.text</name>
         <load_address>0x12ac6</load_address>
         <run_address>0x12ac6</run_address>
         <size>0x132</size>
         <input_file_ref idref="fl-68"/>
      </object_component>
      <object_component id="oc-846">
         <name>.text:bspInit</name>
         <load_address>0x12bf8</load_address>
         <run_address>0x12bf8</run_address>
         <size>0x120</size>
         <input_file_ref idref="fl-7"/>
      </object_component>
      <object_component id="oc-e41">
         <name>.text:i2cCoreRead</name>
         <load_address>0x12d18</load_address>
         <run_address>0x12d18</run_address>
         <size>0x10e</size>
         <input_file_ref idref="fl-e"/>
      </object_component>
      <object_component id="oc-ea2">
         <name>.text:debugInvokeActionHandlers</name>
         <load_address>0x12e26</load_address>
         <run_address>0x12e26</run_address>
         <size>0x104</size>
         <input_file_ref idref="fl-d"/>
      </object_component>
      <object_component id="oc-b91">
         <name>.text:debugReadCallback</name>
         <load_address>0x12f2a</load_address>
         <run_address>0x12f2a</run_address>
         <size>0xfc</size>
         <input_file_ref idref="fl-d"/>
      </object_component>
      <object_component id="oc-b88">
         <name>.text:uartInit</name>
         <load_address>0x13026</load_address>
         <run_address>0x13026</run_address>
         <size>0xfa</size>
         <input_file_ref idref="fl-12"/>
      </object_component>
      <object_component id="oc-f08">
         <name>.text:i2cCoreWrite</name>
         <load_address>0x13120</load_address>
         <run_address>0x13120</run_address>
         <size>0xf8</size>
         <input_file_ref idref="fl-e"/>
      </object_component>
      <object_component id="oc-86d">
         <name>.text:initial_setup</name>
         <load_address>0x13218</load_address>
         <run_address>0x13218</run_address>
         <size>0xe6</size>
         <input_file_ref idref="fl-2"/>
      </object_component>
      <object_component id="oc-bcf">
         <name>.text:uartTransmit</name>
         <load_address>0x132fe</load_address>
         <run_address>0x132fe</run_address>
         <size>0xe6</size>
         <input_file_ref idref="fl-12"/>
      </object_component>
      <object_component id="oc-f83">
         <name>.text:_pproc_diouxp</name>
         <load_address>0x133e4</load_address>
         <run_address>0x133e4</run_address>
         <size>0xdc</size>
         <input_file_ref idref="fl-ae"/>
      </object_component>
      <object_component id="oc-a4e">
         <name>.text:initializeTimer</name>
         <load_address>0x134c0</load_address>
         <run_address>0x134c0</run_address>
         <size>0xdc</size>
         <input_file_ref idref="fl-10"/>
      </object_component>
      <object_component id="oc-dd5">
         <name>.text:configSequence</name>
         <load_address>0x1359c</load_address>
         <run_address>0x1359c</run_address>
         <size>0xda</size>
         <input_file_ref idref="fl-16"/>
      </object_component>
      <object_component id="oc-ac1">
         <name>.text:__mspabi_cmpd</name>
         <load_address>0x13676</load_address>
         <run_address>0x13676</run_address>
         <size>0xd8</size>
         <input_file_ref idref="fl-69"/>
      </object_component>
      <object_component id="oc-75d">
         <name>.text:main</name>
         <load_address>0x1374e</load_address>
         <run_address>0x1374e</run_address>
         <size>0xd8</size>
         <input_file_ref idref="fl-2"/>
      </object_component>
      <object_component id="oc-d16">
         <name>.text:canSend</name>
         <load_address>0x13826</load_address>
         <run_address>0x13826</run_address>
         <size>0xd4</size>
         <input_file_ref idref="fl-b"/>
      </object_component>
      <object_component id="oc-db0">
         <name>.text:populateBusRegisters</name>
         <load_address>0x138fa</load_address>
         <run_address>0x138fa</run_address>
         <size>0xd4</size>
         <input_file_ref idref="fl-e"/>
      </object_component>
      <object_component id="oc-891">
         <name>.text:checkTimer</name>
         <load_address>0x139ce</load_address>
         <run_address>0x139ce</run_address>
         <size>0xd2</size>
         <input_file_ref idref="fl-10"/>
      </object_component>
      <object_component id="oc-d8c">
         <name>.text:__TI_printfi_minimal</name>
         <load_address>0x13aa0</load_address>
         <run_address>0x13aa0</run_address>
         <size>0xce</size>
         <input_file_ref idref="fl-ae"/>
      </object_component>
      <object_component id="oc-af1">
         <name>.text:send_bdot_mag_reading_cosmos</name>
         <load_address>0x13b6e</load_address>
         <run_address>0x13b6e</run_address>
         <size>0xce</size>
         <input_file_ref idref="fl-2"/>
      </object_component>
      <object_component id="oc-aeb">
         <name>.text:send_continuous_mag_reading_cosmos</name>
         <load_address>0x13c3c</load_address>
         <run_address>0x13c3c</run_address>
         <size>0xce</size>
         <input_file_ref idref="fl-2"/>
      </object_component>
      <object_component id="oc-87c">
         <name>.text:timerCallbackInitializer</name>
         <load_address>0x13d0a</load_address>
         <run_address>0x13d0a</run_address>
         <size>0xce</size>
         <input_file_ref idref="fl-10"/>
      </object_component>
      <object_component id="oc-f15">
         <name>.text:configChannel</name>
         <load_address>0x13dd8</load_address>
         <run_address>0x13dd8</run_address>
         <size>0xbc</size>
         <input_file_ref idref="fl-16"/>
      </object_component>
      <object_component id="oc-cf9">
         <name>.text</name>
         <load_address>0x13e94</load_address>
         <run_address>0x13e94</run_address>
         <size>0xb8</size>
         <input_file_ref idref="fl-86"/>
      </object_component>
      <object_component id="oc-e56">
         <name>.text:__TI_renormd</name>
         <load_address>0x13f4c</load_address>
         <run_address>0x13f4c</run_address>
         <size>0xb2</size>
         <input_file_ref idref="fl-67"/>
      </object_component>
      <object_component id="oc-9d4">
         <name>.text:bcbinPopulateMeta</name>
         <load_address>0x13ffe</load_address>
         <run_address>0x13ffe</run_address>
         <size>0xb0</size>
         <input_file_ref idref="fl-d"/>
      </object_component>
      <object_component id="oc-e14">
         <name>.text:encoderc_adcs_bdot_3</name>
         <load_address>0x140ae</load_address>
         <run_address>0x140ae</run_address>
         <size>0xae</size>
         <input_file_ref idref="fl-13"/>
      </object_component>
      <object_component id="oc-e0a">
         <name>.text:encoderc_adcs_bdot_2</name>
         <load_address>0x1415c</load_address>
         <run_address>0x1415c</run_address>
         <size>0xaa</size>
         <input_file_ref idref="fl-13"/>
      </object_component>
      <object_component id="oc-80d">
         <name>.text:startCallback</name>
         <load_address>0x14206</load_address>
         <run_address>0x14206</run_address>
         <size>0xa6</size>
         <input_file_ref idref="fl-10"/>
      </object_component>
      <object_component id="oc-a61">
         <name>.text:timerPollInitializer</name>
         <load_address>0x142ac</load_address>
         <run_address>0x142ac</run_address>
         <size>0xa6</size>
         <input_file_ref idref="fl-10"/>
      </object_component>
      <object_component id="oc-e03">
         <name>.text:encoderc_adcs_bdot_1</name>
         <load_address>0x14352</load_address>
         <run_address>0x14352</run_address>
         <size>0xa0</size>
         <input_file_ref idref="fl-13"/>
      </object_component>
      <object_component id="oc-79c">
         <name>.text:spiTransceive</name>
         <load_address>0x143f2</load_address>
         <run_address>0x143f2</run_address>
         <size>0xa0</size>
         <input_file_ref idref="fl-f"/>
      </object_component>
      <object_component id="oc-c91">
         <name>.text:__mspabi_fltlid</name>
         <load_address>0x14492</load_address>
         <run_address>0x14492</run_address>
         <size>0x9e</size>
         <input_file_ref idref="fl-7d"/>
      </object_component>
      <object_component id="oc-b27">
         <name>.text:canSendPacket</name>
         <load_address>0x14530</load_address>
         <run_address>0x14530</run_address>
         <size>0x9e</size>
         <input_file_ref idref="fl-13"/>
      </object_component>
      <object_component id="oc-c0e">
         <name>.text:i2cInit</name>
         <load_address>0x145ce</load_address>
         <run_address>0x145ce</run_address>
         <size>0x9c</size>
         <input_file_ref idref="fl-e"/>
      </object_component>
      <object_component id="oc-7cf">
         <name>.text</name>
         <load_address>0x1466a</load_address>
         <run_address>0x1466a</run_address>
         <size>0x90</size>
         <input_file_ref idref="fl-6f"/>
      </object_component>
      <object_component id="oc-7e5">
         <name>.text:__mspabi_cvtdf</name>
         <load_address>0x146fa</load_address>
         <run_address>0x146fa</run_address>
         <size>0x8c</size>
         <input_file_ref idref="fl-6b"/>
      </object_component>
      <object_component id="oc-d40">
         <name>.text:processCommand</name>
         <load_address>0x14786</load_address>
         <run_address>0x14786</run_address>
         <size>0x84</size>
         <input_file_ref idref="fl-d"/>
      </object_component>
      <object_component id="oc-743">
         <name>.text:_auto_init_hold_wdt</name>
         <load_address>0x1480a</load_address>
         <run_address>0x1480a</run_address>
         <size>0x82</size>
         <input_file_ref idref="fl-96"/>
      </object_component>
      <object_component id="oc-7d9">
         <name>.text:__mspabi_fltuld</name>
         <load_address>0x1488c</load_address>
         <run_address>0x1488c</run_address>
         <size>0x80</size>
         <input_file_ref idref="fl-82"/>
      </object_component>
      <object_component id="oc-e1e">
         <name>.text:encoderc_adcs_bdot_4</name>
         <load_address>0x1490c</load_address>
         <run_address>0x1490c</run_address>
         <size>0x7e</size>
         <input_file_ref idref="fl-13"/>
      </object_component>
      <object_component id="oc-82">
         <name>.text:decompress:lzss:__TI_decompress_lzss</name>
         <load_address>0x1498a</load_address>
         <run_address>0x1498a</run_address>
         <size>0x78</size>
         <input_file_ref idref="fl-46"/>
      </object_component>
      <object_component id="oc-9c4">
         <name>.text:infoReport</name>
         <load_address>0x14a02</load_address>
         <run_address>0x14a02</run_address>
         <size>0x78</size>
         <input_file_ref idref="fl-7"/>
      </object_component>
      <object_component id="oc-c2a">
         <name>.text:initializeVoltageRef</name>
         <load_address>0x14a7a</load_address>
         <run_address>0x14a7a</run_address>
         <size>0x78</size>
         <input_file_ref idref="fl-16"/>
      </object_component>
      <object_component id="oc-8cd">
         <name>.text:rollcallUpdate</name>
         <load_address>0x14af2</load_address>
         <run_address>0x14af2</run_address>
         <size>0x74</size>
         <input_file_ref idref="fl-14"/>
      </object_component>
      <object_component id="oc-e71">
         <name>.text:coreCallSimpleHandlers</name>
         <load_address>0x14b66</load_address>
         <run_address>0x14b66</run_address>
         <size>0x72</size>
         <input_file_ref idref="fl-d"/>
      </object_component>
      <object_component id="oc-7f3">
         <name>.text:handleUCTXIFG</name>
         <load_address>0x14bd8</load_address>
         <run_address>0x14bd8</run_address>
         <size>0x72</size>
         <input_file_ref idref="fl-12"/>
      </object_component>
      <object_component id="oc-e6a">
         <name>.text:convertRawToFloat</name>
         <load_address>0x14c4a</load_address>
         <run_address>0x14c4a</run_address>
         <size>0x6c</size>
         <input_file_ref idref="fl-16"/>
      </object_component>
      <object_component id="oc-c67">
         <name>.text:rcPopulate3</name>
         <load_address>0x14cb6</load_address>
         <run_address>0x14cb6</run_address>
         <size>0x6a</size>
         <input_file_ref idref="fl-2"/>
      </object_component>
      <object_component id="oc-a58">
         <name>.text:__mspabi_fixdul</name>
         <load_address>0x14d20</load_address>
         <run_address>0x14d20</run_address>
         <size>0x68</size>
         <input_file_ref idref="fl-77"/>
      </object_component>
      <object_component id="oc-dca">
         <name>.text:coreActivateChannel</name>
         <load_address>0x14d88</load_address>
         <run_address>0x14d88</run_address>
         <size>0x68</size>
         <input_file_ref idref="fl-16"/>
      </object_component>
      <object_component id="oc-a7f">
         <name>.text</name>
         <load_address>0x14df0</load_address>
         <run_address>0x14df0</run_address>
         <size>0x68</size>
         <input_file_ref idref="fl-78"/>
      </object_component>
      <object_component id="oc-aa4">
         <name>.text:__mspabi_cvtfd</name>
         <load_address>0x14e58</load_address>
         <run_address>0x14e58</run_address>
         <size>0x66</size>
         <input_file_ref idref="fl-6c"/>
      </object_component>
      <object_component id="oc-cc7">
         <name>.text:__mspabi_fixdli</name>
         <load_address>0x14ebe</load_address>
         <run_address>0x14ebe</run_address>
         <size>0x66</size>
         <input_file_ref idref="fl-75"/>
      </object_component>
      <object_component id="oc-81f">
         <name>.text:copy_in</name>
         <load_address>0x14f24</load_address>
         <run_address>0x14f24</run_address>
         <size>0x66</size>
         <input_file_ref idref="fl-a1"/>
      </object_component>
      <object_component id="oc-9b8">
         <name>.text:METInit</name>
         <load_address>0x14f8a</load_address>
         <run_address>0x14f8a</run_address>
         <size>0x62</size>
         <input_file_ref idref="fl-9"/>
      </object_component>
      <object_component id="oc-bac">
         <name>.text:actionCallback</name>
         <load_address>0x14fec</load_address>
         <run_address>0x14fec</run_address>
         <size>0x60</size>
         <input_file_ref idref="fl-d"/>
      </object_component>
      <object_component id="oc-c83">
         <name>.text:convertTime</name>
         <load_address>0x1504c</load_address>
         <run_address>0x1504c</run_address>
         <size>0x60</size>
         <input_file_ref idref="fl-10"/>
      </object_component>
      <object_component id="oc-8c1">
         <name>.text:updateRCData</name>
         <load_address>0x150ac</load_address>
         <run_address>0x150ac</run_address>
         <size>0x5a</size>
         <input_file_ref idref="fl-2"/>
      </object_component>
      <object_component id="oc-f9b">
         <name>.text</name>
         <load_address>0x15106</load_address>
         <run_address>0x15106</run_address>
         <size>0x58</size>
         <input_file_ref idref="fl-73"/>
      </object_component>
      <object_component id="oc-b2d">
         <name>.text:canTxCheck</name>
         <load_address>0x1515e</load_address>
         <run_address>0x1515e</run_address>
         <size>0x56</size>
         <input_file_ref idref="fl-b"/>
      </object_component>
      <object_component id="oc-c5b">
         <name>.text:rcPopulate1</name>
         <load_address>0x151b4</load_address>
         <run_address>0x151b4</run_address>
         <size>0x56</size>
         <input_file_ref idref="fl-2"/>
      </object_component>
      <object_component id="oc-bc9">
         <name>.text:vsnprintf</name>
         <load_address>0x1520a</load_address>
         <run_address>0x1520a</run_address>
         <size>0x56</size>
         <input_file_ref idref="fl-ad"/>
      </object_component>
      <object_component id="oc-ba6">
         <name>.text:reportStatusCallback</name>
         <load_address>0x15260</load_address>
         <run_address>0x15260</run_address>
         <size>0x52</size>
         <input_file_ref idref="fl-d"/>
      </object_component>
      <object_component id="oc-f69">
         <name>.text:tempIntConvertRawtoCelsius</name>
         <load_address>0x152b2</load_address>
         <run_address>0x152b2</run_address>
         <size>0x52</size>
         <input_file_ref idref="fl-16"/>
      </object_component>
      <object_component id="oc-c61">
         <name>.text:rcPopulate2</name>
         <load_address>0x15304</load_address>
         <run_address>0x15304</run_address>
         <size>0x50</size>
         <input_file_ref idref="fl-2"/>
      </object_component>
      <object_component id="oc-7d4">
         <name>.text</name>
         <load_address>0x15354</load_address>
         <run_address>0x15354</run_address>
         <size>0x4c</size>
         <input_file_ref idref="fl-7a"/>
      </object_component>
      <object_component id="oc-7f9">
         <name>.text:handleUCRXIFG</name>
         <load_address>0x153a0</load_address>
         <run_address>0x153a0</run_address>
         <size>0x4a</size>
         <input_file_ref idref="fl-12"/>
      </object_component>
      <object_component id="oc-a96">
         <name>.text</name>
         <load_address>0x153ea</load_address>
         <run_address>0x153ea</run_address>
         <size>0x4a</size>
         <input_file_ref idref="fl-6a"/>
      </object_component>
      <object_component id="oc-eef">
         <name>.text:_pproc_str</name>
         <load_address>0x15434</load_address>
         <run_address>0x15434</run_address>
         <size>0x48</size>
         <input_file_ref idref="fl-ae"/>
      </object_component>
      <object_component id="oc-a00">
         <name>.text:magInit</name>
         <load_address>0x1547c</load_address>
         <run_address>0x1547c</run_address>
         <size>0x48</size>
         <input_file_ref idref="fl-19"/>
      </object_component>
      <object_component id="oc-ae5">
         <name>.text:send_health_segment_cosmos</name>
         <load_address>0x154c4</load_address>
         <run_address>0x154c4</run_address>
         <size>0x48</size>
         <input_file_ref idref="fl-2"/>
      </object_component>
      <object_component id="oc-9be">
         <name>.text:debugInit</name>
         <load_address>0x1550c</load_address>
         <run_address>0x1550c</run_address>
         <size>0x46</size>
         <input_file_ref idref="fl-d"/>
      </object_component>
      <object_component id="oc-8b5">
         <name>.text:determine_mtq_commands</name>
         <load_address>0x15552</load_address>
         <run_address>0x15552</run_address>
         <size>0x46</size>
         <input_file_ref idref="fl-2"/>
      </object_component>
      <object_component id="oc-867">
         <name>.text:debugRegisterEntity</name>
         <load_address>0x15598</load_address>
         <run_address>0x15598</run_address>
         <size>0x44</size>
         <input_file_ref idref="fl-d"/>
      </object_component>
      <object_component id="oc-f2e">
         <name>.text</name>
         <load_address>0x155dc</load_address>
         <run_address>0x155dc</run_address>
         <size>0x40</size>
         <input_file_ref idref="fl-71"/>
      </object_component>
      <object_component id="oc-b57">
         <name>.text:l_asr_const</name>
         <load_address>0x1561c</load_address>
         <run_address>0x1561c</run_address>
         <size>0x3e</size>
         <input_file_ref idref="fl-90"/>
      </object_component>
      <object_component id="oc-7a2">
         <name>.text:l_lsl_const</name>
         <load_address>0x1565a</load_address>
         <run_address>0x1565a</run_address>
         <size>0x3e</size>
         <input_file_ref idref="fl-8e"/>
      </object_component>
      <object_component id="oc-941">
         <name>.text:l_lsr_const</name>
         <load_address>0x15698</load_address>
         <run_address>0x15698</run_address>
         <size>0x3e</size>
         <input_file_ref idref="fl-91"/>
      </object_component>
      <object_component id="oc-c6d">
         <name>.text:rcPopulate4</name>
         <load_address>0x156d6</load_address>
         <run_address>0x156d6</run_address>
         <size>0x3e</size>
         <input_file_ref idref="fl-2"/>
      </object_component>
      <object_component id="oc-8a3">
         <name>.text:update_valid_mag_data</name>
         <load_address>0x15714</load_address>
         <run_address>0x15714</run_address>
         <size>0x3e</size>
         <input_file_ref idref="fl-2"/>
      </object_component>
      <object_component id="oc-a06">
         <name>.text:asensorInit</name>
         <load_address>0x15752</load_address>
         <run_address>0x15752</run_address>
         <size>0x3c</size>
         <input_file_ref idref="fl-16"/>
      </object_component>
      <object_component id="oc-d3a">
         <name>.text:debugInvokeActionHandler</name>
         <load_address>0x1578e</load_address>
         <run_address>0x1578e</run_address>
         <size>0x3c</size>
         <input_file_ref idref="fl-d"/>
      </object_component>
      <object_component id="oc-9cb">
         <name>.text:debugTraceF</name>
         <load_address>0x157ca</load_address>
         <run_address>0x157ca</run_address>
         <size>0x3c</size>
         <input_file_ref idref="fl-d"/>
      </object_component>
      <object_component id="oc-f42">
         <name>.text:__mspabi_sllll</name>
         <load_address>0x15806</load_address>
         <run_address>0x15806</run_address>
         <size>0x3a</size>
         <input_file_ref idref="fl-8f"/>
      </object_component>
      <object_component id="oc-b1e">
         <name>.text:populateAll</name>
         <load_address>0x15840</load_address>
         <run_address>0x15840</run_address>
         <size>0x3a</size>
         <input_file_ref idref="fl-14"/>
      </object_component>
      <object_component id="oc-796">
         <name>.text:readRegister</name>
         <load_address>0x1587a</load_address>
         <run_address>0x1587a</run_address>
         <size>0x3a</size>
         <input_file_ref idref="fl-b"/>
      </object_component>
      <object_component id="oc-88b">
         <name>.text:convert_mag_data_raw_to_teslas</name>
         <load_address>0x158b4</load_address>
         <run_address>0x158b4</run_address>
         <size>0x38</size>
         <input_file_ref idref="fl-2"/>
      </object_component>
      <object_component id="oc-ea8">
         <name>.text:displayPrompt</name>
         <load_address>0x158ec</load_address>
         <run_address>0x158ec</run_address>
         <size>0x38</size>
         <input_file_ref idref="fl-d"/>
      </object_component>
      <object_component id="oc-d80">
         <name>.text:_outs</name>
         <load_address>0x15924</load_address>
         <run_address>0x15924</run_address>
         <size>0x36</size>
         <input_file_ref idref="fl-ad"/>
      </object_component>
      <object_component id="oc-9ea">
         <name>.text:mag_select_switch</name>
         <load_address>0x1595a</load_address>
         <run_address>0x1595a</run_address>
         <size>0x36</size>
         <input_file_ref idref="fl-2"/>
      </object_component>
      <object_component id="oc-abb">
         <name>.text:__mspabi_subd</name>
         <load_address>0x15990</load_address>
         <run_address>0x15990</run_address>
         <size>0x32</size>
         <input_file_ref idref="fl-93"/>
      </object_component>
      <object_component id="oc-bb9">
         <name>.text:debugPrintF</name>
         <load_address>0x159c2</load_address>
         <run_address>0x159c2</run_address>
         <size>0x32</size>
         <input_file_ref idref="fl-d"/>
      </object_component>
      <object_component id="oc-7ca">
         <name>.text</name>
         <load_address>0x159f4</load_address>
         <run_address>0x159f4</run_address>
         <size>0x32</size>
         <input_file_ref idref="fl-83"/>
      </object_component>
      <object_component id="oc-beb">
         <name>.text:strncpy</name>
         <load_address>0x15a26</load_address>
         <run_address>0x15a26</run_address>
         <size>0x32</size>
         <input_file_ref idref="fl-ac"/>
      </object_component>
      <object_component id="oc-f34">
         <name>.text:aggVec_max</name>
         <load_address>0x15a58</load_address>
         <run_address>0x15a58</run_address>
         <size>0x2e</size>
         <input_file_ref idref="fl-a"/>
      </object_component>
      <object_component id="oc-f3b">
         <name>.text:aggVec_min</name>
         <load_address>0x15a86</load_address>
         <run_address>0x15a86</run_address>
         <size>0x2e</size>
         <input_file_ref idref="fl-a"/>
      </object_component>
      <object_component id="oc-f48">
         <name>.text:reverseArray</name>
         <load_address>0x15ab4</load_address>
         <run_address>0x15ab4</run_address>
         <size>0x2e</size>
         <input_file_ref idref="fl-13"/>
      </object_component>
      <object_component id="oc-756">
         <name>.text:__mpu_init</name>
         <load_address>0x15ae2</load_address>
         <run_address>0x15ae2</run_address>
         <size>0x2c</size>
         <input_file_ref idref="fl-98"/>
      </object_component>
      <object_component id="oc-c1a">
         <name>.text:normalOperationConfig</name>
         <load_address>0x15b0e</load_address>
         <run_address>0x15b0e</run_address>
         <size>0x2c</size>
         <input_file_ref idref="fl-19"/>
      </object_component>
      <object_component id="oc-e64">
         <name>.text</name>
         <load_address>0x15b3a</load_address>
         <run_address>0x15b3a</run_address>
         <size>0x2c</size>
         <input_file_ref idref="fl-70"/>
      </object_component>
      <object_component id="oc-7a7">
         <name>.text:bitModify</name>
         <load_address>0x15b66</load_address>
         <run_address>0x15b66</run_address>
         <size>0x2a</size>
         <input_file_ref idref="fl-b"/>
      </object_component>
      <object_component id="oc-a6f">
         <name>.text:checkValidPollingID</name>
         <load_address>0x15b90</load_address>
         <run_address>0x15b90</run_address>
         <size>0x2a</size>
         <input_file_ref idref="fl-10"/>
      </object_component>
      <object_component id="oc-a68">
         <name>.text:magConvertRawToTeslas</name>
         <load_address>0x15bba</load_address>
         <run_address>0x15bba</run_address>
         <size>0x2a</size>
         <input_file_ref idref="fl-19"/>
      </object_component>
      <object_component id="oc-790">
         <name>.text:readStatus</name>
         <load_address>0x15be4</load_address>
         <run_address>0x15be4</run_address>
         <size>0x2a</size>
         <input_file_ref idref="fl-b"/>
      </object_component>
      <object_component id="oc-ac7">
         <name>.text:__mspabi_fixdi</name>
         <load_address>0x15c0e</load_address>
         <run_address>0x15c0e</run_address>
         <size>0x28</size>
         <input_file_ref idref="fl-74"/>
      </object_component>
      <object_component id="oc-de2">
         <name>.text:aggVec_as_reset</name>
         <load_address>0x15c36</load_address>
         <run_address>0x15c36</run_address>
         <size>0x28</size>
         <input_file_ref idref="fl-a"/>
      </object_component>
      <object_component id="oc-f25">
         <name>.text:aggVec_max_reset</name>
         <load_address>0x15c5e</load_address>
         <run_address>0x15c5e</run_address>
         <size>0x28</size>
         <input_file_ref idref="fl-a"/>
      </object_component>
      <object_component id="oc-f1f">
         <name>.text:aggVec_min_reset</name>
         <load_address>0x15c86</load_address>
         <run_address>0x15c86</run_address>
         <size>0x28</size>
         <input_file_ref idref="fl-a"/>
      </object_component>
      <object_component id="oc-a78">
         <name>.text:endPollingTimer</name>
         <load_address>0x15cae</load_address>
         <run_address>0x15cae</run_address>
         <size>0x28</size>
         <input_file_ref idref="fl-10"/>
      </object_component>
      <object_component id="oc-d09">
         <name>.text:asensorReadSingleSensorRaw</name>
         <load_address>0x15cd6</load_address>
         <run_address>0x15cd6</run_address>
         <size>0x26</size>
         <input_file_ref idref="fl-16"/>
      </object_component>
      <object_component id="oc-e86">
         <name>.text:requestToSend</name>
         <load_address>0x15cfc</load_address>
         <run_address>0x15cfc</run_address>
         <size>0x26</size>
         <input_file_ref idref="fl-b"/>
      </object_component>
      <object_component id="oc-afd">
         <name>.text:send_simulink_segment_cosmos</name>
         <load_address>0x15d22</load_address>
         <run_address>0x15d22</run_address>
         <size>0x26</size>
         <input_file_ref idref="fl-2"/>
      </object_component>
      <object_component id="oc-b97">
         <name>.text:uartRegisterRxCallback</name>
         <load_address>0x15d48</load_address>
         <run_address>0x15d48</run_address>
         <size>0x26</size>
         <input_file_ref idref="fl-12"/>
      </object_component>
      <object_component id="oc-daa">
         <name>.text:bspI2CInit</name>
         <load_address>0x15d6e</load_address>
         <run_address>0x15d6e</run_address>
         <size>0x24</size>
         <input_file_ref idref="fl-7"/>
      </object_component>
      <object_component id="oc-d25">
         <name>.text:bspUARTInit</name>
         <load_address>0x15d92</load_address>
         <run_address>0x15d92</run_address>
         <size>0x24</size>
         <input_file_ref idref="fl-7"/>
      </object_component>
      <object_component id="oc-b3">
         <name>.text:decompress:ZI:__TI_zero_init</name>
         <load_address>0x15db6</load_address>
         <run_address>0x15db6</run_address>
         <size>0x24</size>
         <input_file_ref idref="fl-64"/>
      </object_component>
      <object_component id="oc-e2c">
         <name>.text</name>
         <load_address>0x15dda</load_address>
         <run_address>0x15dda</run_address>
         <size>0x24</size>
         <input_file_ref idref="fl-81"/>
      </object_component>
      <object_component id="oc-b52">
         <name>.text</name>
         <load_address>0x15dfe</load_address>
         <run_address>0x15dfe</run_address>
         <size>0x24</size>
         <input_file_ref idref="fl-8a"/>
      </object_component>
      <object_component id="oc-df1">
         <name>.text:aggVec_avg_i_i</name>
         <load_address>0x15e22</load_address>
         <run_address>0x15e22</run_address>
         <size>0x22</size>
         <input_file_ref idref="fl-a"/>
      </object_component>
      <object_component id="oc-ce5">
         <name>.text:map_general</name>
         <load_address>0x15e44</load_address>
         <run_address>0x15e44</run_address>
         <size>0x22</size>
         <input_file_ref idref="fl-2"/>
      </object_component>
      <object_component id="oc-8bb">
         <name>.text:send_cosmos_telem</name>
         <load_address>0x15e66</load_address>
         <run_address>0x15e66</run_address>
         <size>0x22</size>
         <input_file_ref idref="fl-2"/>
      </object_component>
      <object_component id="oc-d86">
         <name>.text:_outc</name>
         <load_address>0x15e88</load_address>
         <run_address>0x15e88</run_address>
         <size>0x20</size>
         <input_file_ref idref="fl-ad"/>
      </object_component>
      <object_component id="oc-af7">
         <name>.text:send_mtq_info_segment_cosmos</name>
         <load_address>0x15ea8</load_address>
         <run_address>0x15ea8</run_address>
         <size>0x20</size>
         <input_file_ref idref="fl-2"/>
      </object_component>
      <object_component id="oc-858">
         <name>.text:coreStartup</name>
         <load_address>0x15ec8</load_address>
         <run_address>0x15ec8</run_address>
         <size>0x1e</size>
         <input_file_ref idref="fl-15"/>
      </object_component>
      <object_component id="oc-e9c">
         <name>.text:debugInvokeInfoHandlers</name>
         <load_address>0x15ee6</load_address>
         <run_address>0x15ee6</run_address>
         <size>0x1e</size>
         <input_file_ref idref="fl-d"/>
      </object_component>
      <object_component id="oc-e96">
         <name>.text:debugInvokeStatusHandlers</name>
         <load_address>0x15f04</load_address>
         <run_address>0x15f04</run_address>
         <size>0x1e</size>
         <input_file_ref idref="fl-d"/>
      </object_component>
      <object_component id="oc-b9d">
         <name>.text:debugSetMode</name>
         <load_address>0x15f22</load_address>
         <run_address>0x15f22</run_address>
         <size>0x1e</size>
         <input_file_ref idref="fl-d"/>
      </object_component>
      <object_component id="oc-e7f">
         <name>.text:enableSingleSampleMode</name>
         <load_address>0x15f40</load_address>
         <run_address>0x15f40</run_address>
         <size>0x1e</size>
         <input_file_ref idref="fl-16"/>
      </object_component>
      <object_component id="oc-f89">
         <name>.text:memccpy</name>
         <load_address>0x15f5e</load_address>
         <run_address>0x15f5e</run_address>
         <size>0x1e</size>
         <input_file_ref idref="fl-af"/>
      </object_component>
      <object_component id="oc-d67">
         <name>.text:uartSetEchoOff</name>
         <load_address>0x15f7c</load_address>
         <run_address>0x15f7c</run_address>
         <size>0x1e</size>
         <input_file_ref idref="fl-12"/>
      </object_component>
      <object_component id="oc-d61">
         <name>.text:uartSetEchoOn</name>
         <load_address>0x15f9a</load_address>
         <run_address>0x15f9a</run_address>
         <size>0x1e</size>
         <input_file_ref idref="fl-12"/>
      </object_component>
      <object_component id="oc-c30">
         <name>.text:enableMultiSampleMode</name>
         <load_address>0x15fb8</load_address>
         <run_address>0x15fb8</run_address>
         <size>0x1c</size>
         <input_file_ref idref="fl-16"/>
      </object_component>
      <object_component id="oc-ade">
         <name>.text:map</name>
         <load_address>0x15fd4</load_address>
         <run_address>0x15fd4</run_address>
         <size>0x1c</size>
         <input_file_ref idref="fl-2"/>
      </object_component>
      <object_component id="oc-861">
         <name>.text:handleDebugActionCallback</name>
         <load_address>0x15ff0</load_address>
         <run_address>0x15ff0</run_address>
         <size>0x1a</size>
         <input_file_ref idref="fl-2"/>
      </object_component>
      <object_component id="oc-b04">
         <name>.text:aggVec_push_i</name>
         <load_address>0x1600a</load_address>
         <run_address>0x1600a</run_address>
         <size>0x18</size>
         <input_file_ref idref="fl-a"/>
      </object_component>
      <object_component id="oc-960">
         <name>.text:disableUARTInterrupts</name>
         <load_address>0x16022</load_address>
         <run_address>0x16022</run_address>
         <size>0x18</size>
         <input_file_ref idref="fl-12"/>
      </object_component>
      <object_component id="oc-966">
         <name>.text:enableUARTInterrupts</name>
         <load_address>0x1603a</load_address>
         <run_address>0x1603a</run_address>
         <size>0x18</size>
         <input_file_ref idref="fl-12"/>
      </object_component>
      <object_component id="oc-805">
         <name>.text</name>
         <load_address>0x16052</load_address>
         <run_address>0x16052</run_address>
         <size>0x18</size>
         <input_file_ref idref="fl-88"/>
      </object_component>
      <object_component id="oc-df7">
         <name>.text:aggVec_max_i</name>
         <load_address>0x1606a</load_address>
         <run_address>0x1606a</run_address>
         <size>0x16</size>
         <input_file_ref idref="fl-a"/>
      </object_component>
      <object_component id="oc-dfd">
         <name>.text:aggVec_min_i</name>
         <load_address>0x16080</load_address>
         <run_address>0x16080</run_address>
         <size>0x16</size>
         <input_file_ref idref="fl-a"/>
      </object_component>
      <object_component id="oc-d46">
         <name>.text:memset</name>
         <load_address>0x16096</load_address>
         <run_address>0x16096</run_address>
         <size>0x16</size>
         <input_file_ref idref="fl-a5"/>
      </object_component>
      <object_component id="oc-e27">
         <name>.text</name>
         <load_address>0x160ac</load_address>
         <run_address>0x160ac</run_address>
         <size>0x16</size>
         <input_file_ref idref="fl-72"/>
      </object_component>
      <object_component id="oc-6e8">
         <name>.text:memcpy</name>
         <load_address>0x160c2</load_address>
         <run_address>0x160c2</run_address>
         <size>0x14</size>
         <input_file_ref idref="fl-a4"/>
      </object_component>
      <object_component id="oc-e31">
         <name>.text:__mspabi_fixdu</name>
         <load_address>0x160d6</load_address>
         <run_address>0x160d6</run_address>
         <size>0x12</size>
         <input_file_ref idref="fl-76"/>
      </object_component>
      <object_component id="oc-bde">
         <name>.text:bspGetChipID</name>
         <load_address>0x160e8</load_address>
         <run_address>0x160e8</run_address>
         <size>0x12</size>
         <input_file_ref idref="fl-7"/>
      </object_component>
      <object_component id="oc-88">
         <name>.text:decompress:none:__TI_decompress_none</name>
         <load_address>0x160fa</load_address>
         <run_address>0x160fa</run_address>
         <size>0x12</size>
         <input_file_ref idref="fl-47"/>
      </object_component>
      <object_component id="oc-c24">
         <name>.text:initializeTempSensor</name>
         <load_address>0x1610c</load_address>
         <run_address>0x1610c</run_address>
         <size>0x12</size>
         <input_file_ref idref="fl-16"/>
      </object_component>
      <object_component id="oc-a15">
         <name>.text:bcbinPopulateHeader</name>
         <load_address>0x1611e</load_address>
         <run_address>0x1611e</run_address>
         <size>0x10</size>
         <input_file_ref idref="fl-d"/>
      </object_component>
      <object_component id="oc-bb3">
         <name>.text:getSubsystemModulePath</name>
         <load_address>0x1612e</load_address>
         <run_address>0x1612e</run_address>
         <size>0x10</size>
         <input_file_ref idref="fl-15"/>
      </object_component>
      <object_component id="oc-cde">
         <name>.text:l_asr</name>
         <load_address>0x1613e</load_address>
         <run_address>0x1613e</run_address>
         <size>0x10</size>
         <input_file_ref idref="fl-90"/>
      </object_component>
      <object_component id="oc-c9b">
         <name>.text:l_lsl</name>
         <load_address>0x1614e</load_address>
         <run_address>0x1614e</run_address>
         <size>0x10</size>
         <input_file_ref idref="fl-8e"/>
      </object_component>
      <object_component id="oc-c7d">
         <name>.text:l_lsr</name>
         <load_address>0x1615e</load_address>
[...]
      </symbol>
      <symbol id="sm-fe7">
         <name>__TI_int42</name>
         <value>0xffe4</value>
         <object_component_ref idref="oc-a6"/>
      </symbol>
      <symbol id="sm-fea">
         <name>__TI_int45</name>
         <value>0xffea</value>
         <object_component_ref idref="oc-a9"/>
      </symbol>
      <symbol id="sm-fed">
         <name>__TI_int47</name>
         <value>0xffee</value>
         <object_component_ref idref="oc-ab"/>
      </symbol>
      <symbol id="sm-ff0">
         <name>__TI_int49</name>
         <value>0xfff2</value>
         <object_component_ref idref="oc-ad"/>
      </symbol>
      <symbol id="sm-ff3">
         <name>__TI_int50</name>
         <value>0xfff4</value>
         <object_component_ref idref="oc-ae"/>
      </symbol>
      <symbol id="sm-ff6">
         <name>__TI_int51</name>
         <value>0xfff6</value>
         <object_component_ref idref="oc-af"/>
      </symbol>
      <symbol id="sm-ff9">
         <name>__TI_int52</name>
         <value>0xfff8</value>
         <object_component_ref idref="oc-b0"/>
      </symbol>
      <symbol id="sm-ffc">
         <name>__TI_int53</name>
         <value>0xfffa</value>
         <object_component_ref idref="oc-b1"/>
      </symbol>
      <symbol id="sm-fff">
         <name>__TI_int54</name>
         <value>0xfffc</value>
         <object_component_ref idref="oc-b2"/>
      </symbol>
      <symbol id="sm-1012">
         <name>__TI_zero_init</name>
         <value>0x15db6</value>
         <object_component_ref idref="oc-b3"/>
      </symbol>
      <symbol id="sm-1039">
         <name>__mspabi_addd</name>
         <value>0x1120c</value>
         <object_component_ref idref="oc-ad0"/>
      </symbol>
      <symbol id="sm-105a">
         <name>__TI_frcaddd</name>
         <value>0x11cb0</value>
         <object_component_ref idref="oc-cd1"/>
      </symbol>
      <symbol id="sm-106e">
         <name>__TI_renormd</name>
         <value>0x13f4c</value>
         <object_component_ref idref="oc-e56"/>
      </symbol>
      <symbol id="sm-1089">
         <name>__mspabi_subf</name>
         <value>0x12ac6</value>
         <object_component_ref idref="oc-e79"/>
      </symbol>
      <symbol id="sm-108a">
         <name>__mspabi_addf</name>
         <value>0x12acc</value>
         <object_component_ref idref="oc-e79"/>
      </symbol>
      <symbol id="sm-10a4">
         <name>__mspabi_cmpd</name>
         <value>0x13676</value>
         <object_component_ref idref="oc-ac1"/>
      </symbol>
      <symbol id="sm-10b4">
         <name>__mspabi_cmpf</name>
         <value>0x153ea</value>
         <object_component_ref idref="oc-a96"/>
      </symbol>
      <symbol id="sm-10cc">
         <name>__mspabi_cvtdf</name>
         <value>0x146fa</value>
         <object_component_ref idref="oc-7e5"/>
      </symbol>
      <symbol id="sm-10da">
         <name>__mspabi_cvtfd</name>
         <value>0x14e58</value>
         <object_component_ref idref="oc-aa4"/>
      </symbol>
      <symbol id="sm-10fb">
         <name>__mspabi_divd</name>
         <value>0x12130</value>
         <object_component_ref idref="oc-7df"/>
      </symbol>
      <symbol id="sm-1116">
         <name>__TI_frcdivd</name>
         <value>0x10ab8</value>
         <object_component_ref idref="oc-948"/>
      </symbol>
      <symbol id="sm-1128">
         <name>__mspabi_divf</name>
         <value>0x1466a</value>
         <object_component_ref idref="oc-7cf"/>
      </symbol>
      <symbol id="sm-1134">
         <name>__mspabi_remi</name>
         <value>0x15b3a</value>
         <object_component_ref idref="oc-e64"/>
      </symbol>
      <symbol id="sm-1135">
         <name>__mspabi_divi</name>
         <value>0x15b3a</value>
         <object_component_ref idref="oc-e64"/>
      </symbol>
      <symbol id="sm-1141">
         <name>__mspabi_remli</name>
         <value>0x155dc</value>
         <object_component_ref idref="oc-f2e"/>
      </symbol>
      <symbol id="sm-1142">
         <name>__mspabi_divli</name>
         <value>0x155dc</value>
         <object_component_ref idref="oc-f2e"/>
      </symbol>
      <symbol id="sm-114c">
         <name>__mspabi_remu</name>
         <value>0x160ac</value>
         <object_component_ref idref="oc-e27"/>
      </symbol>
      <symbol id="sm-114d">
         <name>__mspabi_divu</name>
         <value>0x160ac</value>
         <object_component_ref idref="oc-e27"/>
      </symbol>
      <symbol id="sm-115b">
         <name>__mspabi_remul</name>
         <value>0x15106</value>
         <object_component_ref idref="oc-f9b"/>
      </symbol>
      <symbol id="sm-115c">
         <name>__mspabi_divul</name>
         <value>0x15106</value>
         <object_component_ref idref="oc-f9b"/>
      </symbol>
      <symbol id="sm-1169">
         <name>__mspabi_fixdi</name>
         <value>0x15c0e</value>
         <object_component_ref idref="oc-ac7"/>
      </symbol>
      <symbol id="sm-1178">
         <name>__mspabi_fixdli</name>
         <value>0x14ebe</value>
         <object_component_ref idref="oc-cc7"/>
      </symbol>
      <symbol id="sm-1183">
         <name>__mspabi_fixdu</name>
         <value>0x160d6</value>
         <object_component_ref idref="oc-e31"/>
      </symbol>
      <symbol id="sm-1193">
         <name>__mspabi_fixdul</name>
         <value>0x14d20</value>
         <object_component_ref idref="oc-a58"/>
      </symbol>
      <symbol id="sm-11a5">
         <name>__mspabi_fixfi</name>
         <value>0x14df0</value>
         <object_component_ref idref="oc-a7f"/>
      </symbol>
      <symbol id="sm-11b5">
         <name>__mspabi_fixful</name>
         <value>0x15354</value>
         <object_component_ref idref="oc-7d4"/>
      </symbol>
      <symbol id="sm-11be">
         <name>__mspabi_fltid</name>
         <value>0x161d2</value>
         <object_component_ref idref="oc-a8a"/>
      </symbol>
      <symbol id="sm-11d7">
         <name>__mspabi_fltlid</name>
         <value>0x14492</value>
         <object_component_ref idref="oc-c91"/>
      </symbol>
      <symbol id="sm-11e2">
         <name>__mspabi_fltud</name>
         <value>0x1625e</value>
         <object_component_ref idref="oc-aad"/>
      </symbol>
      <symbol id="sm-11ed">
         <name>__mspabi_fltuf</name>
         <value>0x15dda</value>
         <object_component_ref idref="oc-e2c"/>
      </symbol>
      <symbol id="sm-1202">
         <name>__mspabi_fltuld</name>
         <value>0x1488c</value>
         <object_component_ref idref="oc-7d9"/>
      </symbol>
      <symbol id="sm-120e">
         <name>__mspabi_fltulf</name>
         <value>0x159f4</value>
         <object_component_ref idref="oc-7ca"/>
      </symbol>
      <symbol id="sm-122f">
         <name>__mspabi_mpyd</name>
         <value>0x11a4a</value>
         <object_component_ref idref="oc-ab5"/>
      </symbol>
      <symbol id="sm-123f">
         <name>__TI_frcmpyd</name>
         <value>0x117ca</value>
         <object_component_ref idref="oc-cbd"/>
      </symbol>
      <symbol id="sm-1256">
         <name>__mspabi_mpyf</name>
         <value>0x13e94</value>
         <object_component_ref idref="oc-cf9"/>
      </symbol>
      <symbol id="sm-125f">
         <name>__mspabi_mpyi_f5hw</name>
         <value>0x16052</value>
         <object_component_ref idref="oc-805"/>
      </symbol>
      <symbol id="sm-1268">
         <name>__mspabi_mpyl_f5hw</name>
         <value>0x15dfe</value>
         <object_component_ref idref="oc-b52"/>
      </symbol>
      <symbol id="sm-127b">
         <name>__mspabi_slll_9</name>
         <value>0x15672</value>
         <object_component_ref idref="oc-7a2"/>
      </symbol>
      <symbol id="sm-127c">
         <name>__mspabi_slll_8</name>
         <value>0x15676</value>
         <object_component_ref idref="oc-7a2"/>
      </symbol>
      <symbol id="sm-127d">
         <name>__mspabi_slll_7</name>
         <value>0x1567a</value>
         <object_component_ref idref="oc-7a2"/>
      </symbol>
      <symbol id="sm-127e">
         <name>__mspabi_slll_6</name>
         <value>0x1567e</value>
         <object_component_ref idref="oc-7a2"/>
      </symbol>
      <symbol id="sm-127f">
         <name>__mspabi_slll_5</name>
         <value>0x15682</value>
         <object_component_ref idref="oc-7a2"/>
      </symbol>
      <symbol id="sm-1280">
         <name>__mspabi_slll_4</name>
         <value>0x15686</value>
         <object_component_ref idref="oc-7a2"/>
      </symbol>
      <symbol id="sm-1281">
         <name>__mspabi_slll_3</name>
         <value>0x1568a</value>
         <object_component_ref idref="oc-7a2"/>
      </symbol>
      <symbol id="sm-1282">
         <name>__mspabi_slll_2</name>
         <value>0x1568e</value>
         <object_component_ref idref="oc-7a2"/>
      </symbol>
      <symbol id="sm-1283">
         <name>__mspabi_slll_1</name>
         <value>0x15692</value>
         <object_component_ref idref="oc-7a2"/>
      </symbol>
      <symbol id="sm-1284">
         <name>__mspabi_slll</name>
         <value>0x1614e</value>
         <object_component_ref idref="oc-c9b"/>
      </symbol>
      <symbol id="sm-1285">
         <name>__mspabi_slll_15</name>
         <value>0x1565a</value>
         <object_component_ref idref="oc-7a2"/>
      </symbol>
      <symbol id="sm-1286">
         <name>__mspabi_slll_14</name>
         <value>0x1565e</value>
         <object_component_ref idref="oc-7a2"/>
      </symbol>
      <symbol id="sm-1287">
         <name>__mspabi_slll_13</name>
         <value>0x15662</value>
         <object_component_ref idref="oc-7a2"/>
      </symbol>
      <symbol id="sm-1288">
         <name>__mspabi_slll_12</name>
         <value>0x15666</value>
         <object_component_ref idref="oc-7a2"/>
      </symbol>
      <symbol id="sm-1289">
         <name>__mspabi_slll_11</name>
         <value>0x1566a</value>
         <object_component_ref idref="oc-7a2"/>
      </symbol>
      <symbol id="sm-128a">
         <name>__mspabi_slll_10</name>
         <value>0x1566e</value>
         <object_component_ref idref="oc-7a2"/>
      </symbol>
      <symbol id="sm-1297">
         <name>__mspabi_sllll</name>
         <value>0x15806</value>
         <object_component_ref idref="oc-f42"/>
      </symbol>
      <symbol id="sm-12a7">
         <name>__mspabi_sral</name>
         <value>0x1613e</value>
         <object_component_ref idref="oc-cde"/>
      </symbol>
      <symbol id="sm-12a8">
         <name>__mspabi_sral_15</name>
         <value>0x1561c</value>
         <object_component_ref idref="oc-b57"/>
      </symbol>
      <symbol id="sm-12a9">
         <name>__mspabi_sral_14</name>
         <value>0x15620</value>
         <object_component_ref idref="oc-b57"/>
      </symbol>
      <symbol id="sm-12aa">
         <name>__mspabi_sral_13</name>
         <value>0x15624</value>
         <object_component_ref idref="oc-b57"/>
      </symbol>
      <symbol id="sm-12ab">
         <name>__mspabi_sral_12</name>
         <value>0x15628</value>
         <object_component_ref idref="oc-b57"/>
      </symbol>
      <symbol id="sm-12ac">
         <name>__mspabi_sral_11</name>
         <value>0x1562c</value>
         <object_component_ref idref="oc-b57"/>
      </symbol>
      <symbol id="sm-12ad">
         <name>__mspabi_sral_10</name>
         <value>0x15630</value>
         <object_component_ref idref="oc-b57"/>
      </symbol>
      <symbol id="sm-12ae">
         <name>__mspabi_sral_8</name>
         <value>0x15638</value>
         <object_component_ref idref="oc-b57"/>
      </symbol>
      <symbol id="sm-12af">
         <name>__mspabi_sral_9</name>
         <value>0x15634</value>
         <object_component_ref idref="oc-b57"/>
      </symbol>
      <symbol id="sm-12b0">
         <name>__mspabi_sral_6</name>
         <value>0x15640</value>
         <object_component_ref idref="oc-b57"/>
      </symbol>
      <symbol id="sm-12b1">
         <name>__mspabi_sral_7</name>
         <value>0x1563c</value>
         <object_component_ref idref="oc-b57"/>
      </symbol>
      <symbol id="sm-12b2">
         <name>__mspabi_sral_4</name>
         <value>0x15648</value>
         <object_component_ref idref="oc-b57"/>
      </symbol>
      <symbol id="sm-12b3">
         <name>__mspabi_sral_5</name>
         <value>0x15644</value>
         <object_component_ref idref="oc-b57"/>
      </symbol>
      <symbol id="sm-12b4">
         <name>__mspabi_sral_2</name>
         <value>0x15650</value>
         <object_component_ref idref="oc-b57"/>
      </symbol>
      <symbol id="sm-12b5">
         <name>__mspabi_sral_3</name>
         <value>0x1564c</value>
         <object_component_ref idref="oc-b57"/>
      </symbol>
      <symbol id="sm-12b6">
         <name>__mspabi_sral_1</name>
         <value>0x15654</value>
         <object_component_ref idref="oc-b57"/>
      </symbol>
      <symbol id="sm-12c6">
         <name>__mspabi_srll_8</name>
         <value>0x156b4</value>
         <object_component_ref idref="oc-941"/>
      </symbol>
      <symbol id="sm-12c7">
         <name>__mspabi_srll_9</name>
         <value>0x156b0</value>
         <object_component_ref idref="oc-941"/>
      </symbol>
      <symbol id="sm-12c8">
         <name>__mspabi_srll_6</name>
         <value>0x156bc</value>
         <object_component_ref idref="oc-941"/>
      </symbol>
      <symbol id="sm-12c9">
         <name>__mspabi_srll_7</name>
         <value>0x156b8</value>
         <object_component_ref idref="oc-941"/>
      </symbol>
      <symbol id="sm-12ca">
         <name>__mspabi_srll_4</name>
         <value>0x156c4</value>
         <object_component_ref idref="oc-941"/>
      </symbol>
      <symbol id="sm-12cb">
         <name>__mspabi_srll_5</name>
         <value>0x156c0</value>
         <object_component_ref idref="oc-941"/>
      </symbol>
      <symbol id="sm-12cc">
         <name>__mspabi_srll_2</name>
         <value>0x156cc</value>
         <object_component_ref idref="oc-941"/>
      </symbol>
      <symbol id="sm-12cd">
         <name>__mspabi_srll_3</name>
         <value>0x156c8</value>
         <object_component_ref idref="oc-941"/>
      </symbol>
      <symbol id="sm-12ce">
         <name>__mspabi_srll_1</name>
         <value>0x156d0</value>
         <object_component_ref idref="oc-941"/>
      </symbol>
      <symbol id="sm-12cf">
         <name>__mspabi_srll_15</name>
         <value>0x15698</value>
         <object_component_ref idref="oc-941"/>
      </symbol>
      <symbol id="sm-12d0">
         <name>__mspabi_srll_14</name>
         <value>0x1569c</value>
         <object_component_ref idref="oc-941"/>
      </symbol>
      <symbol id="sm-12d1">
         <name>__mspabi_srll_13</name>
         <value>0x156a0</value>
         <object_component_ref idref="oc-941"/>
      </symbol>
      <symbol id="sm-12d2">
         <name>__mspabi_srll_12</name>
         <value>0x156a4</value>
         <object_component_ref idref="oc-941"/>
      </symbol>
      <symbol id="sm-12d3">
         <name>__mspabi_srll_11</name>
         <value>0x156a8</value>
         <object_component_ref idref="oc-941"/>
      </symbol>
      <symbol id="sm-12d4">
         <name>__mspabi_srll_10</name>
         <value>0x156ac</value>
         <object_component_ref idref="oc-941"/>
      </symbol>
      <symbol id="sm-12d5">
         <name>__mspabi_srll</name>
         <value>0x1615e</value>
         <object_component_ref idref="oc-c7d"/>
      </symbol>
      <symbol id="sm-12df">
         <name>__mspabi_subd</name>
         <value>0x15990</value>
         <object_component_ref idref="oc-abb"/>
      </symbol>
      <symbol id="sm-12e7">
         <name>_stack</name>
         <value>0x3800</value>
         <object_component_ref idref="oc-6d9"/>
      </symbol>
      <symbol id="sm-12e8">
         <name>_reset_vector</name>
         <value>0xfffe</value>
         <object_component_ref idref="oc-6dc"/>
      </symbol>
      <symbol id="sm-130b">
         <name>_auto_init_hold_wdt</name>
         <value>0x1480a</value>
         <object_component_ref idref="oc-743"/>
      </symbol>
      <symbol id="sm-1315">
         <name>_c_int00_noargs_noexit_mpu</name>
         <value>0x48e0</value>
         <object_component_ref idref="oc-d7"/>
      </symbol>
      <symbol id="sm-131e">
         <name>__mpu_init</name>
         <value>0x15ae2</value>
         <object_component_ref idref="oc-756"/>
      </symbol>
      <symbol id="sm-1327">
         <name>_system_post_cinit</name>
         <value>0x1629e</value>
         <object_component_ref idref="oc-825"/>
      </symbol>
      <symbol id="sm-1330">
         <name>_system_pre_init</name>
         <value>0x1628e</value>
         <object_component_ref idref="oc-73d"/>
      </symbol>
      <symbol id="sm-133a">
         <name>C$$EXIT</name>
         <value>0x16264</value>
         <object_component_ref idref="oc-765"/>
      </symbol>
      <symbol id="sm-133b">
         <name>abort</name>
         <value>0x16264</value>
         <object_component_ref idref="oc-765"/>
      </symbol>
      <symbol id="sm-1347">
         <name>abs</name>
         <value>0x161de</value>
         <object_component_ref idref="oc-a84"/>
      </symbol>
      <symbol id="sm-135f">
         <name>copy_in</name>
         <value>0x14f24</value>
         <object_component_ref idref="oc-81f"/>
      </symbol>
      <symbol id="sm-1384">
         <name>floorl</name>
         <value>0x12352</value>
         <object_component_ref idref="oc-ad6"/>
      </symbol>
      <symbol id="sm-1385">
         <name>floor</name>
         <value>0x12352</value>
         <object_component_ref idref="oc-ad6"/>
      </symbol>
      <symbol id="sm-138e">
         <name>__mspabi_slli</name>
         <value>0x16224</value>
         <object_component_ref idref="oc-cd9"/>
      </symbol>
      <symbol id="sm-139c">
         <name>memcpy</name>
         <value>0x160c2</value>
         <object_component_ref idref="oc-6e8"/>
      </symbol>
      <symbol id="sm-13aa">
         <name>memset</name>
         <value>0x16096</value>
         <object_component_ref idref="oc-d46"/>
      </symbol>
      <symbol id="sm-13d8">
         <name>sqrtl</name>
         <value>0x114ec</value>
         <object_component_ref idref="oc-a90"/>
      </symbol>
      <symbol id="sm-13d9">
         <name>sqrt</name>
         <value>0x114ec</value>
         <object_component_ref idref="oc-a90"/>
      </symbol>
      <symbol id="sm-13e0">
         <name>errno</name>
         <value>0x293c</value>
         <object_component_ref idref="oc-c98"/>
      </symbol>
      <symbol id="sm-13ed">
         <name>strlen</name>
         <value>0x161c4</value>
         <object_component_ref idref="oc-d71"/>
      </symbol>
      <symbol id="sm-13fd">
         <name>strncpy</name>
         <value>0x15a26</value>
         <object_component_ref idref="oc-beb"/>
      </symbol>
      <symbol id="sm-1429">
         <name>vsnprintf</name>
         <value>0x1520a</value>
         <object_component_ref idref="oc-bc9"/>
      </symbol>
      <symbol id="sm-147b">
         <name>__TI_printfi_minimal</name>
         <value>0x13aa0</value>
         <object_component_ref idref="oc-d8c"/>
      </symbol>
      <symbol id="sm-148a">
         <name>memccpy</name>
         <value>0x15f5e</value>
         <object_component_ref idref="oc-f89"/>
      </symbol>
      <symbol id="sm-148f">
         <name>__TI_BINIT_Base</name>
         <value>0x0</value>
      </symbol>
      <symbol id="sm-1490">
         <name>__TI_BINIT_Limit</name>
         <value>0x0</value>
      </symbol>
      <symbol id="sm-1491">
         <name>__TI_INITARRAY_Base</name>
         <value>0x0</value>
      </symbol>
      <symbol id="sm-1492">
         <name>__TI_INITARRAY_Limit</name>
         <value>0x0</value>
      </symbol>
      <symbol id="sm-1493">
         <name>rt_OneStep</name>
         <value>0x10000</value>
      </symbol>
   </symbol_table>
   <title>Link successful</title>
</link_info>
