<?xml version="1.0"?>
<link_info>
   <banner>MSP430 Linker PC v16.9.7.LTS</banner>
   <copyright>Copyright (c) 2003-2017 Texas Instruments Incorporated</copyright>
   <link_time>0x5a934a00</link_time>
   <link_errors>0x0</link_errors>
   <output_file>MathLibrary_Test.out</output_file>
   <entry_point>
      <name>_c_int00_noargs_mpu</name>
      <address>0x4400</address>
   </entry_point>
   <input_file_list>
      <input_file id="fl-2">
         <path>.\</path>
         <kind>object</kind>
         <file>TestingCode.obj</file>
         <name>TestingCode.obj</name>
      </input_file>
      <input_file id="fl-3">
         <path>.\</path>
         <kind>object</kind>
         <file>dataArray.obj</file>
         <name>dataArray.obj</name>
      </input_file>
      <input_file id="fl-4">
         <path>.\</path>
         <kind>object</kind>
         <file>main.obj</file>
         <name>main.obj</name>
      </input_file>
      <input_file id="fl-b">
         <kind>object</kind>
         <file>&lt;internal&gt;</file>
         <name>&lt;internal&gt;</name>
      </input_file>
      <input_file id="fl-2b">
         <path>C:\ti\ccsv7\tools\compiler\ti-cgt-msp430_16.9.7.LTS\lib\</path>
         <kind>archive</kind>
         <file>rts430x_lc_rd_eabi.lib</file>
         <name>copy_decompress_lzss.obj</name>
      </input_file>
      <input_file id="fl-2c">
         <path>C:\ti\ccsv7\tools\compiler\ti-cgt-msp430_16.9.7.LTS\lib\</path>
         <kind>archive</kind>
         <file>rts430x_lc_rd_eabi.lib</file>
         <name>copy_decompress_none.obj</name>
      </input_file>
      <input_file id="fl-2d">
         <path>C:\ti\ccsv7\tools\compiler\ti-cgt-msp430_16.9.7.LTS\lib\</path>
         <kind>archive</kind>
         <file>rts430x_lc_rd_eabi.lib</file>
         <name>int18.obj</name>
      </input_file>
      <input_file id="fl-2e">
         <path>C:\ti\ccsv7\tools\compiler\ti-cgt-msp430_16.9.7.LTS\lib\</path>
         <kind>archive</kind>
         <file>rts430x_lc_rd_eabi.lib</file>
         <name>isr_trap.obj</name>
      </input_file>
      <input_file id="fl-2f">
         <path>C:\ti\ccsv7\tools\compiler\ti-cgt-msp430_16.9.7.LTS\lib\</path>
         <kind>archive</kind>
         <file>rts430x_lc_rd_eabi.lib</file>
         <name>int19.obj</name>
      </input_file>
      <input_file id="fl-30">
         <path>C:\ti\ccsv7\tools\compiler\ti-cgt-msp430_16.9.7.LTS\lib\</path>
         <kind>archive</kind>
         <file>rts430x_lc_rd_eabi.lib</file>
         <name>int20.obj</name>
      </input_file>
      <input_file id="fl-31">
         <path>C:\ti\ccsv7\tools\compiler\ti-cgt-msp430_16.9.7.LTS\lib\</path>
         <kind>archive</kind>
         <file>rts430x_lc_rd_eabi.lib</file>
         <name>int21.obj</name>
      </input_file>
      <input_file id="fl-32">
         <path>C:\ti\ccsv7\tools\compiler\ti-cgt-msp430_16.9.7.LTS\lib\</path>
         <kind>archive</kind>
         <file>rts430x_lc_rd_eabi.lib</file>
         <name>int22.obj</name>
      </input_file>
      <input_file id="fl-33">
         <path>C:\ti\ccsv7\tools\compiler\ti-cgt-msp430_16.9.7.LTS\lib\</path>
         <kind>archive</kind>
         <file>rts430x_lc_rd_eabi.lib</file>
         <name>int23.obj</name>
      </input_file>
      <input_file id="fl-34">
         <path>C:\ti\ccsv7\tools\compiler\ti-cgt-msp430_16.9.7.LTS\lib\</path>
         <kind>archive</kind>
         <file>rts430x_lc_rd_eabi.lib</file>
         <name>int24.obj</name>
      </input_file>
      <input_file id="fl-35">
         <path>C:\ti\ccsv7\tools\compiler\ti-cgt-msp430_16.9.7.LTS\lib\</path>
         <kind>archive</kind>
         <file>rts430x_lc_rd_eabi.lib</file>
         <name>int25.obj</name>
      </input_file>
      <input_file id="fl-36">
         <path>C:\ti\ccsv7\tools\compiler\ti-cgt-msp430_16.9.7.LTS\lib\</path>
         <kind>archive</kind>
         <file>rts430x_lc_rd_eabi.lib</file>
         <name>int26.obj</name>
      </input_file>
      <input_file id="fl-37">
         <path>C:\ti\ccsv7\tools\compiler\ti-cgt-msp430_16.9.7.LTS\lib\</path>
         <kind>archive</kind>
         <file>rts430x_lc_rd_eabi.lib</file>
         <name>int27.obj</name>
      </input_file>
      <input_file id="fl-38">
         <path>C:\ti\ccsv7\tools\compiler\ti-cgt-msp430_16.9.7.LTS\lib\</path>
         <kind>archive</kind>
         <file>rts430x_lc_rd_eabi.lib</file>
         <name>int28.obj</name>
      </input_file>
      <input_file id="fl-39">
         <path>C:\ti\ccsv7\tools\compiler\ti-cgt-msp430_16.9.7.LTS\lib\</path>
         <kind>archive</kind>
         <file>rts430x_lc_rd_eabi.lib</file>
         <name>int29.obj</name>
      </input_file>
      <input_file id="fl-3a">
         <path>C:\ti\ccsv7\tools\compiler\ti-cgt-msp430_16.9.7.LTS\lib\</path>
         <kind>archive</kind>
         <file>rts430x_lc_rd_eabi.lib</file>
         <name>int30.obj</name>
      </input_file>
      <input_file id="fl-3b">
         <path>C:\ti\ccsv7\tools\compiler\ti-cgt-msp430_16.9.7.LTS\lib\</path>
         <kind>archive</kind>
         <file>rts430x_lc_rd_eabi.lib</file>
         <name>int31.obj</name>
      </input_file>
      <input_file id="fl-3c">
         <path>C:\ti\ccsv7\tools\compiler\ti-cgt-msp430_16.9.7.LTS\lib\</path>
         <kind>archive</kind>
         <file>rts430x_lc_rd_eabi.lib</file>
         <name>int32.obj</name>
      </input_file>
      <input_file id="fl-3d">
         <path>C:\ti\ccsv7\tools\compiler\ti-cgt-msp430_16.9.7.LTS\lib\</path>
         <kind>archive</kind>
         <file>rts430x_lc_rd_eabi.lib</file>
         <name>int33.obj</name>
      </input_file>
      <input_file id="fl-3e">
         <path>C:\ti\ccsv7\tools\compiler\ti-cgt-msp430_16.9.7.LTS\lib\</path>
         <kind>archive</kind>
         <file>rts430x_lc_rd_eabi.lib</file>
         <name>int34.obj</name>
      </input_file>
      <input_file id="fl-3f">
         <path>C:\ti\ccsv7\tools\compiler\ti-cgt-msp430_16.9.7.LTS\lib\</path>
         <kind>archive</kind>
         <file>rts430x_lc_rd_eabi.lib</file>
         <name>int35.obj</name>
      </input_file>
      <input_file id="fl-40">
         <path>C:\ti\ccsv7\tools\compiler\ti-cgt-msp430_16.9.7.LTS\lib\</path>
         <kind>archive</kind>
         <file>rts430x_lc_rd_eabi.lib</file>
         <name>int36.obj</name>
      </input_file>
      <input_file id="fl-41">
         <path>C:\ti\ccsv7\tools\compiler\ti-cgt-msp430_16.9.7.LTS\lib\</path>
         <kind>archive</kind>
         <file>rts430x_lc_rd_eabi.lib</file>
         <name>int37.obj</name>
      </input_file>
      <input_file id="fl-42">
         <path>C:\ti\ccsv7\tools\compiler\ti-cgt-msp430_16.9.7.LTS\lib\</path>
         <kind>archive</kind>
         <file>rts430x_lc_rd_eabi.lib</file>
         <name>int38.obj</name>
      </input_file>
      <input_file id="fl-43">
         <path>C:\ti\ccsv7\tools\compiler\ti-cgt-msp430_16.9.7.LTS\lib\</path>
         <kind>archive</kind>
         <file>rts430x_lc_rd_eabi.lib</file>
         <name>int39.obj</name>
      </input_file>
      <input_file id="fl-44">
         <path>C:\ti\ccsv7\tools\compiler\ti-cgt-msp430_16.9.7.LTS\lib\</path>
         <kind>archive</kind>
         <file>rts430x_lc_rd_eabi.lib</file>
         <name>int40.obj</name>
      </input_file>
      <input_file id="fl-45">
         <path>C:\ti\ccsv7\tools\compiler\ti-cgt-msp430_16.9.7.LTS\lib\</path>
         <kind>archive</kind>
         <file>rts430x_lc_rd_eabi.lib</file>
         <name>int41.obj</name>
      </input_file>
      <input_file id="fl-46">
         <path>C:\ti\ccsv7\tools\compiler\ti-cgt-msp430_16.9.7.LTS\lib\</path>
         <kind>archive</kind>
         <file>rts430x_lc_rd_eabi.lib</file>
         <name>int42.obj</name>
      </input_file>
      <input_file id="fl-47">
         <path>C:\ti\ccsv7\tools\compiler\ti-cgt-msp430_16.9.7.LTS\lib\</path>
         <kind>archive</kind>
         <file>rts430x_lc_rd_eabi.lib</file>
         <name>int43.obj</name>
      </input_file>
      <input_file id="fl-48">
         <path>C:\ti\ccsv7\tools\compiler\ti-cgt-msp430_16.9.7.LTS\lib\</path>
         <kind>archive</kind>
         <file>rts430x_lc_rd_eabi.lib</file>
         <name>int44.obj</name>
      </input_file>
      <input_file id="fl-49">
         <path>C:\ti\ccsv7\tools\compiler\ti-cgt-msp430_16.9.7.LTS\lib\</path>
         <kind>archive</kind>
         <file>rts430x_lc_rd_eabi.lib</file>
         <name>int45.obj</name>
      </input_file>
      <input_file id="fl-4a">
         <path>C:\ti\ccsv7\tools\compiler\ti-cgt-msp430_16.9.7.LTS\lib\</path>
         <kind>archive</kind>
         <file>rts430x_lc_rd_eabi.lib</file>
         <name>int46.obj</name>
      </input_file>
      <input_file id="fl-4b">
         <path>C:\ti\ccsv7\tools\compiler\ti-cgt-msp430_16.9.7.LTS\lib\</path>
         <kind>archive</kind>
         <file>rts430x_lc_rd_eabi.lib</file>
         <name>int47.obj</name>
      </input_file>
      <input_file id="fl-4c">
         <path>C:\ti\ccsv7\tools\compiler\ti-cgt-msp430_16.9.7.LTS\lib\</path>
         <kind>archive</kind>
         <file>rts430x_lc_rd_eabi.lib</file>
         <name>int48.obj</name>
      </input_file>
      <input_file id="fl-4d">
         <path>C:\ti\ccsv7\tools\compiler\ti-cgt-msp430_16.9.7.LTS\lib\</path>
         <kind>archive</kind>
         <file>rts430x_lc_rd_eabi.lib</file>
         <name>int49.obj</name>
      </input_file>
      <input_file id="fl-4e">
         <path>C:\ti\ccsv7\tools\compiler\ti-cgt-msp430_16.9.7.LTS\lib\</path>
         <kind>archive</kind>
         <file>rts430x_lc_rd_eabi.lib</file>
         <name>int50.obj</name>
      </input_file>
      <input_file id="fl-4f">
         <path>C:\ti\ccsv7\tools\compiler\ti-cgt-msp430_16.9.7.LTS\lib\</path>
         <kind>archive</kind>
         <file>rts430x_lc_rd_eabi.lib</file>
         <name>int51.obj</name>
      </input_file>
      <input_file id="fl-50">
         <path>C:\ti\ccsv7\tools\compiler\ti-cgt-msp430_16.9.7.LTS\lib\</path>
         <kind>archive</kind>
         <file>rts430x_lc_rd_eabi.lib</file>
         <name>int52.obj</name>
      </input_file>
      <input_file id="fl-51">
         <path>C:\ti\ccsv7\tools\compiler\ti-cgt-msp430_16.9.7.LTS\lib\</path>
         <kind>archive</kind>
         <file>rts430x_lc_rd_eabi.lib</file>
         <name>int53.obj</name>
      </input_file>
      <input_file id="fl-52">
         <path>C:\ti\ccsv7\tools\compiler\ti-cgt-msp430_16.9.7.LTS\lib\</path>
         <kind>archive</kind>
         <file>rts430x_lc_rd_eabi.lib</file>
         <name>int54.obj</name>
      </input_file>
      <input_file id="fl-53">
         <path>C:\ti\ccsv7\tools\compiler\ti-cgt-msp430_16.9.7.LTS\lib\</path>
         <kind>archive</kind>
         <file>rts430x_lc_rd_eabi.lib</file>
         <name>copy_zero_init.obj</name>
      </input_file>
      <input_file id="fl-54">
         <path>C:\ti\ccsv7\tools\compiler\ti-cgt-msp430_16.9.7.LTS\lib\</path>
         <kind>archive</kind>
         <file>rts430x_lc_rd_eabi.lib</file>
         <name>div16u.obj</name>
      </input_file>
      <input_file id="fl-55">
         <path>C:\ti\ccsv7\tools\compiler\ti-cgt-msp430_16.9.7.LTS\lib\</path>
         <kind>archive</kind>
         <file>rts430x_lc_rd_eabi.lib</file>
         <name>mult16.obj</name>
      </input_file>
      <input_file id="fl-56">
         <path>C:\ti\ccsv7\tools\compiler\ti-cgt-msp430_16.9.7.LTS\lib\</path>
         <kind>archive</kind>
         <file>rts430x_lc_rd_eabi.lib</file>
         <name>mult16_f5hw.obj</name>
      </input_file>
      <input_file id="fl-57">
         <path>C:\ti\ccsv7\tools\compiler\ti-cgt-msp430_16.9.7.LTS\lib\</path>
         <kind>archive</kind>
         <file>rts430x_lc_rd_eabi.lib</file>
         <name>mult32_f5hw.obj</name>
      </input_file>
      <input_file id="fl-58">
         <path>C:\ti\ccsv7\tools\compiler\ti-cgt-msp430_16.9.7.LTS\lib\</path>
         <kind>archive</kind>
         <file>rts430x_lc_rd_eabi.lib</file>
         <name>mult64_f5hw.obj</name>
      </input_file>
      <input_file id="fl-59">
         <path>C:\ti\ccsv7\tools\compiler\ti-cgt-msp430_16.9.7.LTS\lib\</path>
         <kind>archive</kind>
         <file>rts430x_lc_rd_eabi.lib</file>
         <name>mult1632_f5hw.obj</name>
      </input_file>
      <input_file id="fl-5a">
         <path>C:\ti\ccsv7\tools\compiler\ti-cgt-msp430_16.9.7.LTS\lib\</path>
         <kind>archive</kind>
         <file>rts430x_lc_rd_eabi.lib</file>
         <name>mult3264_f5hw.obj</name>
      </input_file>
      <input_file id="fl-5b">
         <path>C:\ti\ccsv7\tools\compiler\ti-cgt-msp430_16.9.7.LTS\lib\</path>
         <kind>archive</kind>
         <file>rts430x_lc_rd_eabi.lib</file>
         <name>assert.obj</name>
      </input_file>
      <input_file id="fl-5c">
         <path>C:\ti\ccsv7\tools\compiler\ti-cgt-msp430_16.9.7.LTS\lib\</path>
         <kind>archive</kind>
         <file>rts430x_lc_rd_eabi.lib</file>
         <name>boot.obj</name>
      </input_file>
      <input_file id="fl-5d">
         <path>C:\ti\ccsv7\tools\compiler\ti-cgt-msp430_16.9.7.LTS\lib\</path>
         <kind>archive</kind>
         <file>rts430x_lc_rd_eabi.lib</file>
         <name>args_main.obj</name>
      </input_file>
      <input_file id="fl-5e">
         <path>C:\ti\ccsv7\tools\compiler\ti-cgt-msp430_16.9.7.LTS\lib\</path>
         <kind>archive</kind>
         <file>rts430x_lc_rd_eabi.lib</file>
         <name>autoinit_wdt.obj</name>
      </input_file>
      <input_file id="fl-5f">
         <path>C:\ti\ccsv7\tools\compiler\ti-cgt-msp430_16.9.7.LTS\lib\</path>
         <kind>archive</kind>
         <file>rts430x_lc_rd_eabi.lib</file>
         <name>boot_special.obj</name>
      </input_file>
      <input_file id="fl-60">
         <path>C:\ti\ccsv7\ccs_base\msp430\lib\FR59xx\</path>
         <kind>archive</kind>
         <file>MSPMPU_INIT_LIB_CCS_msp430_large_code_restricted_data.lib</file>
         <name>mpu_init.o</name>
      </input_file>
      <input_file id="fl-61">
         <path>C:\ti\ccsv7\tools\compiler\ti-cgt-msp430_16.9.7.LTS\lib\</path>
         <kind>archive</kind>
         <file>rts430x_lc_rd_eabi.lib</file>
         <name>defs.obj</name>
      </input_file>
      <input_file id="fl-62">
         <path>C:\ti\ccsv7\tools\compiler\ti-cgt-msp430_16.9.7.LTS\lib\</path>
         <kind>archive</kind>
         <file>rts430x_lc_rd_eabi.lib</file>
         <name>startup.obj</name>
      </input_file>
      <input_file id="fl-63">
         <path>C:\ti\ccsv7\tools\compiler\ti-cgt-msp430_16.9.7.LTS\lib\</path>
         <kind>archive</kind>
         <file>rts430x_lc_rd_eabi.lib</file>
         <name>pre_init.obj</name>
      </input_file>
      <input_file id="fl-64">
         <path>C:\ti\ccsv7\tools\compiler\ti-cgt-msp430_16.9.7.LTS\lib\</path>
         <kind>archive</kind>
         <file>rts430x_lc_rd_eabi.lib</file>
         <name>exit.obj</name>
      </input_file>
      <input_file id="fl-65">
         <path>C:\ti\ccsv7\tools\compiler\ti-cgt-msp430_16.9.7.LTS\lib\</path>
         <kind>archive</kind>
         <file>rts430x_lc_rd_eabi.lib</file>
         <name>exit_gvars.obj</name>
      </input_file>
      <input_file id="fl-66">
         <path>C:\ti\ccsv7\tools\compiler\ti-cgt-msp430_16.9.7.LTS\lib\</path>
         <kind>archive</kind>
         <file>rts430x_lc_rd_eabi.lib</file>
         <name>_lock.obj</name>
      </input_file>
      <input_file id="fl-67">
         <path>C:\ti\ccsv7\tools\compiler\ti-cgt-msp430_16.9.7.LTS\lib\</path>
         <kind>archive</kind>
         <file>rts430x_lc_rd_eabi.lib</file>
         <name>cpy_tbl.obj</name>
      </input_file>
      <input_file id="fl-68">
         <path>C:\ti\ccsv7\tools\compiler\ti-cgt-msp430_16.9.7.LTS\lib\</path>
         <kind>archive</kind>
         <file>rts430x_lc_rd_eabi.lib</file>
         <name>fflush.obj</name>
      </input_file>
      <input_file id="fl-69">
         <path>C:\ti\ccsv7\tools\compiler\ti-cgt-msp430_16.9.7.LTS\lib\</path>
         <kind>archive</kind>
         <file>rts430x_lc_rd_eabi.lib</file>
         <name>fputs.obj</name>
      </input_file>
      <input_file id="fl-6a">
         <path>C:\ti\ccsv7\tools\compiler\ti-cgt-msp430_16.9.7.LTS\lib\</path>
         <kind>archive</kind>
         <file>rts430x_lc_rd_eabi.lib</file>
         <name>_io_perm.obj</name>
      </input_file>
      <input_file id="fl-6b">
         <path>C:\ti\ccsv7\tools\compiler\ti-cgt-msp430_16.9.7.LTS\lib\</path>
         <kind>archive</kind>
         <file>rts430x_lc_rd_eabi.lib</file>
         <name>fseek.obj</name>
      </input_file>
      <input_file id="fl-6c">
         <path>C:\ti\ccsv7\tools\compiler\ti-cgt-msp430_16.9.7.LTS\lib\</path>
         <kind>archive</kind>
         <file>rts430x_lc_rd_eabi.lib</file>
         <name>lseek.obj</name>
      </input_file>
      <input_file id="fl-6d">
         <path>C:\ti\ccsv7\tools\compiler\ti-cgt-msp430_16.9.7.LTS\lib\</path>
         <kind>archive</kind>
         <file>rts430x_lc_rd_eabi.lib</file>
         <name>write.obj</name>
      </input_file>
      <input_file id="fl-6e">
         <path>C:\ti\ccsv7\tools\compiler\ti-cgt-msp430_16.9.7.LTS\lib\</path>
         <kind>archive</kind>
         <file>rts430x_lc_rd_eabi.lib</file>
         <name>hostclose.obj</name>
      </input_file>
      <input_file id="fl-6f">
         <path>C:\ti\ccsv7\tools\compiler\ti-cgt-msp430_16.9.7.LTS\lib\</path>
         <kind>archive</kind>
         <file>rts430x_lc_rd_eabi.lib</file>
         <name>hostlseek.obj</name>
      </input_file>
      <input_file id="fl-70">
         <path>C:\ti\ccsv7\tools\compiler\ti-cgt-msp430_16.9.7.LTS\lib\</path>
         <kind>archive</kind>
         <file>rts430x_lc_rd_eabi.lib</file>
         <name>hostopen.obj</name>
      </input_file>
      <input_file id="fl-71">
         <path>C:\ti\ccsv7\tools\compiler\ti-cgt-msp430_16.9.7.LTS\lib\</path>
         <kind>archive</kind>
         <file>rts430x_lc_rd_eabi.lib</file>
         <name>hostread.obj</name>
      </input_file>
      <input_file id="fl-72">
         <path>C:\ti\ccsv7\tools\compiler\ti-cgt-msp430_16.9.7.LTS\lib\</path>
         <kind>archive</kind>
         <file>rts430x_lc_rd_eabi.lib</file>
         <name>hostrename.obj</name>
      </input_file>
      <input_file id="fl-73">
         <path>C:\ti\ccsv7\tools\compiler\ti-cgt-msp430_16.9.7.LTS\lib\</path>
         <kind>archive</kind>
         <file>rts430x_lc_rd_eabi.lib</file>
         <name>hostunlink.obj</name>
      </input_file>
      <input_file id="fl-74">
         <path>C:\ti\ccsv7\tools\compiler\ti-cgt-msp430_16.9.7.LTS\lib\</path>
         <kind>archive</kind>
         <file>rts430x_lc_rd_eabi.lib</file>
         <name>hostwrite.obj</name>
      </input_file>
      <input_file id="fl-75">
         <path>C:\ti\ccsv7\tools\compiler\ti-cgt-msp430_16.9.7.LTS\lib\</path>
         <kind>archive</kind>
         <file>rts430x_lc_rd_eabi.lib</file>
         <name>trgmsg.obj</name>
      </input_file>
      <input_file id="fl-76">
         <path>C:\ti\ccsv7\tools\compiler\ti-cgt-msp430_16.9.7.LTS\lib\</path>
         <kind>archive</kind>
         <file>rts430x_lc_rd_eabi.lib</file>
         <name>lsl32.obj</name>
      </input_file>
      <input_file id="fl-77">
         <path>C:\ti\ccsv7\tools\compiler\ti-cgt-msp430_16.9.7.LTS\lib\</path>
         <kind>archive</kind>
         <file>rts430x_lc_rd_eabi.lib</file>
         <name>asr32.obj</name>
      </input_file>
      <input_file id="fl-78">
         <path>C:\ti\ccsv7\tools\compiler\ti-cgt-msp430_16.9.7.LTS\lib\</path>
         <kind>archive</kind>
         <file>rts430x_lc_rd_eabi.lib</file>
         <name>memchr.obj</name>
      </input_file>
      <input_file id="fl-79">
         <path>C:\ti\ccsv7\tools\compiler\ti-cgt-msp430_16.9.7.LTS\lib\</path>
         <kind>archive</kind>
         <file>rts430x_lc_rd_eabi.lib</file>
         <name>memcpy.obj</name>
      </input_file>
      <input_file id="fl-7a">
         <path>C:\ti\ccsv7\tools\compiler\ti-cgt-msp430_16.9.7.LTS\lib\</path>
         <kind>archive</kind>
         <file>rts430x_lc_rd_eabi.lib</file>
         <name>setvbuf.obj</name>
      </input_file>
      <input_file id="fl-7b">
         <path>C:\ti\ccsv7\tools\compiler\ti-cgt-msp430_16.9.7.LTS\lib\</path>
         <kind>archive</kind>
         <file>rts430x_lc_rd_eabi.lib</file>
         <name>fopen.obj</name>
      </input_file>
      <input_file id="fl-7c">
         <path>C:\ti\ccsv7\tools\compiler\ti-cgt-msp430_16.9.7.LTS\lib\</path>
         <kind>archive</kind>
         <file>rts430x_lc_rd_eabi.lib</file>
         <name>fclose.obj</name>
      </input_file>
      <input_file id="fl-7d">
         <path>C:\ti\ccsv7\tools\compiler\ti-cgt-msp430_16.9.7.LTS\lib\</path>
         <kind>archive</kind>
         <file>rts430x_lc_rd_eabi.lib</file>
         <name>close.obj</name>
      </input_file>
      <input_file id="fl-7e">
         <path>C:\ti\ccsv7\tools\compiler\ti-cgt-msp430_16.9.7.LTS\lib\</path>
         <kind>archive</kind>
         <file>rts430x_lc_rd_eabi.lib</file>
         <name>memory.obj</name>
      </input_file>
      <input_file id="fl-7f">
         <path>C:\ti\ccsv7\tools\compiler\ti-cgt-msp430_16.9.7.LTS\lib\</path>
         <kind>archive</kind>
         <file>rts430x_lc_rd_eabi.lib</file>
         <name>memset.obj</name>
      </input_file>
      <input_file id="fl-80">
         <path>C:\ti\ccsv7\tools\compiler\ti-cgt-msp430_16.9.7.LTS\lib\</path>
         <kind>archive</kind>
         <file>rts430x_lc_rd_eabi.lib</file>
         <name>open.obj</name>
      </input_file>
      <input_file id="fl-81">
         <path>C:\ti\ccsv7\tools\compiler\ti-cgt-msp430_16.9.7.LTS\lib\</path>
         <kind>archive</kind>
         <file>rts430x_lc_rd_eabi.lib</file>
         <name>div16s.obj</name>
      </input_file>
      <input_file id="fl-82">
         <path>C:\ti\ccsv7\tools\compiler\ti-cgt-msp430_16.9.7.LTS\lib\</path>
         <kind>archive</kind>
         <file>rts430x_lc_rd_eabi.lib</file>
         <name>getdevice.obj</name>
      </input_file>
      <input_file id="fl-83">
         <path>C:\ti\ccsv7\tools\compiler\ti-cgt-msp430_16.9.7.LTS\lib\</path>
         <kind>archive</kind>
         <file>rts430x_lc_rd_eabi.lib</file>
         <name>remove.obj</name>
      </input_file>
      <input_file id="fl-84">
         <path>C:\ti\ccsv7\tools\compiler\ti-cgt-msp430_16.9.7.LTS\lib\</path>
         <kind>archive</kind>
         <file>rts430x_lc_rd_eabi.lib</file>
         <name>strchr.obj</name>
      </input_file>
      <input_file id="fl-85">
         <path>C:\ti\ccsv7\tools\compiler\ti-cgt-msp430_16.9.7.LTS\lib\</path>
         <kind>archive</kind>
         <file>rts430x_lc_rd_eabi.lib</file>
         <name>strcmp.obj</name>
      </input_file>
      <input_file id="fl-86">
         <path>C:\ti\ccsv7\tools\compiler\ti-cgt-msp430_16.9.7.LTS\lib\</path>
         <kind>archive</kind>
         <file>rts430x_lc_rd_eabi.lib</file>
         <name>strcpy.obj</name>
      </input_file>
      <input_file id="fl-87">
         <path>C:\ti\ccsv7\tools\compiler\ti-cgt-msp430_16.9.7.LTS\lib\</path>
         <kind>archive</kind>
         <file>rts430x_lc_rd_eabi.lib</file>
         <name>strlen.obj</name>
      </input_file>
      <input_file id="fl-88">
         <path>C:\ti\ccsv7\tools\compiler\ti-cgt-msp430_16.9.7.LTS\lib\</path>
         <kind>archive</kind>
         <file>rts430x_lc_rd_eabi.lib</file>
         <name>strncpy.obj</name>
      </input_file>
      <input_file id="fl-89">
         <path>C:\ti\ccsv7\tools\compiler\ti-cgt-msp430_16.9.7.LTS\lib\</path>
         <kind>archive</kind>
         <file>rts430x_lc_rd_eabi.lib</file>
         <name>unlink.obj</name>
      </input_file>
   </input_file_list>
   <object_component_list>
      <object_component id="oc-9ba">
         <name>.cio</name>
         <uninitialized>true</uninitialized>
         <run_address>0x4000</run_address>
         <size>0x120</size>
         <input_file_ref idref="fl-75"/>
      </object_component>
      <object_component id="oc-6df">
         <name>.sysmem</name>
         <uninitialized>true</uninitialized>
         <run_address>0x4120</run_address>
         <size>0x6</size>
         <input_file_ref idref="fl-7e"/>
      </object_component>
      <object_component id="oc-a7b">
         <name>.sysmem</name>
         <uninitialized>true</uninitialized>
         <run_address>0x4120</run_address>
         <size>0x0</size>
      </object_component>
      <object_component id="oc-a79">
         <name>.cinit..data.load</name>
         <load_address>0x6154</load_address>
         <run_address>0x6154</run_address>
         <size>0x59</size>
      </object_component>
      <object_component id="oc-a76">
         <name>__TI_handler_table</name>
         <load_address>0x61ae</load_address>
         <run_address>0x61ae</run_address>
         <size>0xc</size>
      </object_component>
      <object_component id="oc-a78">
         <name>.cinit..bss.load</name>
         <load_address>0x61ba</load_address>
         <run_address>0x61ba</run_address>
         <size>0x6</size>
      </object_component>
      <object_component id="oc-a77">
         <name>__TI_cinit_table</name>
         <load_address>0x61c0</load_address>
         <run_address>0x61c0</run_address>
         <size>0x10</size>
      </object_component>
      <object_component id="oc-a0d">
         <name>.binit</name>
         <load_address>0x4000</load_address>
         <run_address>0x4000</run_address>
         <size>0x0</size>
      </object_component>
      <object_component id="oc-cd">
         <name>.text:_isr:_c_int00_noargs_mpu</name>
         <load_address>0x4400</load_address>
         <run_address>0x4400</run_address>
         <size>0x20</size>
         <input_file_ref idref="fl-5f"/>
      </object_component>
      <object_component id="oc-6fa">
         <name>.text:_isr:__TI_ISR_TRAP</name>
         <load_address>0x4420</load_address>
         <run_address>0x4420</run_address>
         <size>0x8</size>
         <input_file_ref idref="fl-2e"/>
      </object_component>
      <object_component id="oc-814">
         <name>.const:.string</name>
         <load_address>0x4428</load_address>
         <run_address>0x4428</run_address>
         <size>0x1d2c</size>
         <input_file_ref idref="fl-2"/>
      </object_component>
      <object_component id="oc-7c6">
         <name>.text:test_resetAvg_and_resetMinMax</name>
         <load_address>0x10000</load_address>
         <run_address>0x10000</run_address>
         <size>0x3f6</size>
         <input_file_ref idref="fl-2"/>
      </object_component>
      <object_component id="oc-790">
         <name>.text:test_reset</name>
         <load_address>0x103f6</load_address>
         <run_address>0x103f6</run_address>
         <size>0x288</size>
         <input_file_ref idref="fl-2"/>
      </object_component>
      <object_component id="oc-7ae">
         <name>.text:test_overloading_array_with_reset</name>
         <load_address>0x1067e</load_address>
         <run_address>0x1067e</run_address>
         <size>0x148</size>
         <input_file_ref idref="fl-2"/>
      </object_component>
      <object_component id="oc-7b4">
         <name>.text:test_multiple_handles</name>
         <load_address>0x107c6</load_address>
         <run_address>0x107c6</run_address>
         <size>0x144</size>
         <input_file_ref idref="fl-2"/>
      </object_component>
      <object_component id="oc-7a8">
         <name>.text:test_not_full_array_with_diff_numbers_with_reset</name>
         <load_address>0x1090a</load_address>
         <run_address>0x1090a</run_address>
         <size>0x114</size>
         <input_file_ref idref="fl-2"/>
      </object_component>
      <object_component id="oc-87a">
         <name>.text:fputs</name>
         <load_address>0x10a1e</load_address>
         <run_address>0x10a1e</run_address>
         <size>0xf0</size>
         <input_file_ref idref="fl-69"/>
      </object_component>
      <object_component id="oc-8d3">
         <name>.text:setvbuf</name>
         <load_address>0x10b0e</load_address>
         <run_address>0x10b0e</run_address>
         <size>0xde</size>
         <input_file_ref idref="fl-7a"/>
      </object_component>
      <object_component id="oc-796">
         <name>.text:test_overloading_array</name>
         <load_address>0x10bec</load_address>
         <run_address>0x10bec</run_address>
         <size>0xd2</size>
         <input_file_ref idref="fl-2"/>
      </object_component>
      <object_component id="oc-78a">
         <name>.text:test_fill_array</name>
         <load_address>0x10cbe</load_address>
         <run_address>0x10cbe</run_address>
         <size>0xcc</size>
         <input_file_ref idref="fl-2"/>
      </object_component>
      <object_component id="oc-8f9">
         <name>.text:malloc</name>
         <load_address>0x10d8a</load_address>
         <run_address>0x10d8a</run_address>
         <size>0xbc</size>
         <input_file_ref idref="fl-7e"/>
      </object_component>
      <object_component id="oc-834">
         <name>.text:addData</name>
         <load_address>0x10e46</load_address>
         <run_address>0x10e46</run_address>
         <size>0xb8</size>
         <input_file_ref idref="fl-3"/>
      </object_component>
      <object_component id="oc-956">
         <name>.text:HOSTlseek</name>
         <load_address>0x10efe</load_address>
         <run_address>0x10efe</run_address>
         <size>0xb4</size>
         <input_file_ref idref="fl-6f"/>
      </object_component>
      <object_component id="oc-7a2">
         <name>.text:test_not_full_array_with_diff_numbers</name>
         <load_address>0x10fb2</load_address>
         <run_address>0x10fb2</run_address>
         <size>0x96</size>
         <input_file_ref idref="fl-2"/>
      </object_component>
      <object_component id="oc-8f3">
         <name>.text:free</name>
         <load_address>0x11048</load_address>
         <run_address>0x11048</run_address>
         <size>0x8e</size>
         <input_file_ref idref="fl-7e"/>
      </object_component>
      <object_component id="oc-7c0">
         <name>.text:test_overflow_uint16</name>
         <load_address>0x110d6</load_address>
         <run_address>0x110d6</run_address>
         <size>0x8e</size>
         <input_file_ref idref="fl-2"/>
      </object_component>
      <object_component id="oc-79c">
         <name>.text:test_not_full_array_with_same_numbers</name>
         <load_address>0x11164</load_address>
         <run_address>0x11164</run_address>
         <size>0x8a</size>
         <input_file_ref idref="fl-2"/>
      </object_component>
      <object_component id="oc-7ba">
         <name>.text:test_1_before_overflow</name>
         <load_address>0x111ee</load_address>
         <run_address>0x111ee</run_address>
         <size>0x86</size>
         <input_file_ref idref="fl-2"/>
      </object_component>
      <object_component id="oc-70c">
         <name>.text:_auto_init_hold_wdt</name>
         <load_address>0x11274</load_address>
         <run_address>0x11274</run_address>
         <size>0x82</size>
         <input_file_ref idref="fl-5e"/>
      </object_component>
      <object_component id="oc-89f">
         <name>.text:__TI_wrt_ok</name>
         <load_address>0x112f6</load_address>
         <run_address>0x112f6</run_address>
         <size>0x7e</size>
         <input_file_ref idref="fl-6a"/>
      </object_component>
      <object_component id="oc-84">
         <name>.text:decompress:lzss:__TI_decompress_lzss</name>
         <load_address>0x11374</load_address>
         <run_address>0x11374</run_address>
         <size>0x76</size>
         <input_file_ref idref="fl-2b"/>
      </object_component>
      <object_component id="oc-962">
         <name>.text:HOSTrename</name>
         <load_address>0x113ea</load_address>
         <run_address>0x113ea</run_address>
         <size>0x74</size>
         <input_file_ref idref="fl-72"/>
      </object_component>
      <object_component id="oc-935">
         <name>.text:__TI_closefile</name>
         <load_address>0x1145e</load_address>
         <run_address>0x1145e</run_address>
         <size>0x74</size>
         <input_file_ref idref="fl-7c"/>
      </object_component>
      <object_component id="oc-784">
         <name>.text:test_adding_one_value</name>
         <load_address>0x114d2</load_address>
         <run_address>0x114d2</run_address>
         <size>0x72</size>
         <input_file_ref idref="fl-2"/>
      </object_component>
      <object_component id="oc-93e">
         <name>.text:HOSTopen</name>
         <load_address>0x11544</load_address>
         <run_address>0x11544</run_address>
         <size>0x70</size>
         <input_file_ref idref="fl-70"/>
      </object_component>
      <object_component id="oc-950">
         <name>.text:HOSTwrite</name>
         <load_address>0x115b4</load_address>
         <run_address>0x115b4</run_address>
         <size>0x6c</size>
         <input_file_ref idref="fl-74"/>
      </object_component>
      <object_component id="oc-94a">
         <name>.text:HOSTread</name>
         <load_address>0x11620</load_address>
         <run_address>0x11620</run_address>
         <size>0x6a</size>
         <input_file_ref idref="fl-71"/>
      </object_component>
      <object_component id="oc-8cd">
         <name>.text:fseek</name>
         <load_address>0x1168a</load_address>
         <run_address>0x1168a</run_address>
         <size>0x6a</size>
         <input_file_ref idref="fl-6b"/>
      </object_component>
      <object_component id="oc-8b1">
         <name>.text:__TI_doflush</name>
         <load_address>0x116f4</load_address>
         <run_address>0x116f4</run_address>
         <size>0x64</size>
         <input_file_ref idref="fl-68"/>
      </object_component>
      <object_component id="oc-757">
         <name>.text:copy_in</name>
         <load_address>0x11758</load_address>
         <run_address>0x11758</run_address>
         <size>0x64</size>
         <input_file_ref idref="fl-67"/>
      </object_component>
      <object_component id="oc-77e">
         <name>.text:test_initialization</name>
         <load_address>0x117bc</load_address>
         <run_address>0x117bc</run_address>
         <size>0x60</size>
         <input_file_ref idref="fl-2"/>
      </object_component>
      <object_component id="oc-971">
         <name>.text:close</name>
         <load_address>0x1181c</load_address>
         <run_address>0x1181c</run_address>
         <size>0x5a</size>
         <input_file_ref idref="fl-7d"/>
      </object_component>
      <object_component id="oc-9ae">
         <name>.text:getdevice</name>
         <load_address>0x11876</load_address>
         <run_address>0x11876</run_address>
         <size>0x5a</size>
         <input_file_ref idref="fl-82"/>
      </object_component>
      <object_component id="oc-880">
         <name>.text:fflush</name>
         <load_address>0x118d0</load_address>
         <run_address>0x118d0</run_address>
         <size>0x58</size>
         <input_file_ref idref="fl-68"/>
      </object_component>
      <object_component id="oc-808">
         <name>.text:init</name>
         <load_address>0x11928</load_address>
         <run_address>0x11928</run_address>
         <size>0x50</size>
         <input_file_ref idref="fl-3"/>
      </object_component>
      <object_component id="oc-944">
         <name>.text:HOSTclose</name>
         <load_address>0x11978</load_address>
         <run_address>0x11978</run_address>
         <size>0x4e</size>
         <input_file_ref idref="fl-6e"/>
      </object_component>
      <object_component id="oc-718">
         <name>.text:exit</name>
         <load_address>0x119c6</load_address>
         <run_address>0x119c6</run_address>
         <size>0x4a</size>
         <input_file_ref idref="fl-64"/>
      </object_component>
      <object_component id="oc-95c">
         <name>.text:HOSTunlink</name>
         <load_address>0x11a10</load_address>
         <run_address>0x11a10</run_address>
         <size>0x46</size>
         <input_file_ref idref="fl-73"/>
      </object_component>
      <object_component id="oc-92e">
         <name>.text:minit</name>
         <load_address>0x11a56</load_address>
         <run_address>0x11a56</run_address>
         <size>0x42</size>
         <input_file_ref idref="fl-7e"/>
      </object_component>
      <object_component id="oc-996">
         <name>.text:l_asr_const</name>
         <load_address>0x11a98</load_address>
         <run_address>0x11a98</run_address>
         <size>0x3e</size>
         <input_file_ref idref="fl-77"/>
      </object_component>
      <object_component id="oc-99b">
         <name>.text:l_lsl_const</name>
         <load_address>0x11ad6</load_address>
         <run_address>0x11ad6</run_address>
         <size>0x3e</size>
         <input_file_ref idref="fl-76"/>
      </object_component>
      <object_component id="oc-8eb">
         <name>.text:lseek</name>
         <load_address>0x11b14</load_address>
         <run_address>0x11b14</run_address>
         <size>0x3e</size>
         <input_file_ref idref="fl-6c"/>
      </object_component>
      <object_component id="oc-726">
         <name>.text:main</name>
         <load_address>0x11b52</load_address>
         <run_address>0x11b52</run_address>
         <size>0x3c</size>
         <input_file_ref idref="fl-4"/>
      </object_component>
      <object_component id="oc-8b7">
         <name>.text:write</name>
         <load_address>0x11b8e</load_address>
         <run_address>0x11b8e</run_address>
         <size>0x3c</size>
         <input_file_ref idref="fl-6d"/>
      </object_component>
      <object_component id="oc-81b">
         <name>.text:getSum</name>
         <load_address>0x11bca</load_address>
         <run_address>0x11bca</run_address>
         <size>0x3a</size>
         <input_file_ref idref="fl-3"/>
      </object_component>
      <object_component id="oc-8ff">
         <name>.text:__TI_cleanup</name>
         <load_address>0x11c04</load_address>
         <run_address>0x11c04</run_address>
         <size>0x36</size>
         <input_file_ref idref="fl-7b"/>
      </object_component>
      <object_component id="oc-983">
         <name>.text:__TI_writemsg</name>
         <load_address>0x11c3a</load_address>
         <run_address>0x11c3a</run_address>
         <size>0x36</size>
         <input_file_ref idref="fl-75"/>
      </object_component>
      <object_component id="oc-989">
         <name>.text:__TI_readmsg</name>
         <load_address>0x11c70</load_address>
         <run_address>0x11c70</run_address>
         <size>0x32</size>
         <input_file_ref idref="fl-75"/>
      </object_component>
      <object_component id="oc-9d8">
         <name>.text:strncpy</name>
         <load_address>0x11ca2</load_address>
         <run_address>0x11ca2</run_address>
         <size>0x32</size>
         <input_file_ref idref="fl-88"/>
      </object_component>
      <object_component id="oc-83c">
         <name>.text:resetAll</name>
         <load_address>0x11cd4</load_address>
         <run_address>0x11cd4</run_address>
         <size>0x30</size>
         <input_file_ref idref="fl-3"/>
      </object_component>
      <object_component id="oc-978">
         <name>.text:unlink</name>
         <load_address>0x11d04</load_address>
         <run_address>0x11d04</run_address>
         <size>0x30</size>
         <input_file_ref idref="fl-89"/>
      </object_component>
      <object_component id="oc-9de">
         <name>.text:finddevice</name>
         <load_address>0x11d34</load_address>
         <run_address>0x11d34</run_address>
         <size>0x2e</size>
         <input_file_ref idref="fl-82"/>
      </object_component>
      <object_component id="oc-80e">
         <name>.text:getAvg</name>
         <load_address>0x11d62</load_address>
         <run_address>0x11d62</run_address>
         <size>0x2e</size>
         <input_file_ref idref="fl-3"/>
      </object_component>
      <object_component id="oc-84b">
         <name>.text:resetAvg</name>
         <load_address>0x11d90</load_address>
         <run_address>0x11d90</run_address>
         <size>0x2e</size>
         <input_file_ref idref="fl-3"/>
      </object_component>
      <object_component id="oc-71f">
         <name>.text:__mpu_init</name>
         <load_address>0x11dbe</load_address>
         <run_address>0x11dbe</run_address>
         <size>0x2c</size>
         <input_file_ref idref="fl-60"/>
      </object_component>
      <object_component id="oc-b5">
         <name>.text:decompress:ZI:__TI_zero_init</name>
         <load_address>0x11dea</load_address>
         <run_address>0x11dea</run_address>
         <size>0x24</size>
         <input_file_ref idref="fl-53"/>
      </object_component>
      <object_component id="oc-851">
         <name>.text:resetMinMax</name>
         <load_address>0x11e0e</load_address>
         <run_address>0x11e0e</run_address>
         <size>0x20</size>
         <input_file_ref idref="fl-3"/>
      </object_component>
      <object_component id="oc-9d2">
         <name>.text:strchr</name>
         <load_address>0x11e2e</load_address>
         <run_address>0x11e2e</run_address>
         <size>0x1c</size>
         <input_file_ref idref="fl-84"/>
      </object_component>
      <object_component id="oc-9f7">
         <name>.text:strcmp</name>
         <load_address>0x11e4a</load_address>
         <run_address>0x11e4a</run_address>
         <size>0x1c</size>
         <input_file_ref idref="fl-85"/>
      </object_component>
      <object_component id="oc-815">
         <name>.text:_abort_msg</name>
         <load_address>0x11e66</load_address>
         <run_address>0x11e66</run_address>
         <size>0x1a</size>
         <input_file_ref idref="fl-5b"/>
      </object_component>
      <object_component id="oc-7d9">
         <name>.text</name>
         <load_address>0x11e80</load_address>
         <run_address>0x11e80</run_address>
         <size>0x18</size>
         <input_file_ref idref="fl-56"/>
      </object_component>
      <object_component id="oc-8ab">
         <name>.text:memchr</name>
         <load_address>0x11e98</load_address>
         <run_address>0x11e98</run_address>
         <size>0x16</size>
         <input_file_ref idref="fl-78"/>
      </object_component>
      <object_component id="oc-871">
         <name>.text</name>
         <load_address>0x11eae</load_address>
         <run_address>0x11eae</run_address>
         <size>0x16</size>
         <input_file_ref idref="fl-54"/>
      </object_component>
      <object_component id="oc-827">
         <name>.text:getMax</name>
         <load_address>0x11ec4</load_address>
         <run_address>0x11ec4</run_address>
         <size>0x14</size>
         <input_file_ref idref="fl-3"/>
      </object_component>
      <object_component id="oc-821">
         <name>.text:getMin</name>
         <load_address>0x11ed8</load_address>
         <run_address>0x11ed8</run_address>
         <size>0x14</size>
         <input_file_ref idref="fl-3"/>
      </object_component>
      <object_component id="oc-6ed">
         <name>.text:memcpy</name>
         <load_address>0x11eec</load_address>
         <run_address>0x11eec</run_address>
         <size>0x14</size>
         <input_file_ref idref="fl-79"/>
      </object_component>
      <object_component id="oc-8a">
         <name>.text:decompress:none:__TI_decompress_none</name>
         <load_address>0x11f00</load_address>
         <run_address>0x11f00</run_address>
         <size>0x12</size>
         <input_file_ref idref="fl-2c"/>
      </object_component>
      <object_component id="oc-9a4">
         <name>.text:strcpy</name>
         <load_address>0x11f12</load_address>
         <run_address>0x11f12</run_address>
         <size>0x12</size>
         <input_file_ref idref="fl-86"/>
      </object_component>
      <object_component id="oc-8a5">
         <name>.text:strlen</name>
         <load_address>0x11f24</load_address>
         <run_address>0x11f24</run_address>
         <size>0xe</size>
         <input_file_ref idref="fl-87"/>
      </object_component>
      <object_component id="oc-72e">
         <name>.text:abort</name>
         <load_address>0x11f32</load_address>
         <run_address>0x11f32</run_address>
         <size>0x6</size>
         <input_file_ref idref="fl-64"/>
      </object_component>
      <object_component id="oc-706">
         <name>.text:_system_pre_init</name>
         <load_address>0x11f38</load_address>
         <run_address>0x11f38</run_address>
         <size>0x4</size>
         <input_file_ref idref="fl-63"/>
      </object_component>
      <object_component id="oc-7f6">
         <name>.text:_nop</name>
         <load_address>0x11f3c</load_address>
         <run_address>0x11f3c</run_address>
         <size>0x2</size>
         <input_file_ref idref="fl-66"/>
      </object_component>
      <object_component id="oc-75d">
         <name>.text:_system_post_cinit</name>
         <load_address>0x11f3e</load_address>
         <run_address>0x11f3e</run_address>
         <size>0x2</size>
         <input_file_ref idref="fl-62"/>
      </object_component>
      <object_component id="oc-927">
         <name>.bss</name>
         <uninitialized>true</uninitialized>
         <run_address>0x1db8</run_address>
         <size>0xa</size>
         <input_file_ref idref="fl-7e"/>
      </object_component>
      <object_component id="oc-86d">
         <name>.common:bufferContainer</name>
         <uninitialized>true</uninitialized>
         <run_address>0x1c00</run_address>
         <size>0x118</size>
      </object_component>
      <object_component id="oc-977">
         <name>.common:__TI_tmpnams</name>
         <uninitialized>true</uninitialized>
         <run_address>0x1d18</run_address>
         <size>0xa0</size>
      </object_component>
      <object_component id="oc-980">
         <name>.common:parmbuf</name>
         <uninitialized>true</uninitialized>
         <run_address>0x1dc2</run_address>
         <size>0x8</size>
      </object_component>
      <object_component id="oc-86a">
         <name>.data</name>
         <load_address>0x1f56</load_address>
         <run_address>0x1f56</run_address>
         <size>0x2</size>
         <input_file_ref idref="fl-3"/>
      </object_component>
      <object_component id="oc-877">
         <name>.data:_ftable</name>
         <load_address>0x1dca</load_address>
         <run_address>0x1dca</run_address>
         <size>0xc8</size>
         <input_file_ref idref="fl-61"/>
      </object_component>
      <object_component id="oc-8bf">
         <name>.data</name>
         <load_address>0x1f58</load_address>
         <run_address>0x1f58</run_address>
         <size>0x2</size>
         <input_file_ref idref="fl-61"/>
      </object_component>
      <object_component id="oc-76c">
         <name>.data</name>
         <load_address>0x1f5a</load_address>
         <run_address>0x1f5a</run_address>
         <size>0x2</size>
         <input_file_ref idref="fl-64"/>
      </object_component>
      <object_component id="oc-775">
         <name>.data:__TI_cleanup_ptr</name>
         <load_address>0x1f46</load_address>
         <run_address>0x1f46</run_address>
         <size>0x4</size>
         <input_file_ref idref="fl-65"/>
      </object_component>
      <object_component id="oc-772">
         <name>.data:__TI_dtors_ptr</name>
         <load_address>0x1f4a</load_address>
         <run_address>0x1f4a</run_address>
         <size>0x4</size>
         <input_file_ref idref="fl-65"/>
      </object_component>
      <object_component id="oc-76f">
         <name>.data:_lock</name>
         <load_address>0x1f4e</load_address>
         <run_address>0x1f4e</run_address>
         <size>0x4</size>
         <input_file_ref idref="fl-66"/>
      </object_component>
      <object_component id="oc-778">
         <name>.data:_unlock</name>
         <load_address>0x1f52</load_address>
         <run_address>0x1f52</run_address>
         <size>0x4</size>
         <input_file_ref idref="fl-66"/>
      </object_component>
      <object_component id="oc-912">
         <name>.data:_device</name>
         <load_address>0x1e92</load_address>
         <run_address>0x1e92</run_address>
         <size>0x78</size>
         <input_file_ref idref="fl-6d"/>
      </object_component>
      <object_component id="oc-8e0">
         <name>.data:_stream</name>
         <load_address>0x1f0a</load_address>
         <run_address>0x1f0a</run_address>
         <size>0x3c</size>
         <input_file_ref idref="fl-6d"/>
      </object_component>
      <object_component id="oc-92b">
         <name>.data</name>
         <load_address>0x1f5c</load_address>
         <run_address>0x1f5c</run_address>
         <size>0x2</size>
         <input_file_ref idref="fl-7e"/>
      </object_component>
      <object_component id="oc-6db">
         <name>.stack</name>
         <uninitialized>true</uninitialized>
         <run_address>0x2b60</run_address>
         <size>0x4</size>
         <input_file_ref idref="fl-5c"/>
      </object_component>
      <object_component id="oc-a7a">
         <name>.stack</name>
         <uninitialized>true</uninitialized>
         <run_address>0x2b60</run_address>
         <size>0x0</size>
      </object_component>
      <object_component id="oc-90">
         <name>.int18</name>
         <load_address>0xffb4</load_address>
         <run_address>0xffb4</run_address>
         <size>0x2</size>
         <input_file_ref idref="fl-2d"/>
      </object_component>
      <object_component id="oc-91">
         <name>.int19</name>
         <load_address>0xffb6</load_address>
         <run_address>0xffb6</run_address>
         <size>0x2</size>
         <input_file_ref idref="fl-2f"/>
      </object_component>
      <object_component id="oc-92">
         <name>.int20</name>
         <load_address>0xffb8</load_address>
         <run_address>0xffb8</run_address>
         <size>0x2</size>
         <input_file_ref idref="fl-30"/>
      </object_component>
      <object_component id="oc-93">
         <name>.int21</name>
         <load_address>0xffba</load_address>
         <run_address>0xffba</run_address>
         <size>0x2</size>
         <input_file_ref idref="fl-31"/>
      </object_component>
      <object_component id="oc-94">
         <name>.int22</name>
         <load_address>0xffbc</load_address>
         <run_address>0xffbc</run_address>
         <size>0x2</size>
         <input_file_ref idref="fl-32"/>
      </object_component>
      <object_component id="oc-95">
         <name>.int23</name>
         <load_address>0xffbe</load_address>
         <run_address>0xffbe</run_address>
         <size>0x2</size>
         <input_file_ref idref="fl-33"/>
      </object_component>
      <object_component id="oc-96">
         <name>.int24</name>
         <load_address>0xffc0</load_address>
         <run_address>0xffc0</run_address>
         <size>0x2</size>
         <input_file_ref idref="fl-34"/>
      </object_component>
      <object_component id="oc-97">
         <name>.int25</name>
         <load_address>0xffc2</load_address>
         <run_address>0xffc2</run_address>
         <size>0x2</size>
         <input_file_ref idref="fl-35"/>
      </object_component>
      <object_component id="oc-98">
         <name>.int26</name>
         <load_address>0xffc4</load_address>
         <run_address>0xffc4</run_address>
         <size>0x2</size>
         <input_file_ref idref="fl-36"/>
      </object_component>
      <object_component id="oc-99">
         <name>.int27</name>
         <load_address>0xffc6</load_address>
         <run_address>0xffc6</run_address>
         <size>0x2</size>
         <input_file_ref idref="fl-37"/>
      </object_component>
      <object_component id="oc-9a">
         <name>.int28</name>
         <load_address>0xffc8</load_address>
         <run_address>0xffc8</run_address>
         <size>0x2</size>
         <input_file_ref idref="fl-38"/>
      </object_component>
      <object_component id="oc-9b">
         <name>.int29</name>
         <load_address>0xffca</load_address>
         <run_address>0xffca</run_address>
         <size>0x2</size>
         <input_file_ref idref="fl-39"/>
      </object_component>
      <object_component id="oc-9c">
         <name>.int30</name>
         <load_address>0xffcc</load_address>
         <run_address>0xffcc</run_address>
         <size>0x2</size>
         <input_file_ref idref="fl-3a"/>
      </object_component>
      <object_component id="oc-9d">
         <name>.int31</name>
         <load_address>0xffce</load_address>
         <run_address>0xffce</run_address>
         <size>0x2</size>
         <input_file_ref idref="fl-3b"/>
      </object_component>
      <object_component id="oc-9e">
         <name>.int32</name>
         <load_address>0xffd0</load_address>
         <run_address>0xffd0</run_address>
         <size>0x2</size>
         <input_file_ref idref="fl-3c"/>
      </object_component>
      <object_component id="oc-9f">
         <name>.int33</name>
         <load_address>0xffd2</load_address>
         <run_address>0xffd2</run_address>
         <size>0x2</size>
         <input_file_ref idref="fl-3d"/>
      </object_component>
      <object_component id="oc-a0">
         <name>.int34</name>
         <load_address>0xffd4</load_address>
         <run_address>0xffd4</run_address>
         <size>0x2</size>
         <input_file_ref idref="fl-3e"/>
      </object_component>
      <object_component id="oc-a1">
         <name>.int35</name>
         <load_address>0xffd6</load_address>
         <run_address>0xffd6</run_address>
         <size>0x2</size>
         <input_file_ref idref="fl-3f"/>
      </object_component>
      <object_component id="oc-a2">
         <name>.int36</name>
         <load_address>0xffd8</load_address>
         <run_address>0xffd8</run_address>
         <size>0x2</size>
         <input_file_ref idref="fl-40"/>
      </object_component>
      <object_component id="oc-a3">
         <name>.int37</name>
         <load_address>0xffda</load_address>
         <run_address>0xffda</run_address>
         <size>0x2</size>
         <input_file_ref idref="fl-41"/>
      </object_component>
      <object_component id="oc-a4">
         <name>.int38</name>
         <load_address>0xffdc</load_address>
         <run_address>0xffdc</run_address>
         <size>0x2</size>
         <input_file_ref idref="fl-42"/>
      </object_component>
      <object_component id="oc-a5">
         <name>.int39</name>
         <load_address>0xffde</load_address>
         <run_address>0xffde</run_address>
         <size>0x2</size>
         <input_file_ref idref="fl-43"/>
      </object_component>
      <object_component id="oc-a6">
         <name>.int40</name>
         <load_address>0xffe0</load_address>
         <run_address>0xffe0</run_address>
         <size>0x2</size>
         <input_file_ref idref="fl-44"/>
      </object_component>
      <object_component id="oc-a7">
         <name>.int41</name>
         <load_address>0xffe2</load_address>
         <run_address>0xffe2</run_address>
         <size>0x2</size>
         <input_file_ref idref="fl-45"/>
      </object_component>
      <object_component id="oc-a8">
         <name>.int42</name>
         <load_address>0xffe4</load_address>
         <run_address>0xffe4</run_address>
         <size>0x2</size>
         <input_file_ref idref="fl-46"/>
      </object_component>
      <object_component id="oc-a9">
         <name>.int43</name>
         <load_address>0xffe6</load_address>
         <run_address>0xffe6</run_address>
         <size>0x2</size>
         <input_file_ref idref="fl-47"/>
      </object_component>
      <object_component id="oc-aa">
         <name>.int44</name>
         <load_address>0xffe8</load_address>
         <run_address>0xffe8</run_address>
         <size>0x2</size>
         <input_file_ref idref="fl-48"/>
      </object_component>
      <object_component id="oc-ab">
         <name>.int45</name>
         <load_address>0xffea</load_address>
         <run_address>0xffea</run_address>
         <size>0x2</size>
         <input_file_ref idref="fl-49"/>
      </object_component>
      <object_component id="oc-ac">
         <name>.int46</name>
         <load_address>0xffec</load_address>
         <run_address>0xffec</run_address>
         <size>0x2</size>
         <input_file_ref idref="fl-4a"/>
      </object_component>
      <object_component id="oc-ad">
         <name>.int47</name>
         <load_address>0xffee</load_address>
         <run_address>0xffee</run_address>
         <size>0x2</size>
         <input_file_ref idref="fl-4b"/>
      </object_component>
      <object_component id="oc-ae">
         <name>.int48</name>
         <load_address>0xfff0</load_address>
         <run_address>0xfff0</run_address>
         <size>0x2</size>
         <input_file_ref idref="fl-4c"/>
      </object_component>
      <object_component id="oc-af">
         <name>.int49</name>
         <load_address>0xfff2</load_address>
         <run_address>0xfff2</run_address>
         <size>0x2</size>
         <input_file_ref idref="fl-4d"/>
      </object_component>
      <object_component id="oc-b0">
         <name>.int50</name>
         <load_address>0xfff4</load_address>
         <run_address>0xfff4</run_address>
         <size>0x2</size>
         <input_file_ref idref="fl-4e"/>
      </object_component>
      <object_component id="oc-b1">
         <name>.int51</name>
         <load_address>0xfff6</load_address>
         <run_address>0xfff6</run_address>
         <size>0x2</size>
         <input_file_ref idref="fl-4f"/>
      </object_component>
      <object_component id="oc-b2">
         <name>.int52</name>
         <load_address>0xfff8</load_address>
         <run_address>0xfff8</run_address>
         <size>0x2</size>
         <input_file_ref idref="fl-50"/>
      </object_component>
      <object_component id="oc-b3">
         <name>.int53</name>
         <load_address>0xfffa</load_address>
         <run_address>0xfffa</run_address>
         <size>0x2</size>
         <input_file_ref idref="fl-51"/>
      </object_component>
      <object_component id="oc-b4">
         <name>.int54</name>
         <load_address>0xfffc</load_address>
         <run_address>0xfffc</run_address>
         <size>0x2</size>
         <input_file_ref idref="fl-52"/>
      </object_component>
      <object_component id="oc-6de">
         <name>.reset</name>
         <load_address>0xfffe</load_address>
         <run_address>0xfffe</run_address>
         <size>0x2</size>
         <input_file_ref idref="fl-5c"/>
      </object_component>
      <object_component id="oc-82e">
         <name>.debug_info</name>
         <load_address>0x0</load_address>
         <run_address>0x0</run_address>
         <size>0x32a</size>
         <input_file_ref idref="fl-2"/>
      </object_component>
      <object_component id="oc-77f">
         <name>.debug_info</name>
         <load_address>0x32a</load_address>
         <run_address>0x32a</run_address>
         <size>0x1e7</size>
         <input_file_ref idref="fl-2"/>
      </object_component>
      <object_component id="oc-785">
         <name>.debug_info</name>
         <load_address>0x511</load_address>
         <run_address>0x511</run_address>
         <size>0x1f9</size>
         <input_file_ref idref="fl-2"/>
      </object_component>
      <object_component id="oc-78b">
         <name>.debug_info</name>
         <load_address>0x70a</load_address>
         <run_address>0x70a</run_address>
         <size>0x26b</size>
         <input_file_ref idref="fl-2"/>
      </object_component>
      <object_component id="oc-791">
         <name>.debug_info</name>
         <load_address>0x975</load_address>
         <run_address>0x975</run_address>
         <size>0x523</size>
         <input_file_ref idref="fl-2"/>
      </object_component>
      <object_component id="oc-797">
         <name>.debug_info</name>
         <load_address>0xe98</load_address>
         <run_address>0xe98</run_address>
         <size>0x285</size>
         <input_file_ref idref="fl-2"/>
      </object_component>
      <object_component id="oc-79d">
         <name>.debug_info</name>
         <load_address>0x111d</load_address>
         <run_address>0x111d</run_address>
         <size>0x251</size>
         <input_file_ref idref="fl-2"/>
      </object_component>
      <object_component id="oc-7a3">
         <name>.debug_info</name>
         <load_address>0x136e</load_address>
         <run_address>0x136e</run_address>
         <size>0x251</size>
         <input_file_ref idref="fl-2"/>
      </object_component>
      <object_component id="oc-7a9">
         <name>.debug_info</name>
         <load_address>0x15bf</load_address>
         <run_address>0x15bf</run_address>
         <size>0x323</size>
         <input_file_ref idref="fl-2"/>
      </object_component>
      <object_component id="oc-7af">
         <name>.debug_info</name>
         <load_address>0x18e2</load_address>
         <run_address>0x18e2</run_address>
         <size>0x35b</size>
         <input_file_ref idref="fl-2"/>
      </object_component>
      <object_component id="oc-7b5">
         <name>.debug_info</name>
         <load_address>0x1c3d</load_address>
         <run_address>0x1c3d</run_address>
         <size>0x352</size>
         <input_file_ref idref="fl-2"/>
      </object_component>
      <object_component id="oc-7bb">
         <name>.debug_info</name>
         <load_address>0x1f8f</load_address>
         <run_address>0x1f8f</run_address>
         <size>0x219</size>
         <input_file_ref idref="fl-2"/>
      </object_component>
      <object_component id="oc-7c1">
         <name>.debug_info</name>
         <load_address>0x21a8</load_address>
         <run_address>0x21a8</run_address>
         <size>0x223</size>
         <input_file_ref idref="fl-2"/>
      </object_component>
      <object_component id="oc-7c7">
         <name>.debug_info</name>
         <load_address>0x23cb</load_address>
         <run_address>0x23cb</run_address>
         <size>0x795</size>
         <input_file_ref idref="fl-2"/>
      </object_component>
      <object_component id="oc-6e8">
         <name>.debug_info</name>
         <load_address>0x2b60</load_address>
         <run_address>0x2b60</run_address>
         <size>0x84</size>
         <input_file_ref idref="fl-2"/>
      </object_component>
      <object_component id="oc-82f">
         <name>.debug_info</name>
         <load_address>0x2be4</load_address>
         <run_address>0x2be4</run_address>
         <size>0x18b</size>
         <input_file_ref idref="fl-2"/>
      </object_component>
      <object_component id="oc-86e">
         <name>.debug_info</name>
         <load_address>0x2d6f</load_address>
         <run_address>0x2d6f</run_address>
         <size>0x1c1</size>
         <input_file_ref idref="fl-3"/>
      </object_component>
      <object_component id="oc-86b">
         <name>.debug_info</name>
         <load_address>0x2f30</load_address>
         <run_address>0x2f30</run_address>
         <size>0xef</size>
         <input_file_ref idref="fl-3"/>
      </object_component>
      <object_component id="oc-809">
         <name>.debug_info</name>
         <load_address>0x301f</load_address>
         <run_address>0x301f</run_address>
         <size>0x1a0</size>
         <input_file_ref idref="fl-3"/>
      </object_component>
      <object_component id="oc-835">
         <name>.debug_info</name>
         <load_address>0x31bf</load_address>
         <run_address>0x31bf</run_address>
         <size>0x19a</size>
         <input_file_ref idref="fl-3"/>
      </object_component>
      <object_component id="oc-83d">
         <name>.debug_info</name>
         <load_address>0x3359</load_address>
         <run_address>0x3359</run_address>
         <size>0x163</size>
         <input_file_ref idref="fl-3"/>
      </object_component>
      <object_component id="oc-84c">
         <name>.debug_info</name>
         <load_address>0x34bc</load_address>
         <run_address>0x34bc</run_address>
         <size>0x163</size>
         <input_file_ref idref="fl-3"/>
      </object_component>
      <object_component id="oc-852">
         <name>.debug_info</name>
         <load_address>0x361f</load_address>
         <run_address>0x361f</run_address>
         <size>0x169</size>
         <input_file_ref idref="fl-3"/>
      </object_component>
      <object_component id="oc-81c">
         <name>.debug_info</name>
         <load_address>0x3788</load_address>
         <run_address>0x3788</run_address>
         <size>0x1ba</size>
         <input_file_ref idref="fl-3"/>
      </object_component>
      <object_component id="oc-80f">
         <name>.debug_info</name>
         <load_address>0x3942</load_address>
         <run_address>0x3942</run_address>
         <size>0x199</size>
         <input_file_ref idref="fl-3"/>
      </object_component>
      <object_component id="oc-822">
         <name>.debug_info</name>
         <load_address>0x3adb</load_address>
         <run_address>0x3adb</run_address>
         <size>0x163</size>
         <input_file_ref idref="fl-3"/>
      </object_component>
      <object_component id="oc-828">
         <name>.debug_info</name>
         <load_address>0x3c3e</load_address>
         <run_address>0x3c3e</run_address>
         <size>0x163</size>
         <input_file_ref idref="fl-3"/>
      </object_component>
      <object_component id="oc-895">
         <name>.debug_info</name>
         <load_address>0x3da1</load_address>
         <run_address>0x3da1</run_address>
         <size>0x102</size>
         <input_file_ref idref="fl-3"/>
      </object_component>
      <object_component id="oc-727">
         <name>.debug_info</name>
         <load_address>0x3ea3</load_address>
         <run_address>0x3ea3</run_address>
         <size>0x2d5</size>
         <input_file_ref idref="fl-4"/>
      </object_component>
      <object_component id="oc-744">
         <name>.debug_info</name>
         <load_address>0x4178</load_address>
         <run_address>0x4178</run_address>
         <size>0x170</size>
         <input_file_ref idref="fl-2b"/>
      </object_component>
      <object_component id="oc-85">
         <name>.debug_info</name>
         <load_address>0x42e8</load_address>
         <run_address>0x42e8</run_address>
         <size>0x245</size>
         <input_file_ref idref="fl-2b"/>
      </object_component>
      <object_component id="oc-6e3">
         <name>.debug_info</name>
         <load_address>0x452d</load_address>
         <run_address>0x452d</run_address>
         <size>0x60</size>
         <input_file_ref idref="fl-2b"/>
      </object_component>
      <object_component id="oc-73f">
         <name>.debug_info</name>
         <load_address>0x458d</load_address>
         <run_address>0x458d</run_address>
         <size>0x46</size>
         <input_file_ref idref="fl-2b"/>
      </object_component>
      <object_component id="oc-6f9">
         <name>.debug_info</name>
         <load_address>0x45d3</load_address>
         <run_address>0x45d3</run_address>
         <size>0x1c6</size>
         <input_file_ref idref="fl-2c"/>
      </object_component>
      <object_component id="oc-8b">
         <name>.debug_info</name>
         <load_address>0x4799</load_address>
         <run_address>0x4799</run_address>
         <size>0x1c8</size>
         <input_file_ref idref="fl-2c"/>
      </object_component>
      <object_component id="oc-6f4">
         <name>.debug_info</name>
         <load_address>0x4961</load_address>
         <run_address>0x4961</run_address>
         <size>0x46</size>
         <input_file_ref idref="fl-2c"/>
      </object_component>
      <object_component id="oc-74e">
         <name>.debug_info</name>
         <load_address>0x49a7</load_address>
         <run_address>0x49a7</run_address>
         <size>0x2c</size>
         <input_file_ref idref="fl-2c"/>
      </object_component>
      <object_component id="oc-6fd">
         <name>.debug_info</name>
         <load_address>0x49d3</load_address>
         <run_address>0x49d3</run_address>
         <size>0x107</size>
         <input_file_ref idref="fl-2e"/>
      </object_component>
      <object_component id="oc-705">
         <name>.debug_info</name>
         <load_address>0x4ada</load_address>
         <run_address>0x4ada</run_address>
         <size>0x174</size>
         <input_file_ref idref="fl-53"/>
      </object_component>
      <object_component id="oc-b6">
         <name>.debug_info</name>
         <load_address>0x4c4e</load_address>
         <run_address>0x4c4e</run_address>
         <size>0x1ba</size>
         <input_file_ref idref="fl-53"/>
      </object_component>
      <object_component id="oc-700">
         <name>.debug_info</name>
         <load_address>0x4e08</load_address>
         <run_address>0x4e08</run_address>
         <size>0x46</size>
         <input_file_ref idref="fl-53"/>
      </object_component>
      <object_component id="oc-872">
         <name>.debug_info</name>
         <load_address>0x4e4e</load_address>
         <run_address>0x4e4e</run_address>
         <size>0x119</size>
         <input_file_ref idref="fl-54"/>
      </object_component>
      <object_component id="oc-7da">
         <name>.debug_info</name>
         <load_address>0x4f67</load_address>
         <run_address>0x4f67</run_address>
         <size>0x128</size>
         <input_file_ref idref="fl-56"/>
      </object_component>
      <object_component id="oc-887">
         <name>.debug_info</name>
         <load_address>0x508f</load_address>
         <run_address>0x508f</run_address>
         <size>0x1f3</size>
         <input_file_ref idref="fl-5b"/>
      </object_component>
      <object_component id="oc-817">
         <name>.debug_info</name>
         <load_address>0x5282</load_address>
         <run_address>0x5282</run_address>
         <size>0x16c</size>
         <input_file_ref idref="fl-5b"/>
      </object_component>
      <object_component id="oc-8c6">
         <name>.debug_info</name>
         <load_address>0x53ee</load_address>
         <run_address>0x53ee</run_address>
         <size>0xae</size>
         <input_file_ref idref="fl-5b"/>
      </object_component>
      <object_component id="oc-6dc">
         <name>.debug_info</name>
         <load_address>0x549c</load_address>
         <run_address>0x549c</run_address>
         <size>0xf5</size>
         <input_file_ref idref="fl-5c"/>
      </object_component>
      <object_component id="oc-769">
         <name>.debug_info</name>
         <load_address>0x5591</load_address>
         <run_address>0x5591</run_address>
         <size>0x3f5</size>
         <input_file_ref idref="fl-5e"/>
      </object_component>
      <object_component id="oc-70e">
         <name>.debug_info</name>
         <load_address>0x5986</load_address>
         <run_address>0x5986</run_address>
         <size>0x21e</size>
         <input_file_ref idref="fl-5e"/>
      </object_component>
      <object_component id="oc-7e3">
         <name>.debug_info</name>
         <load_address>0x5ba4</load_address>
         <run_address>0x5ba4</run_address>
         <size>0x39</size>
         <input_file_ref idref="fl-5e"/>
      </object_component>
      <object_component id="oc-764">
         <name>.debug_info</name>
         <load_address>0x5bdd</load_address>
         <run_address>0x5bdd</run_address>
         <size>0x2c</size>
         <input_file_ref idref="fl-5e"/>
      </object_component>
      <object_component id="oc-7e8">
         <name>.debug_info</name>
         <load_address>0x5c09</load_address>
         <run_address>0x5c09</run_address>
         <size>0xcd</size>
         <input_file_ref idref="fl-5e"/>
      </object_component>
      <object_component id="oc-cf">
         <name>.debug_info</name>
         <load_address>0x5cd6</load_address>
         <run_address>0x5cd6</run_address>
         <size>0x1a0</size>
         <input_file_ref idref="fl-5f"/>
      </object_component>
      <object_component id="oc-720">
         <name>.debug_info</name>
         <load_address>0x5e76</load_address>
         <run_address>0x5e76</run_address>
         <size>0xf2</size>
         <input_file_ref idref="fl-60"/>
      </object_component>
      <object_component id="oc-89d">
         <name>.debug_info</name>
         <load_address>0x5f68</load_address>
         <run_address>0x5f68</run_address>
         <size>0x133</size>
         <input_file_ref idref="fl-61"/>
      </object_component>
      <object_component id="oc-878">
         <name>.debug_info</name>
         <load_address>0x609b</load_address>
         <run_address>0x609b</run_address>
         <size>0xf7</size>
         <input_file_ref idref="fl-61"/>
      </object_component>
      <object_component id="oc-8c0">
         <name>.debug_info</name>
         <load_address>0x6192</load_address>
         <run_address>0x6192</run_address>
         <size>0xff</size>
         <input_file_ref idref="fl-61"/>
      </object_component>
      <object_component id="oc-75f">
         <name>.debug_info</name>
         <load_address>0x6291</load_address>
         <run_address>0x6291</run_address>
         <size>0x145</size>
         <input_file_ref idref="fl-62"/>
      </object_component>
      <object_component id="oc-707">
         <name>.debug_info</name>
         <load_address>0x63d6</load_address>
         <run_address>0x63d6</run_address>
         <size>0x148</size>
         <input_file_ref idref="fl-63"/>
      </object_component>
      <object_component id="oc-77c">
         <name>.debug_info</name>
         <load_address>0x651e</load_address>
         <run_address>0x651e</run_address>
         <size>0x259</size>
         <input_file_ref idref="fl-64"/>
      </object_component>
      <object_component id="oc-76d">
         <name>.debug_info</name>
         <load_address>0x6777</load_address>
         <run_address>0x6777</run_address>
         <size>0x127</size>
         <input_file_ref idref="fl-64"/>
      </object_component>
      <object_component id="oc-730">
         <name>.debug_info</name>
         <load_address>0x689e</load_address>
         <run_address>0x689e</run_address>
         <size>0x117</size>
         <input_file_ref idref="fl-64"/>
      </object_component>
      <object_component id="oc-71b">
         <name>.debug_info</name>
         <load_address>0x69b5</load_address>
         <run_address>0x69b5</run_address>
         <size>0x18c</size>
         <input_file_ref idref="fl-64"/>
      </object_component>
      <object_component id="oc-801">
         <name>.debug_info</name>
         <load_address>0x6b41</load_address>
         <run_address>0x6b41</run_address>
         <size>0xf8</size>
         <input_file_ref idref="fl-65"/>
      </object_component>
      <object_component id="oc-776">
         <name>.debug_info</name>
         <load_address>0x6c39</load_address>
         <run_address>0x6c39</run_address>
         <size>0x10f</size>
         <input_file_ref idref="fl-65"/>
      </object_component>
      <object_component id="oc-773">
         <name>.debug_info</name>
         <load_address>0x6d48</load_address>
         <run_address>0x6d48</run_address>
         <size>0x10b</size>
         <input_file_ref idref="fl-65"/>
      </object_component>
      <object_component id="oc-7fe">
         <name>.debug_info</name>
         <load_address>0x6e53</load_address>
         <run_address>0x6e53</run_address>
         <size>0x15d</size>
         <input_file_ref idref="fl-66"/>
      </object_component>
      <object_component id="oc-770">
         <name>.debug_info</name>
         <load_address>0x6fb0</load_address>
         <run_address>0x6fb0</run_address>
         <size>0xf4</size>
         <input_file_ref idref="fl-66"/>
      </object_component>
      <object_component id="oc-779">
         <name>.debug_info</name>
         <load_address>0x70a4</load_address>
         <run_address>0x70a4</run_address>
         <size>0xf8</size>
         <input_file_ref idref="fl-66"/>
      </object_component>
      <object_component id="oc-7f7">
         <name>.debug_info</name>
         <load_address>0x719c</load_address>
         <run_address>0x719c</run_address>
         <size>0x123</size>
         <input_file_ref idref="fl-66"/>
      </object_component>
      <object_component id="oc-7df">
         <name>.debug_info</name>
         <load_address>0x72bf</load_address>
         <run_address>0x72bf</run_address>
         <size>0x266</size>
         <input_file_ref idref="fl-67"/>
      </object_component>
      <object_component id="oc-758">
         <name>.debug_info</name>
         <load_address>0x7525</load_address>
         <run_address>0x7525</run_address>
         <size>0x1b0</size>
         <input_file_ref idref="fl-67"/>
      </object_component>
      <object_component id="oc-860">
         <name>.debug_info</name>
         <load_address>0x76d5</load_address>
         <run_address>0x76d5</run_address>
         <size>0x2c</size>
         <input_file_ref idref="fl-67"/>
      </object_component>
      <object_component id="oc-747">
         <name>.debug_info</name>
         <load_address>0x7701</load_address>
         <run_address>0x7701</run_address>
         <size>0x2c</size>
         <input_file_ref idref="fl-67"/>
      </object_component>
      <object_component id="oc-8c3">
         <name>.debug_info</name>
         <load_address>0x772d</load_address>
         <run_address>0x772d</run_address>
         <size>0x21e</size>
         <input_file_ref idref="fl-68"/>
      </object_component>
      <object_component id="oc-8b2">
         <name>.debug_info</name>
         <load_address>0x794b</load_address>
         <run_address>0x794b</run_address>
         <size>0x179</size>
         <input_file_ref idref="fl-68"/>
      </object_component>
      <object_component id="oc-881">
         <name>.debug_info</name>
         <load_address>0x7ac4</load_address>
         <run_address>0x7ac4</run_address>
         <size>0x1bd</size>
         <input_file_ref idref="fl-68"/>
      </object_component>
      <object_component id="oc-8be">
         <name>.debug_info</name>
         <load_address>0x7c81</load_address>
         <run_address>0x7c81</run_address>
         <size>0x328</size>
         <input_file_ref idref="fl-69"/>
      </object_component>
      <object_component id="oc-87b">
         <name>.debug_info</name>
         <load_address>0x7fa9</load_address>
         <run_address>0x7fa9</run_address>
         <size>0x2bc</size>
         <input_file_ref idref="fl-69"/>
      </object_component>
      <object_component id="oc-8da">
         <name>.debug_info</name>
         <load_address>0x8265</load_address>
         <run_address>0x8265</run_address>
         <size>0x1c7</size>
         <input_file_ref idref="fl-6a"/>
      </object_component>
      <object_component id="oc-8a1">
         <name>.debug_info</name>
         <load_address>0x842c</load_address>
         <run_address>0x842c</run_address>
         <size>0x18b</size>
         <input_file_ref idref="fl-6a"/>
      </object_component>
      <object_component id="oc-907">
         <name>.debug_info</name>
         <load_address>0x85b7</load_address>
         <run_address>0x85b7</run_address>
         <size>0xbb</size>
         <input_file_ref idref="fl-6a"/>
      </object_component>
      <object_component id="oc-8f2">
         <name>.debug_info</name>
         <load_address>0x8672</load_address>
         <run_address>0x8672</run_address>
         <size>0x1fb</size>
         <input_file_ref idref="fl-6b"/>
      </object_component>
      <object_component id="oc-8d1">
         <name>.debug_info</name>
         <load_address>0x886d</load_address>
         <run_address>0x886d</run_address>
         <size>0x1de</size>
         <input_file_ref idref="fl-6b"/>
      </object_component>
      <object_component id="oc-91e">
         <name>.debug_info</name>
[...]
         <object_component_ref idref="oc-96"/>
      </symbol>
      <symbol id="sm-852">
         <name>__TI_int25</name>
         <value>0xffc2</value>
         <object_component_ref idref="oc-97"/>
      </symbol>
      <symbol id="sm-855">
         <name>__TI_int26</name>
         <value>0xffc4</value>
         <object_component_ref idref="oc-98"/>
      </symbol>
      <symbol id="sm-858">
         <name>__TI_int27</name>
         <value>0xffc6</value>
         <object_component_ref idref="oc-99"/>
      </symbol>
      <symbol id="sm-85b">
         <name>__TI_int28</name>
         <value>0xffc8</value>
         <object_component_ref idref="oc-9a"/>
      </symbol>
      <symbol id="sm-85e">
         <name>__TI_int29</name>
         <value>0xffca</value>
         <object_component_ref idref="oc-9b"/>
      </symbol>
      <symbol id="sm-861">
         <name>__TI_int30</name>
         <value>0xffcc</value>
         <object_component_ref idref="oc-9c"/>
      </symbol>
      <symbol id="sm-864">
         <name>__TI_int31</name>
         <value>0xffce</value>
         <object_component_ref idref="oc-9d"/>
      </symbol>
      <symbol id="sm-867">
         <name>__TI_int32</name>
         <value>0xffd0</value>
         <object_component_ref idref="oc-9e"/>
      </symbol>
      <symbol id="sm-86a">
         <name>__TI_int33</name>
         <value>0xffd2</value>
         <object_component_ref idref="oc-9f"/>
      </symbol>
      <symbol id="sm-86d">
         <name>__TI_int34</name>
         <value>0xffd4</value>
         <object_component_ref idref="oc-a0"/>
      </symbol>
      <symbol id="sm-870">
         <name>__TI_int35</name>
         <value>0xffd6</value>
         <object_component_ref idref="oc-a1"/>
      </symbol>
      <symbol id="sm-873">
         <name>__TI_int36</name>
         <value>0xffd8</value>
         <object_component_ref idref="oc-a2"/>
      </symbol>
      <symbol id="sm-876">
         <name>__TI_int37</name>
         <value>0xffda</value>
         <object_component_ref idref="oc-a3"/>
      </symbol>
      <symbol id="sm-879">
         <name>__TI_int38</name>
         <value>0xffdc</value>
         <object_component_ref idref="oc-a4"/>
      </symbol>
      <symbol id="sm-87c">
         <name>__TI_int39</name>
         <value>0xffde</value>
         <object_component_ref idref="oc-a5"/>
      </symbol>
      <symbol id="sm-87f">
         <name>__TI_int40</name>
         <value>0xffe0</value>
         <object_component_ref idref="oc-a6"/>
      </symbol>
      <symbol id="sm-882">
         <name>__TI_int41</name>
         <value>0xffe2</value>
         <object_component_ref idref="oc-a7"/>
      </symbol>
      <symbol id="sm-885">
         <name>__TI_int42</name>
         <value>0xffe4</value>
         <object_component_ref idref="oc-a8"/>
      </symbol>
      <symbol id="sm-888">
         <name>__TI_int43</name>
         <value>0xffe6</value>
         <object_component_ref idref="oc-a9"/>
      </symbol>
      <symbol id="sm-88b">
         <name>__TI_int44</name>
         <value>0xffe8</value>
         <object_component_ref idref="oc-aa"/>
      </symbol>
      <symbol id="sm-88e">
         <name>__TI_int45</name>
         <value>0xffea</value>
         <object_component_ref idref="oc-ab"/>
      </symbol>
      <symbol id="sm-891">
         <name>__TI_int46</name>
         <value>0xffec</value>
         <object_component_ref idref="oc-ac"/>
      </symbol>
      <symbol id="sm-894">
         <name>__TI_int47</name>
         <value>0xffee</value>
         <object_component_ref idref="oc-ad"/>
      </symbol>
      <symbol id="sm-897">
         <name>__TI_int48</name>
         <value>0xfff0</value>
         <object_component_ref idref="oc-ae"/>
      </symbol>
      <symbol id="sm-89a">
         <name>__TI_int49</name>
         <value>0xfff2</value>
         <object_component_ref idref="oc-af"/>
      </symbol>
      <symbol id="sm-89d">
         <name>__TI_int50</name>
         <value>0xfff4</value>
         <object_component_ref idref="oc-b0"/>
      </symbol>
      <symbol id="sm-8a0">
         <name>__TI_int51</name>
         <value>0xfff6</value>
         <object_component_ref idref="oc-b1"/>
      </symbol>
      <symbol id="sm-8a3">
         <name>__TI_int52</name>
         <value>0xfff8</value>
         <object_component_ref idref="oc-b2"/>
      </symbol>
      <symbol id="sm-8a6">
         <name>__TI_int53</name>
         <value>0xfffa</value>
         <object_component_ref idref="oc-b3"/>
      </symbol>
      <symbol id="sm-8a9">
         <name>__TI_int54</name>
         <value>0xfffc</value>
         <object_component_ref idref="oc-b4"/>
      </symbol>
      <symbol id="sm-8bc">
         <name>__TI_zero_init</name>
         <value>0x11dea</value>
         <object_component_ref idref="oc-b5"/>
      </symbol>
      <symbol id="sm-8c6">
         <name>__mspabi_remu</name>
         <value>0x11eae</value>
         <object_component_ref idref="oc-871"/>
      </symbol>
      <symbol id="sm-8c7">
         <name>__mspabi_divu</name>
         <value>0x11eae</value>
         <object_component_ref idref="oc-871"/>
      </symbol>
      <symbol id="sm-8d0">
         <name>__mspabi_mpyi_f5hw</name>
         <value>0x11e80</value>
         <object_component_ref idref="oc-7d9"/>
      </symbol>
      <symbol id="sm-8e5">
         <name>_abort_msg</name>
         <value>0x11e66</value>
         <object_component_ref idref="oc-815"/>
      </symbol>
      <symbol id="sm-8ed">
         <name>_stack</name>
         <value>0x2b60</value>
         <object_component_ref idref="oc-6db"/>
      </symbol>
      <symbol id="sm-8ee">
         <name>_reset_vector</name>
         <value>0xfffe</value>
         <object_component_ref idref="oc-6de"/>
      </symbol>
      <symbol id="sm-911">
         <name>_auto_init_hold_wdt</name>
         <value>0x11274</value>
         <object_component_ref idref="oc-70c"/>
      </symbol>
      <symbol id="sm-91b">
         <name>_c_int00_noargs_mpu</name>
         <value>0x4400</value>
         <object_component_ref idref="oc-cd"/>
      </symbol>
      <symbol id="sm-924">
         <name>__mpu_init</name>
         <value>0x11dbe</value>
         <object_component_ref idref="oc-71f"/>
      </symbol>
      <symbol id="sm-934">
         <name>__TI_tmpnams</name>
         <value>0x1d18</value>
      </symbol>
      <symbol id="sm-935">
         <name>_ftable</name>
         <value>0x1dca</value>
         <object_component_ref idref="oc-877"/>
      </symbol>
      <symbol id="sm-936">
         <name>__TI_ft_end</name>
         <value>0x1f58</value>
         <object_component_ref idref="oc-8bf"/>
      </symbol>
      <symbol id="sm-93f">
         <name>_system_post_cinit</name>
         <value>0x11f3e</value>
         <object_component_ref idref="oc-75d"/>
      </symbol>
      <symbol id="sm-948">
         <name>_system_pre_init</name>
         <value>0x11f38</value>
         <object_component_ref idref="oc-706"/>
      </symbol>
      <symbol id="sm-965">
         <name>C$$EXIT</name>
         <value>0x11f32</value>
         <object_component_ref idref="oc-72e"/>
      </symbol>
      <symbol id="sm-966">
         <name>abort</name>
         <value>0x11f32</value>
         <object_component_ref idref="oc-72e"/>
      </symbol>
      <symbol id="sm-967">
         <name>exit</name>
         <value>0x119c6</value>
         <object_component_ref idref="oc-718"/>
      </symbol>
      <symbol id="sm-968">
         <name>__TI_enable_exit_profile_output</name>
         <value>0x1f5a</value>
         <object_component_ref idref="oc-76c"/>
      </symbol>
      <symbol id="sm-977">
         <name>__TI_dtors_ptr</name>
         <value>0x1f4a</value>
         <object_component_ref idref="oc-772"/>
      </symbol>
      <symbol id="sm-978">
         <name>__TI_cleanup_ptr</name>
         <value>0x1f46</value>
         <object_component_ref idref="oc-775"/>
      </symbol>
      <symbol id="sm-98e">
         <name>_nop</name>
         <value>0x11f3c</value>
         <object_component_ref idref="oc-7f6"/>
      </symbol>
      <symbol id="sm-98f">
         <name>_lock</name>
         <value>0x1f4e</value>
         <object_component_ref idref="oc-76f"/>
      </symbol>
      <symbol id="sm-990">
         <name>_unlock</name>
         <value>0x1f52</value>
         <object_component_ref idref="oc-778"/>
      </symbol>
      <symbol id="sm-9ab">
         <name>copy_in</name>
         <value>0x11758</value>
         <object_component_ref idref="oc-757"/>
      </symbol>
      <symbol id="sm-9c7">
         <name>__TI_doflush</name>
         <value>0x116f4</value>
         <object_component_ref idref="oc-8b1"/>
      </symbol>
      <symbol id="sm-9c8">
         <name>fflush</name>
         <value>0x118d0</value>
         <object_component_ref idref="oc-880"/>
      </symbol>
      <symbol id="sm-9e0">
         <name>fputs</name>
         <value>0x10a1e</value>
         <object_component_ref idref="oc-87a"/>
      </symbol>
      <symbol id="sm-9f8">
         <name>__TI_wrt_ok</name>
         <value>0x112f6</value>
         <object_component_ref idref="oc-89f"/>
      </symbol>
      <symbol id="sm-a0d">
         <name>fseek</name>
         <value>0x1168a</value>
         <object_component_ref idref="oc-8cd"/>
      </symbol>
      <symbol id="sm-a20">
         <name>lseek</name>
         <value>0x11b14</value>
         <object_component_ref idref="oc-8eb"/>
      </symbol>
      <symbol id="sm-a38">
         <name>_stream</name>
         <value>0x1f0a</value>
         <object_component_ref idref="oc-8e0"/>
      </symbol>
      <symbol id="sm-a39">
         <name>_device</name>
         <value>0x1e92</value>
         <object_component_ref idref="oc-912"/>
      </symbol>
      <symbol id="sm-a3a">
         <name>write</name>
         <value>0x11b8e</value>
         <object_component_ref idref="oc-8b7"/>
      </symbol>
      <symbol id="sm-a46">
         <name>HOSTclose</name>
         <value>0x11978</value>
         <object_component_ref idref="oc-944"/>
      </symbol>
      <symbol id="sm-a52">
         <name>HOSTlseek</name>
         <value>0x10efe</value>
         <object_component_ref idref="oc-956"/>
      </symbol>
      <symbol id="sm-a60">
         <name>parmbuf</name>
         <value>0x1dc2</value>
      </symbol>
      <symbol id="sm-a61">
         <name>HOSTopen</name>
         <value>0x11544</value>
         <object_component_ref idref="oc-93e"/>
      </symbol>
      <symbol id="sm-a6e">
         <name>HOSTread</name>
         <value>0x11620</value>
         <object_component_ref idref="oc-94a"/>
      </symbol>
      <symbol id="sm-a7a">
         <name>HOSTrename</name>
         <value>0x113ea</value>
         <object_component_ref idref="oc-962"/>
      </symbol>
      <symbol id="sm-a86">
         <name>HOSTunlink</name>
         <value>0x11a10</value>
         <object_component_ref idref="oc-95c"/>
      </symbol>
      <symbol id="sm-a93">
         <name>HOSTwrite</name>
         <value>0x115b4</value>
         <object_component_ref idref="oc-950"/>
      </symbol>
      <symbol id="sm-ab1">
         <name>__TI_readmsg</name>
         <value>0x11c70</value>
         <object_component_ref idref="oc-989"/>
      </symbol>
      <symbol id="sm-ab2">
         <name>C$$IO$$</name>
         <value>0x11c6c</value>
         <object_component_ref idref="oc-983"/>
      </symbol>
      <symbol id="sm-ab3">
         <name>_CIOBUF_</name>
         <value>0x4000</value>
         <object_component_ref idref="oc-9ba"/>
      </symbol>
      <symbol id="sm-ab4">
         <name>__TI_writemsg</name>
         <value>0x11c3a</value>
         <object_component_ref idref="oc-983"/>
      </symbol>
      <symbol id="sm-abc">
         <name>__mspabi_slll_9</name>
         <value>0x11aee</value>
         <object_component_ref idref="oc-99b"/>
      </symbol>
      <symbol id="sm-abd">
         <name>__mspabi_slll_8</name>
         <value>0x11af2</value>
         <object_component_ref idref="oc-99b"/>
      </symbol>
      <symbol id="sm-abe">
         <name>__mspabi_slll_7</name>
         <value>0x11af6</value>
         <object_component_ref idref="oc-99b"/>
      </symbol>
      <symbol id="sm-abf">
         <name>__mspabi_slll_6</name>
         <value>0x11afa</value>
         <object_component_ref idref="oc-99b"/>
      </symbol>
      <symbol id="sm-ac0">
         <name>__mspabi_slll_5</name>
         <value>0x11afe</value>
         <object_component_ref idref="oc-99b"/>
      </symbol>
      <symbol id="sm-ac1">
         <name>__mspabi_slll_4</name>
         <value>0x11b02</value>
         <object_component_ref idref="oc-99b"/>
      </symbol>
      <symbol id="sm-ac2">
         <name>__mspabi_slll_3</name>
         <value>0x11b06</value>
         <object_component_ref idref="oc-99b"/>
      </symbol>
      <symbol id="sm-ac3">
         <name>__mspabi_slll_2</name>
         <value>0x11b0a</value>
         <object_component_ref idref="oc-99b"/>
      </symbol>
      <symbol id="sm-ac4">
         <name>__mspabi_slll_1</name>
         <value>0x11b0e</value>
         <object_component_ref idref="oc-99b"/>
      </symbol>
      <symbol id="sm-ac5">
         <name>__mspabi_slll_15</name>
         <value>0x11ad6</value>
         <object_component_ref idref="oc-99b"/>
      </symbol>
      <symbol id="sm-ac6">
         <name>__mspabi_slll_14</name>
         <value>0x11ada</value>
         <object_component_ref idref="oc-99b"/>
      </symbol>
      <symbol id="sm-ac7">
         <name>__mspabi_slll_13</name>
         <value>0x11ade</value>
         <object_component_ref idref="oc-99b"/>
      </symbol>
      <symbol id="sm-ac8">
         <name>__mspabi_slll_12</name>
         <value>0x11ae2</value>
         <object_component_ref idref="oc-99b"/>
      </symbol>
      <symbol id="sm-ac9">
         <name>__mspabi_slll_11</name>
         <value>0x11ae6</value>
         <object_component_ref idref="oc-99b"/>
      </symbol>
      <symbol id="sm-aca">
         <name>__mspabi_slll_10</name>
         <value>0x11aea</value>
         <object_component_ref idref="oc-99b"/>
      </symbol>
      <symbol id="sm-ad2">
         <name>__mspabi_sral_15</name>
         <value>0x11a98</value>
         <object_component_ref idref="oc-996"/>
      </symbol>
      <symbol id="sm-ad3">
         <name>__mspabi_sral_14</name>
         <value>0x11a9c</value>
         <object_component_ref idref="oc-996"/>
      </symbol>
      <symbol id="sm-ad4">
         <name>__mspabi_sral_13</name>
         <value>0x11aa0</value>
         <object_component_ref idref="oc-996"/>
      </symbol>
      <symbol id="sm-ad5">
         <name>__mspabi_sral_12</name>
         <value>0x11aa4</value>
         <object_component_ref idref="oc-996"/>
      </symbol>
      <symbol id="sm-ad6">
         <name>__mspabi_sral_11</name>
         <value>0x11aa8</value>
         <object_component_ref idref="oc-996"/>
      </symbol>
      <symbol id="sm-ad7">
         <name>__mspabi_sral_10</name>
         <value>0x11aac</value>
         <object_component_ref idref="oc-996"/>
      </symbol>
      <symbol id="sm-ad8">
         <name>__mspabi_sral_8</name>
         <value>0x11ab4</value>
         <object_component_ref idref="oc-996"/>
      </symbol>
      <symbol id="sm-ad9">
         <name>__mspabi_sral_9</name>
         <value>0x11ab0</value>
         <object_component_ref idref="oc-996"/>
      </symbol>
      <symbol id="sm-ada">
         <name>__mspabi_sral_6</name>
         <value>0x11abc</value>
         <object_component_ref idref="oc-996"/>
      </symbol>
      <symbol id="sm-adb">
         <name>__mspabi_sral_7</name>
         <value>0x11ab8</value>
         <object_component_ref idref="oc-996"/>
      </symbol>
      <symbol id="sm-adc">
         <name>__mspabi_sral_4</name>
         <value>0x11ac4</value>
         <object_component_ref idref="oc-996"/>
      </symbol>
      <symbol id="sm-add">
         <name>__mspabi_sral_5</name>
         <value>0x11ac0</value>
         <object_component_ref idref="oc-996"/>
      </symbol>
      <symbol id="sm-ade">
         <name>__mspabi_sral_2</name>
         <value>0x11acc</value>
         <object_component_ref idref="oc-996"/>
      </symbol>
      <symbol id="sm-adf">
         <name>__mspabi_sral_3</name>
         <value>0x11ac8</value>
         <object_component_ref idref="oc-996"/>
      </symbol>
      <symbol id="sm-ae0">
         <name>__mspabi_sral_1</name>
         <value>0x11ad0</value>
         <object_component_ref idref="oc-996"/>
      </symbol>
      <symbol id="sm-aef">
         <name>memchr</name>
         <value>0x11e98</value>
         <object_component_ref idref="oc-8ab"/>
      </symbol>
      <symbol id="sm-afd">
         <name>memcpy</name>
         <value>0x11eec</value>
         <object_component_ref idref="oc-6ed"/>
      </symbol>
      <symbol id="sm-b15">
         <name>setvbuf</name>
         <value>0x10b0e</value>
         <object_component_ref idref="oc-8d3"/>
      </symbol>
      <symbol id="sm-b21">
         <name>__TI_cleanup</name>
         <value>0x11c04</value>
         <object_component_ref idref="oc-8ff"/>
      </symbol>
      <symbol id="sm-b32">
         <name>__TI_closefile</name>
         <value>0x1145e</value>
         <object_component_ref idref="oc-935"/>
      </symbol>
      <symbol id="sm-b44">
         <name>close</name>
         <value>0x1181c</value>
         <object_component_ref idref="oc-971"/>
      </symbol>
      <symbol id="sm-b93">
         <name>_sys_memory</name>
         <value>0x4120</value>
         <object_component_ref idref="oc-6df"/>
      </symbol>
      <symbol id="sm-b94">
         <name>free</name>
         <value>0x11048</value>
         <object_component_ref idref="oc-8f3"/>
      </symbol>
      <symbol id="sm-b95">
         <name>malloc</name>
         <value>0x10d8a</value>
         <object_component_ref idref="oc-8f9"/>
      </symbol>
      <symbol id="sm-b96">
         <name>minit</name>
         <value>0x11a56</value>
         <object_component_ref idref="oc-92e"/>
      </symbol>
      <symbol id="sm-bbd">
         <name>finddevice</name>
         <value>0x11d34</value>
         <object_component_ref idref="oc-9de"/>
      </symbol>
      <symbol id="sm-bbe">
         <name>getdevice</name>
         <value>0x11876</value>
         <object_component_ref idref="oc-9ae"/>
      </symbol>
      <symbol id="sm-bce">
         <name>strchr</name>
         <value>0x11e2e</value>
         <object_component_ref idref="oc-9d2"/>
      </symbol>
      <symbol id="sm-bdc">
         <name>strcmp</name>
         <value>0x11e4a</value>
         <object_component_ref idref="oc-9f7"/>
      </symbol>
      <symbol id="sm-be9">
         <name>strcpy</name>
         <value>0x11f12</value>
         <object_component_ref idref="oc-9a4"/>
      </symbol>
      <symbol id="sm-bf6">
         <name>strlen</name>
         <value>0x11f24</value>
         <object_component_ref idref="oc-8a5"/>
      </symbol>
      <symbol id="sm-c06">
         <name>strncpy</name>
         <value>0x11ca2</value>
         <object_component_ref idref="oc-9d8"/>
      </symbol>
      <symbol id="sm-c12">
         <name>unlink</name>
         <value>0x11d04</value>
         <object_component_ref idref="oc-978"/>
      </symbol>
      <symbol id="sm-c17">
         <name>__TI_BINIT_Base</name>
         <value>0x0</value>
      </symbol>
      <symbol id="sm-c18">
         <name>__TI_BINIT_Limit</name>
         <value>0x0</value>
      </symbol>
      <symbol id="sm-c19">
         <name>__TI_INITARRAY_Base</name>
         <value>0x0</value>
      </symbol>
      <symbol id="sm-c1a">
         <name>__TI_INITARRAY_Limit</name>
         <value>0x0</value>
      </symbol>
      <symbol id="sm-c1b">
         <name>remove</name>
         <value>0x11d04</value>
      </symbol>
   </symbol_table>
   <title>Link successful</title>
</link_info>
